Component: ARM Compiler 5.06 update 4 (build 422) Tool: armlink [4d35d2]

==============================================================================

Section Cross References

    stm32f4xx_adc.o(i.ADC_DeInit) refers to stm32f4xx_rcc.o(i.RCC_APB2PeriphResetCmd) for RCC_APB2PeriphResetCmd
    stm32f4xx_can.o(i.CAN_DeInit) refers to stm32f4xx_rcc.o(i.RCC_APB1PeriphResetCmd) for RCC_APB1PeriphResetCmd
    stm32f4xx_cryp.o(i.CRYP_DeInit) refers to stm32f4xx_rcc.o(i.RCC_AHB2PeriphResetCmd) for RCC_AHB2PeriphResetCmd
    stm32f4xx_cryp_aes.o(i.CRYP_AES_CBC) refers to stm32f4xx_cryp.o(i.CRYP_KeyStructInit) for CRYP_KeyStructInit
    stm32f4xx_cryp_aes.o(i.CRYP_AES_CBC) refers to stm32f4xx_cryp.o(i.CRYP_KeyInit) for CRYP_KeyInit
    stm32f4xx_cryp_aes.o(i.CRYP_AES_CBC) refers to stm32f4xx_cryp.o(i.CRYP_Init) for CRYP_Init
    stm32f4xx_cryp_aes.o(i.CRYP_AES_CBC) refers to stm32f4xx_cryp.o(i.CRYP_IVInit) for CRYP_IVInit
    stm32f4xx_cryp_aes.o(i.CRYP_AES_CBC) refers to stm32f4xx_cryp.o(i.CRYP_FIFOFlush) for CRYP_FIFOFlush
    stm32f4xx_cryp_aes.o(i.CRYP_AES_CBC) refers to stm32f4xx_cryp.o(i.CRYP_Cmd) for CRYP_Cmd
    stm32f4xx_cryp_aes.o(i.CRYP_AES_CBC) refers to stm32f4xx_cryp.o(i.CRYP_GetCmdStatus) for CRYP_GetCmdStatus
    stm32f4xx_cryp_aes.o(i.CRYP_AES_CBC) refers to stm32f4xx_cryp.o(i.CRYP_GetFlagStatus) for CRYP_GetFlagStatus
    stm32f4xx_cryp_aes.o(i.CRYP_AES_CBC) refers to stm32f4xx_cryp.o(i.CRYP_DataIn) for CRYP_DataIn
    stm32f4xx_cryp_aes.o(i.CRYP_AES_CBC) refers to stm32f4xx_cryp.o(i.CRYP_DataOut) for CRYP_DataOut
    stm32f4xx_cryp_aes.o(i.CRYP_AES_CCM) refers to stm32f4xx_cryp.o(i.CRYP_KeyStructInit) for CRYP_KeyStructInit
    stm32f4xx_cryp_aes.o(i.CRYP_AES_CCM) refers to stm32f4xx_cryp.o(i.CRYP_FIFOFlush) for CRYP_FIFOFlush
    stm32f4xx_cryp_aes.o(i.CRYP_AES_CCM) refers to stm32f4xx_cryp.o(i.CRYP_KeyInit) for CRYP_KeyInit
    stm32f4xx_cryp_aes.o(i.CRYP_AES_CCM) refers to stm32f4xx_cryp.o(i.CRYP_IVInit) for CRYP_IVInit
    stm32f4xx_cryp_aes.o(i.CRYP_AES_CCM) refers to stm32f4xx_cryp.o(i.CRYP_Init) for CRYP_Init
    stm32f4xx_cryp_aes.o(i.CRYP_AES_CCM) refers to stm32f4xx_cryp.o(i.CRYP_PhaseConfig) for CRYP_PhaseConfig
    stm32f4xx_cryp_aes.o(i.CRYP_AES_CCM) refers to stm32f4xx_cryp.o(i.CRYP_DataIn) for CRYP_DataIn
    stm32f4xx_cryp_aes.o(i.CRYP_AES_CCM) refers to stm32f4xx_cryp.o(i.CRYP_Cmd) for CRYP_Cmd
    stm32f4xx_cryp_aes.o(i.CRYP_AES_CCM) refers to stm32f4xx_cryp.o(i.CRYP_GetCmdStatus) for CRYP_GetCmdStatus
    stm32f4xx_cryp_aes.o(i.CRYP_AES_CCM) refers to stm32f4xx_cryp.o(i.CRYP_GetFlagStatus) for CRYP_GetFlagStatus
    stm32f4xx_cryp_aes.o(i.CRYP_AES_CCM) refers to stm32f4xx_cryp.o(i.CRYP_DataOut) for CRYP_DataOut
    stm32f4xx_cryp_aes.o(i.CRYP_AES_CTR) refers to stm32f4xx_cryp.o(i.CRYP_KeyStructInit) for CRYP_KeyStructInit
    stm32f4xx_cryp_aes.o(i.CRYP_AES_CTR) refers to stm32f4xx_cryp.o(i.CRYP_KeyInit) for CRYP_KeyInit
    stm32f4xx_cryp_aes.o(i.CRYP_AES_CTR) refers to stm32f4xx_cryp.o(i.CRYP_Init) for CRYP_Init
    stm32f4xx_cryp_aes.o(i.CRYP_AES_CTR) refers to stm32f4xx_cryp.o(i.CRYP_IVInit) for CRYP_IVInit
    stm32f4xx_cryp_aes.o(i.CRYP_AES_CTR) refers to stm32f4xx_cryp.o(i.CRYP_FIFOFlush) for CRYP_FIFOFlush
    stm32f4xx_cryp_aes.o(i.CRYP_AES_CTR) refers to stm32f4xx_cryp.o(i.CRYP_Cmd) for CRYP_Cmd
    stm32f4xx_cryp_aes.o(i.CRYP_AES_CTR) refers to stm32f4xx_cryp.o(i.CRYP_GetCmdStatus) for CRYP_GetCmdStatus
    stm32f4xx_cryp_aes.o(i.CRYP_AES_CTR) refers to stm32f4xx_cryp.o(i.CRYP_DataIn) for CRYP_DataIn
    stm32f4xx_cryp_aes.o(i.CRYP_AES_CTR) refers to stm32f4xx_cryp.o(i.CRYP_GetFlagStatus) for CRYP_GetFlagStatus
    stm32f4xx_cryp_aes.o(i.CRYP_AES_CTR) refers to stm32f4xx_cryp.o(i.CRYP_DataOut) for CRYP_DataOut
    stm32f4xx_cryp_aes.o(i.CRYP_AES_ECB) refers to stm32f4xx_cryp.o(i.CRYP_KeyStructInit) for CRYP_KeyStructInit
    stm32f4xx_cryp_aes.o(i.CRYP_AES_ECB) refers to stm32f4xx_cryp.o(i.CRYP_KeyInit) for CRYP_KeyInit
    stm32f4xx_cryp_aes.o(i.CRYP_AES_ECB) refers to stm32f4xx_cryp.o(i.CRYP_Init) for CRYP_Init
    stm32f4xx_cryp_aes.o(i.CRYP_AES_ECB) refers to stm32f4xx_cryp.o(i.CRYP_FIFOFlush) for CRYP_FIFOFlush
    stm32f4xx_cryp_aes.o(i.CRYP_AES_ECB) refers to stm32f4xx_cryp.o(i.CRYP_Cmd) for CRYP_Cmd
    stm32f4xx_cryp_aes.o(i.CRYP_AES_ECB) refers to stm32f4xx_cryp.o(i.CRYP_GetCmdStatus) for CRYP_GetCmdStatus
    stm32f4xx_cryp_aes.o(i.CRYP_AES_ECB) refers to stm32f4xx_cryp.o(i.CRYP_GetFlagStatus) for CRYP_GetFlagStatus
    stm32f4xx_cryp_aes.o(i.CRYP_AES_ECB) refers to stm32f4xx_cryp.o(i.CRYP_DataIn) for CRYP_DataIn
    stm32f4xx_cryp_aes.o(i.CRYP_AES_ECB) refers to stm32f4xx_cryp.o(i.CRYP_DataOut) for CRYP_DataOut
    stm32f4xx_cryp_aes.o(i.CRYP_AES_GCM) refers to stm32f4xx_cryp.o(i.CRYP_KeyStructInit) for CRYP_KeyStructInit
    stm32f4xx_cryp_aes.o(i.CRYP_AES_GCM) refers to stm32f4xx_cryp.o(i.CRYP_FIFOFlush) for CRYP_FIFOFlush
    stm32f4xx_cryp_aes.o(i.CRYP_AES_GCM) refers to stm32f4xx_cryp.o(i.CRYP_KeyInit) for CRYP_KeyInit
[...]
    i.ticks_init                             0x0800496c   Section        0  ticks.o(i.ticks_init)
    i.timer_init                             0x080049d4   Section        0  timer.o(i.timer_init)
    i.uart_init                              0x08004a58   Section        0  uart.o(i.uart_init)
    i.uart_interrupt_init                    0x08004b18   Section        0  uart.o(i.uart_interrupt_init)
    i.uart_tx_dequeue                        0x08004b24   Section        0  uart.o(i.uart_tx_dequeue)
    uart_tx_dequeue                          0x08004b25   Thumb Code   112  uart.o(i.uart_tx_dequeue)
    i.xbc_mb_init                            0x08004b9c   Section        0  xbc_mb.o(i.xbc_mb_init)
    .constdata                               0x08004bb8   Section      168  adc.o(.constdata)
    ADCPorts                                 0x08004bb8   Data         120  adc.o(.constdata)
    ADCs                                     0x08004c30   Data          48  adc.o(.constdata)
    .constdata                               0x08004c60   Section      120  uart.o(.constdata)
    UARTPorts                                0x08004c60   Data         120  uart.o(.constdata)
    .constdata                               0x08004cd8   Section      192  servo.o(.constdata)
    ServoPorts                               0x08004cd8   Data         144  servo.o(.constdata)
    ServoConfigs                             0x08004d68   Data          48  servo.o(.constdata)
    .constdata                               0x08004d98   Section        8  gpio.o(.constdata)
    .constdata                               0x08004da0   Section        8  gpio.o(.constdata)
    .constdata                               0x08004da8   Section        8  gpio.o(.constdata)
    .constdata                               0x08004db0   Section        8  gpio.o(.constdata)
    .constdata                               0x08004db8   Section        8  gpio.o(.constdata)
    .constdata                               0x08004dc0   Section        8  gpio.o(.constdata)
    .constdata                               0x08004dc8   Section        8  gpio.o(.constdata)
    .constdata                               0x08004dd0   Section        8  gpio.o(.constdata)
    .constdata                               0x08004dd8   Section        8  gpio.o(.constdata)
    .constdata                               0x08004de0   Section        8  gpio.o(.constdata)
    .constdata                               0x08004de8   Section        8  gpio.o(.constdata)
    .constdata                               0x08004df0   Section        8  gpio.o(.constdata)
    .constdata                               0x08004df8   Section        8  gpio.o(.constdata)
    .constdata                               0x08004e00   Section        8  gpio.o(.constdata)
    .constdata                               0x08004e08   Section        8  gpio.o(.constdata)
    .constdata                               0x08004e10   Section        8  gpio.o(.constdata)
    .constdata                               0x08004e18   Section        8  gpio.o(.constdata)
    .constdata                               0x08004e20   Section        8  gpio.o(.constdata)
    .constdata                               0x08004e28   Section        8  gpio.o(.constdata)
    .constdata                               0x08004e30   Section        8  gpio.o(.constdata)
    .constdata                               0x08004e38   Section        8  gpio.o(.constdata)
    .constdata                               0x08004e40   Section        8  gpio.o(.constdata)
    .constdata                               0x08004e48   Section        8  gpio.o(.constdata)
    .constdata                               0x08004e50   Section        8  gpio.o(.constdata)
    .constdata                               0x08004e58   Section        8  gpio.o(.constdata)
    .constdata                               0x08004e60   Section        8  gpio.o(.constdata)
    .constdata                               0x08004e68   Section        8  gpio.o(.constdata)
    .constdata                               0x08004e70   Section        8  gpio.o(.constdata)
    .constdata                               0x08004e78   Section        8  gpio.o(.constdata)
    .constdata                               0x08004e80   Section        8  gpio.o(.constdata)
    .constdata                               0x08004e88   Section        8  gpio.o(.constdata)
    .constdata                               0x08004e90   Section        8  gpio.o(.constdata)
    .constdata                               0x08004e98   Section        8  gpio.o(.constdata)
    .constdata                               0x08004ea0   Section        8  gpio.o(.constdata)
    .constdata                               0x08004ea8   Section        8  gpio.o(.constdata)
    .constdata                               0x08004eb0   Section        8  gpio.o(.constdata)
    .constdata                               0x08004eb8   Section        8  gpio.o(.constdata)
    .constdata                               0x08004ec0   Section        8  gpio.o(.constdata)
    .constdata                               0x08004ec8   Section        8  gpio.o(.constdata)
    .constdata                               0x08004ed0   Section        8  gpio.o(.constdata)
    .constdata                               0x08004ed8   Section        8  gpio.o(.constdata)
    .constdata                               0x08004ee0   Section        8  gpio.o(.constdata)
    .constdata                               0x08004ee8   Section        8  gpio.o(.constdata)
    .constdata                               0x08004ef0   Section        8  gpio.o(.constdata)
    .constdata                               0x08004ef8   Section        8  gpio.o(.constdata)
    .constdata                               0x08004f00   Section        8  gpio.o(.constdata)
    .constdata                               0x08004f08   Section        8  gpio.o(.constdata)
    .constdata                               0x08004f10   Section        8  gpio.o(.constdata)
    .constdata                               0x08004f18   Section        8  gpio.o(.constdata)
    .constdata                               0x08004f20   Section        8  gpio.o(.constdata)
    .constdata                               0x08004f28   Section        8  gpio.o(.constdata)
    .constdata                               0x08004f30   Section        8  gpio.o(.constdata)
    .constdata                               0x08004f38   Section        8  gpio.o(.constdata)
    .constdata                               0x08004f40   Section        8  gpio.o(.constdata)
    .constdata                               0x08004f48   Section        8  gpio.o(.constdata)
    .constdata                               0x08004f50   Section        8  gpio.o(.constdata)
    .constdata                               0x08004f58   Section        8  gpio.o(.constdata)
    .constdata                               0x08004f60   Section        8  gpio.o(.constdata)
    .constdata                               0x08004f68   Section        8  gpio.o(.constdata)
    .constdata                               0x08004f70   Section        8  gpio.o(.constdata)
    .constdata                               0x08004f78   Section        8  gpio.o(.constdata)
    .constdata                               0x08004f80   Section        8  gpio.o(.constdata)
    .constdata                               0x08004f88   Section        8  gpio.o(.constdata)
    .constdata                               0x08004f90   Section        8  gpio.o(.constdata)
    .constdata                               0x08004f98   Section        8  gpio.o(.constdata)
    .constdata                               0x08004fa0   Section        8  gpio.o(.constdata)
    .constdata                               0x08004fa8   Section        8  gpio.o(.constdata)
    .constdata                               0x08004fb0   Section        8  gpio.o(.constdata)
    .constdata                               0x08004fb8   Section       56  button.o(.constdata)
    BUTTONS                                  0x08004fb8   Data          56  button.o(.constdata)
    .data                                    0x20000000   Section       16  stm32f4xx_rcc.o(.data)
    APBAHBPrescTable                         0x20000000   Data          16  stm32f4xx_rcc.o(.data)
    .data                                    0x20000010   Section       24  system_stm32f4xx.o(.data)
    .data                                    0x20000028   Section        8  main.o(.data)
    last_tft_ticks                           0x20000028   Data           4  main.o(.data)
    last_led_ticks                           0x2000002c   Data           4  main.o(.data)
    .data                                    0x20000030   Section      364  approx_math.o(.data)
    .data                                    0x2000019c   Section       36  can_protocol.o(.data)
    CAN_filter_count                         0x2000019c   Data           2  can_protocol.o(.data)
    CAN_max_filter                           0x2000019e   Data           2  can_protocol.o(.data)
    can_tx_dequeue                           0x200001a0   Data           8  can_protocol.o(.data)
    CAN_queue_max_size                       0x200001a8   Data           8  can_protocol.o(.data)
    .data                                    0x200001c0   Section        8  encoder.o(.data)
    enc2Count                                0x200001c0   Data           4  encoder.o(.data)
    enc1Count                                0x200001c4   Data           4  encoder.o(.data)
    .data                                    0x200001c8   Section       72  uart.o(.data)
    tx_queue                                 0x200001c8   Data          48  uart.o(.data)
    tx_buf_max_size                          0x200001f8   Data          24  uart.o(.data)
    .data                                    0x20000210   Section        4  ticks.o(.data)
    .data                                    0x20000214   Section       56  spi_protocol.o(.data)
    spi_af                                   0x20000214   Data           3  spi_protocol.o(.data)
    spi_irq                                  0x20000217   Data           3  spi_protocol.o(.data)
    sclk                                     0x2000021c   Data          12  spi_protocol.o(.data)
    miso                                     0x20000228   Data          12  spi_protocol.o(.data)
    mosi                                     0x20000234   Data          12  spi_protocol.o(.data)
    spi_rcc                                  0x20000240   Data          12  spi_protocol.o(.data)
    .data                                    0x2000024c   Section       32  gyro.o(.data)
    rx_state                                 0x2000024c   Data           1  gyro.o(.data)
    rx_command                               0x2000024d   Data           1  gyro.o(.data)
    buf_rec                                  0x2000024e   Data           1  gyro.o(.data)
    rx_command_arr                           0x20000251   Data           2  gyro.o(.data)
    buf_len                                  0x20000253   Data           2  gyro.o(.data)
    gyro_pos                                 0x20000260   Data           6  gyro.o(.data)
    gyro_pos_raw                             0x20000266   Data           6  gyro.o(.data)
    .data                                    0x2000026c   Section     1568  lcd_main.o(.data)
    col_shift                                0x2000026f   Data           1  lcd_main.o(.data)
    row_shift                                0x20000270   Data           1  lcd_main.o(.data)
    tft_rst                                  0x2000027c   Data           4  lcd_main.o(.data)
    tft_dc                                   0x20000280   Data           4  lcd_main.o(.data)
    tft_cs                                   0x20000284   Data           4  lcd_main.o(.data)
    tft_spi_port                             0x20000288   Data           4  lcd_main.o(.data)
    .data                                    0x2000088c   Section        8  led.o(.data)
    LEDs                                     0x2000088c   Data           8  led.o(.data)
    .data                                    0x20000894   Section       56  pneumatic.o(.data)
    Pneus                                    0x20000894   Data          56  pneumatic.o(.data)
    .data                                    0x200008cc   Section        4  timer.o(.data)
    running                                  0x200008cc   Data           1  timer.o(.data)
    size                                     0x200008ce   Data           2  timer.o(.data)
    .data                                    0x200008d0   Section       24  spi_xbc_mb.o(.data)
    xbc_connection                           0x200008d0   Data           1  spi_xbc_mb.o(.data)
    xbc_back_buttons                         0x200008d2   Data           2  spi_xbc_mb.o(.data)
    xbc_nss                                  0x200008d4   Data           4  spi_xbc_mb.o(.data)
    xbc_digital                              0x200008d8   Data           4  spi_xbc_mb.o(.data)
    pointer                                  0x200008dc   Data           4  spi_xbc_mb.o(.data)
    error_count                              0x200008e0   Data           4  spi_xbc_mb.o(.data)
    last_recv                                0x200008e4   Data           4  spi_xbc_mb.o(.data)
    .data                                    0x200008e8   Section        1  xbc_mb.o(.data)
    xbc_priority                             0x200008e8   Data           1  xbc_mb.o(.data)
    .data                                    0x200008ec   Section       12  can_xbc_mb.o(.data)
    xbc_connection                           0x200008ec   Data           1  can_xbc_mb.o(.data)
    xbc_digital                              0x200008f0   Data           4  can_xbc_mb.o(.data)
    last_can_connection                      0x200008f4   Data           4  can_xbc_mb.o(.data)
    .data                                    0x200008f8   Section       20  bt_xbc_mb.o(.data)
    xbc_connection                           0x200008f8   Data           1  bt_xbc_mb.o(.data)
    xbc_digital                              0x200008fc   Data           4  bt_xbc_mb.o(.data)
    pointer                                  0x20000900   Data           4  bt_xbc_mb.o(.data)
    error_count                              0x20000904   Data           4  bt_xbc_mb.o(.data)
    last_recv                                0x20000908   Data           4  bt_xbc_mb.o(.data)
    .bss                                     0x2000090c   Section       24  adc.o(.bss)
    adc_reading                              0x2000090c   Data          24  adc.o(.bss)
    .bss                                     0x20000924   Section      112  can_protocol.o(.bss)
    .bss                                     0x20000994   Section     1200  can_protocol.o(.bss)
    CAN1_tx_queue_items                      0x20000994   Data        1200  can_protocol.o(.bss)
    .bss                                     0x20000e44   Section     1200  can_protocol.o(.bss)
    CAN2_tx_queue_items                      0x20000e44   Data        1200  can_protocol.o(.bss)
    .bss                                     0x200012f4   Section       64  uart.o(.bss)
    tx_buf_item_1                            0x200012f4   Data          64  uart.o(.bss)
    .bss                                     0x20001334   Section      768  uart.o(.bss)
    tx_buf_item_2                            0x20001334   Data         768  uart.o(.bss)
    .bss                                     0x20001634   Section       64  uart.o(.bss)
    tx_buf_item_3                            0x20001634   Data          64  uart.o(.bss)
    .bss                                     0x20001674   Section       64  uart.o(.bss)
    tx_buf_item_4                            0x20001674   Data          64  uart.o(.bss)
    .bss                                     0x200016b4   Section       64  uart.o(.bss)
    tx_buf_item_5                            0x200016b4   Data          64  uart.o(.bss)
    .bss                                     0x200016f4   Section       64  uart.o(.bss)
    tx_buf_item_6                            0x200016f4   Data          64  uart.o(.bss)
    .bss                                     0x20001734   Section       24  uart.o(.bss)
    rxListeners                              0x20001734   Data          24  uart.o(.bss)
    .bss                                     0x2000174c   Section       12  spi_protocol.o(.bss)
    SpiRxListenerList                        0x2000174c   Data          12  spi_protocol.o(.bss)
    .bss                                     0x20001758   Section      140  button.o(.bss)
    pressedTime                              0x20001758   Data          28  button.o(.bss)
    clickListeners                           0x20001774   Data          28  button.o(.bss)
    releaseListeners                         0x20001790   Data          28  button.o(.bss)
    holdListeners                            0x200017ac   Data          56  button.o(.bss)
    .bss                                     0x200017e4   Section       64  can_motor.o(.bss)
    encValue                                 0x200017e4   Data          64  can_motor.o(.bss)
    .bss                                     0x20001824   Section      496  gun_can_motor.o(.bss)
    enc_value                                0x20001824   Data          64  gun_can_motor.o(.bss)
    pwm_value                                0x20001864   Data          64  gun_can_motor.o(.bss)
    limit_pos                                0x200018a4   Data         128  gun_can_motor.o(.bss)
    state                                    0x20001924   Data          16  gun_can_motor.o(.bss)
    last_recv                                0x20001934   Data          64  gun_can_motor.o(.bss)
    limit_trig                               0x20001974   Data          32  gun_can_motor.o(.bss)
    limit_pos_update_listener                0x20001994   Data          64  gun_can_motor.o(.bss)
    target_reached_listener                  0x200019d4   Data          64  gun_can_motor.o(.bss)
    .bss                                     0x20001a14   Section       10  gyro.o(.bss)
    buf_data                                 0x20001a14   Data          10  gyro.o(.bss)
    .bss                                     0x20001a1e   Section     1600  lcd_main.o(.bss)
    .bss                                     0x20002060   Section      400  timer.o(.bss)
    actions                                  0x20002060   Data         400  timer.o(.bss)
    .bss                                     0x200021f0   Section       44  spi_xbc_mb.o(.bss)
    xbc_joy                                  0x200021f0   Data          12  spi_xbc_mb.o(.bss)
    my_data                                  0x200021fc   Data          32  spi_xbc_mb.o(.bss)
    .bss                                     0x2000221c   Section       12  can_xbc_mb.o(.bss)
    xbc_joy                                  0x2000221c   Data          12  can_xbc_mb.o(.bss)
    .bss                                     0x20002228   Section       44  bt_xbc_mb.o(.bss)
    xbc_joy                                  0x20002228   Data          12  bt_xbc_mb.o(.bss)
    my_data                                  0x20002234   Data          32  bt_xbc_mb.o(.bss)
    STACK                                    0x20002258   Section     2048  startup_stm32f40_41xxx.o(STACK)

    Global Symbols

    Symbol Name                              Value     Ov Type        Size  Object(Section)

    BuildAttributes$$THM_ISAv4$E$P$D$K$B$S$7EM$VFPi3$EXTD16$VFPS$VFMA$PE$A:L22UL41UL21$X:L11$S22US41US21$IEEE1$IW$USESV6$~STKCKD$USESV7$~SHL$OTIME$ROPI$IEEEX$EBA8$MICROLIB$REQ8$PRES8$EABIv2 0x00000000   Number         0  anon$$obj.o ABSOLUTE
    __ARM_use_no_argv                        0x00000000   Number         0  main.o ABSOLUTE
    __cpp_initialize__aeabi_                  - Undefined Weak Reference
    __cxa_finalize                            - Undefined Weak Reference
    _clock_init                               - Undefined Weak Reference
    _microlib_exit                            - Undefined Weak Reference
    __Vectors_Size                           0x00000188   Number         0  startup_stm32f40_41xxx.o ABSOLUTE
    __Vectors                                0x08000000   Data           4  startup_stm32f40_41xxx.o(RESET)
    __Vectors_End                            0x08000188   Data           0  startup_stm32f40_41xxx.o(RESET)
    __main                                   0x08000189   Thumb Code     0  entry.o(.ARM.Collect$$$$00000000)
    _main_stk                                0x08000189   Thumb Code     0  entry2.o(.ARM.Collect$$$$00000001)
    _main_scatterload                        0x0800018d   Thumb Code     0  entry5.o(.ARM.Collect$$$$00000004)
    __main_after_scatterload                 0x08000191   Thumb Code     0  entry5.o(.ARM.Collect$$$$00000004)
    _main_clock                              0x08000191   Thumb Code     0  entry7b.o(.ARM.Collect$$$$00000008)
    _main_cpp_init                           0x08000191   Thumb Code     0  entry8b.o(.ARM.Collect$$$$0000000A)
    _main_init                               0x08000191   Thumb Code     0  entry9a.o(.ARM.Collect$$$$0000000B)
    __rt_final_cpp                           0x08000199   Thumb Code     0  entry10a.o(.ARM.Collect$$$$0000000D)
    __rt_final_exit                          0x08000199   Thumb Code     0  entry11a.o(.ARM.Collect$$$$0000000F)
    Reset_Handler                            0x0800019d   Thumb Code     8  startup_stm32f40_41xxx.o(.text)
    ADC_IRQHandler                           0x080001b7   Thumb Code     0  startup_stm32f40_41xxx.o(.text)
    CAN1_SCE_IRQHandler                      0x080001b7   Thumb Code     0  startup_stm32f40_41xxx.o(.text)
    CAN2_SCE_IRQHandler                      0x080001b7   Thumb Code     0  startup_stm32f40_41xxx.o(.text)
    CRYP_IRQHandler                          0x080001b7   Thumb Code     0  startup_stm32f40_41xxx.o(.text)
    DCMI_IRQHandler                          0x080001b7   Thumb Code     0  startup_stm32f40_41xxx.o(.text)
    DMA1_Stream0_IRQHandler                  0x080001b7   Thumb Code     0  startup_stm32f40_41xxx.o(.text)
    DMA1_Stream1_IRQHandler                  0x080001b7   Thumb Code     0  startup_stm32f40_41xxx.o(.text)
    DMA1_Stream2_IRQHandler                  0x080001b7   Thumb Code     0  startup_stm32f40_41xxx.o(.text)
    DMA1_Stream3_IRQHandler                  0x080001b7   Thumb Code     0  startup_stm32f40_41xxx.o(.text)
    DMA1_Stream4_IRQHandler                  0x080001b7   Thumb Code     0  startup_stm32f40_41xxx.o(.text)
    DMA1_Stream5_IRQHandler                  0x080001b7   Thumb Code     0  startup_stm32f40_41xxx.o(.text)
    DMA1_Stream6_IRQHandler                  0x080001b7   Thumb Code     0  startup_stm32f40_41xxx.o(.text)
    DMA1_Stream7_IRQHandler                  0x080001b7   Thumb Code     0  startup_stm32f40_41xxx.o(.text)
    DMA2_Stream0_IRQHandler                  0x080001b7   Thumb Code     0  startup_stm32f40_41xxx.o(.text)
    DMA2_Stream1_IRQHandler                  0x080001b7   Thumb Code     0  startup_stm32f40_41xxx.o(.text)
    DMA2_Stream2_IRQHandler                  0x080001b7   Thumb Code     0  startup_stm32f40_41xxx.o(.text)
    DMA2_Stream3_IRQHandler                  0x080001b7   Thumb Code     0  startup_stm32f40_41xxx.o(.text)
    DMA2_Stream4_IRQHandler                  0x080001b7   Thumb Code     0  startup_stm32f40_41xxx.o(.text)
    DMA2_Stream5_IRQHandler                  0x080001b7   Thumb Code     0  startup_stm32f40_41xxx.o(.text)
    DMA2_Stream6_IRQHandler                  0x080001b7   Thumb Code     0  startup_stm32f40_41xxx.o(.text)
    DMA2_Stream7_IRQHandler                  0x080001b7   Thumb Code     0  startup_stm32f40_41xxx.o(.text)
    ETH_IRQHandler                           0x080001b7   Thumb Code     0  startup_stm32f40_41xxx.o(.text)
    ETH_WKUP_IRQHandler                      0x080001b7   Thumb Code     0  startup_stm32f40_41xxx.o(.text)
    EXTI0_IRQHandler                         0x080001b7   Thumb Code     0  startup_stm32f40_41xxx.o(.text)
    EXTI1_IRQHandler                         0x080001b7   Thumb Code     0  startup_stm32f40_41xxx.o(.text)
    EXTI2_IRQHandler                         0x080001b7   Thumb Code     0  startup_stm32f40_41xxx.o(.text)
    EXTI3_IRQHandler                         0x080001b7   Thumb Code     0  startup_stm32f40_41xxx.o(.text)
    EXTI4_IRQHandler                         0x080001b7   Thumb Code     0  startup_stm32f40_41xxx.o(.text)
    EXTI9_5_IRQHandler                       0x080001b7   Thumb Code     0  startup_stm32f40_41xxx.o(.text)
    FLASH_IRQHandler                         0x080001b7   Thumb Code     0  startup_stm32f40_41xxx.o(.text)
    FPU_IRQHandler                           0x080001b7   Thumb Code     0  startup_stm32f40_41xxx.o(.text)
    FSMC_IRQHandler                          0x080001b7   Thumb Code     0  startup_stm32f40_41xxx.o(.text)
    HASH_RNG_IRQHandler                      0x080001b7   Thumb Code     0  startup_stm32f40_41xxx.o(.text)
    I2C1_ER_IRQHandler                       0x080001b7   Thumb Code     0  startup_stm32f40_41xxx.o(.text)
    I2C1_EV_IRQHandler                       0x080001b7   Thumb Code     0  startup_stm32f40_41xxx.o(.text)
    I2C2_ER_IRQHandler                       0x080001b7   Thumb Code     0  startup_stm32f40_41xxx.o(.text)
    I2C2_EV_IRQHandler                       0x080001b7   Thumb Code     0  startup_stm32f40_41xxx.o(.text)
    I2C3_ER_IRQHandler                       0x080001b7   Thumb Code     0  startup_stm32f40_41xxx.o(.text)
    I2C3_EV_IRQHandler                       0x080001b7   Thumb Code     0  startup_stm32f40_41xxx.o(.text)
    OTG_FS_IRQHandler                        0x080001b7   Thumb Code     0  startup_stm32f40_41xxx.o(.text)
    OTG_FS_WKUP_IRQHandler                   0x080001b7   Thumb Code     0  startup_stm32f40_41xxx.o(.text)
    OTG_HS_EP1_IN_IRQHandler                 0x080001b7   Thumb Code     0  startup_stm32f40_41xxx.o(.text)
    OTG_HS_EP1_OUT_IRQHandler                0x080001b7   Thumb Code     0  startup_stm32f40_41xxx.o(.text)
    OTG_HS_IRQHandler                        0x080001b7   Thumb Code     0  startup_stm32f40_41xxx.o(.text)
    OTG_HS_WKUP_IRQHandler                   0x080001b7   Thumb Code     0  startup_stm32f40_41xxx.o(.text)
    PVD_IRQHandler                           0x080001b7   Thumb Code     0  startup_stm32f40_41xxx.o(.text)
    RCC_IRQHandler                           0x080001b7   Thumb Code     0  startup_stm32f40_41xxx.o(.text)
    RTC_Alarm_IRQHandler                     0x080001b7   Thumb Code     0  startup_stm32f40_41xxx.o(.text)
    RTC_WKUP_IRQHandler                      0x080001b7   Thumb Code     0  startup_stm32f40_41xxx.o(.text)
    SDIO_IRQHandler                          0x080001b7   Thumb Code     0  startup_stm32f40_41xxx.o(.text)
    TAMP_STAMP_IRQHandler                    0x080001b7   Thumb Code     0  startup_stm32f40_41xxx.o(.text)
    TIM1_BRK_TIM9_IRQHandler                 0x080001b7   Thumb Code     0  startup_stm32f40_41xxx.o(.text)
    TIM1_CC_IRQHandler                       0x080001b7   Thumb Code     0  startup_stm32f40_41xxx.o(.text)
    TIM1_TRG_COM_TIM11_IRQHandler            0x080001b7   Thumb Code     0  startup_stm32f40_41xxx.o(.text)
    TIM1_UP_TIM10_IRQHandler                 0x080001b7   Thumb Code     0  startup_stm32f40_41xxx.o(.text)
    TIM3_IRQHandler                          0x080001b7   Thumb Code     0  startup_stm32f40_41xxx.o(.text)
    TIM4_IRQHandler                          0x080001b7   Thumb Code     0  startup_stm32f40_41xxx.o(.text)
    TIM5_IRQHandler                          0x080001b7   Thumb Code     0  startup_stm32f40_41xxx.o(.text)
    TIM6_DAC_IRQHandler                      0x080001b7   Thumb Code     0  startup_stm32f40_41xxx.o(.text)
    TIM8_BRK_TIM12_IRQHandler                0x080001b7   Thumb Code     0  startup_stm32f40_41xxx.o(.text)
    TIM8_CC_IRQHandler                       0x080001b7   Thumb Code     0  startup_stm32f40_41xxx.o(.text)
    TIM8_TRG_COM_TIM14_IRQHandler            0x080001b7   Thumb Code     0  startup_stm32f40_41xxx.o(.text)
    TIM8_UP_TIM13_IRQHandler                 0x080001b7   Thumb Code     0  startup_stm32f40_41xxx.o(.text)
    WWDG_IRQHandler                          0x080001b7   Thumb Code     0  startup_stm32f40_41xxx.o(.text)
    __aeabi_uldivmod                         0x080001c1   Thumb Code    98  uldiv.o(.text)
    __aeabi_uidiv                            0x08000223   Thumb Code     0  uidiv.o(.text)
    __aeabi_uidivmod                         0x08000223   Thumb Code    44  uidiv.o(.text)
    __aeabi_llsl                             0x0800024f   Thumb Code    30  llshl.o(.text)
    _ll_shift_l                              0x0800024f   Thumb Code     0  llshl.o(.text)
    __aeabi_llsr                             0x0800026d   Thumb Code    32  llushr.o(.text)
    _ll_ushift_r                             0x0800026d   Thumb Code     0  llushr.o(.text)
    __I$use$fp                               0x0800028d   Thumb Code     0  iusefp.o(.text)
    __aeabi_dadd                             0x0800028d   Thumb Code   322  dadd.o(.text)
    __aeabi_dsub                             0x080003cf   Thumb Code     6  dadd.o(.text)
    __aeabi_drsub                            0x080003d5   Thumb Code     6  dadd.o(.text)
    __aeabi_dmul                             0x080003db   Thumb Code   228  dmul.o(.text)
    __aeabi_ddiv                             0x080004bf   Thumb Code   222  ddiv.o(.text)
    __aeabi_d2ulz                            0x0800059d   Thumb Code    48  dfixul.o(.text)
    __aeabi_cdrcmple                         0x080005cd   Thumb Code    48  cdrcmple.o(.text)
    __scatterload                            0x080005fd   Thumb Code    28  init.o(.text)
    __scatterload_rt2                        0x080005fd   Thumb Code     0  init.o(.text)
    __aeabi_lasr                             0x08000621   Thumb Code    36  llsshr.o(.text)
    _ll_sshift_r                             0x08000621   Thumb Code     0  llsshr.o(.text)
    _double_round                            0x08000645   Thumb Code    30  depilogue.o(.text)
    _double_epilogue                         0x08000663   Thumb Code   156  depilogue.o(.text)
    __decompress                             0x080006ff   Thumb Code     0  __dczerorl2.o(.text)
    __decompress1                            0x080006ff   Thumb Code    86  __dczerorl2.o(.text)
    ADC_Cmd                                  0x08000755   Thumb Code    18  stm32f4xx_adc.o(i.ADC_Cmd)
    ADC_CommonInit                           0x08000769   Thumb Code    36  stm32f4xx_adc.o(i.ADC_CommonInit)
    ADC_DMACmd                               0x08000795   Thumb Code    18  stm32f4xx_adc.o(i.ADC_DMACmd)
    ADC_DMARequestAfterLastTransferCmd       0x080007a7   Thumb Code    18  stm32f4xx_adc.o(i.ADC_DMARequestAfterLastTransferCmd)
    ADC_Init                                 0x080007b9   Thumb Code    80  stm32f4xx_adc.o(i.ADC_Init)
    ADC_RegularChannelConfig                 0x0800080d   Thumb Code   144  stm32f4xx_adc.o(i.ADC_RegularChannelConfig)
    ADC_SoftwareStartConv                    0x0800089d   Thumb Code    10  stm32f4xx_adc.o(i.ADC_SoftwareStartConv)
    ADC_TempSensorVrefintCmd                 0x080008a9   Thumb Code    24  stm32f4xx_adc.o(i.ADC_TempSensorVrefintCmd)
    ADC_VBATCmd                              0x080008c5   Thumb Code    24  stm32f4xx_adc.o(i.ADC_VBATCmd)
    BusFault_Handler                         0x080008e1   Thumb Code     2  stm32f4xx_it.o(i.BusFault_Handler)
    CAN1_RX0_IRQHandler                      0x080008e5   Thumb Code    86  can_protocol.o(i.CAN1_RX0_IRQHandler)
    CAN1_RX1_IRQHandler                      0x08000949   Thumb Code    86  can_protocol.o(i.CAN1_RX1_IRQHandler)
    CAN1_TX_IRQHandler                       0x080009ad   Thumb Code    36  can_protocol.o(i.CAN1_TX_IRQHandler)
    CAN2_RX0_IRQHandler                      0x080009d9   Thumb Code    90  can_protocol.o(i.CAN2_RX0_IRQHandler)
    CAN2_RX1_IRQHandler                      0x08000a41   Thumb Code    90  can_protocol.o(i.CAN2_RX1_IRQHandler)
    CAN2_TX_IRQHandler                       0x08000aa9   Thumb Code    36  can_protocol.o(i.CAN2_TX_IRQHandler)
    CAN_ClearITPendingBit                    0x08000ad5   Thumb Code   152  stm32f4xx_can.o(i.CAN_ClearITPendingBit)
    CAN_DeInit                               0x08000b71   Thumb Code    58  stm32f4xx_can.o(i.CAN_DeInit)
    CAN_FilterInit                           0x08000bad   Thumb Code   216  stm32f4xx_can.o(i.CAN_FilterInit)
    CAN_GetITStatus                          0x08000c99   Thumb Code   264  stm32f4xx_can.o(i.CAN_GetITStatus)
    CAN_ITConfig                             0x08000da5   Thumb Code    16  stm32f4xx_can.o(i.CAN_ITConfig)
    CAN_Init                                 0x08000db5   Thumb Code   242  stm32f4xx_can.o(i.CAN_Init)
    CAN_Receive                              0x08000ea7   Thumb Code   180  stm32f4xx_can.o(i.CAN_Receive)
    CAN_SlaveStartBank                       0x08000f5d   Thumb Code    40  stm32f4xx_can.o(i.CAN_SlaveStartBank)
    CAN_StructInit                           0x08000f89   Thumb Code    32  stm32f4xx_can.o(i.CAN_StructInit)
    CRC_CalcBlockCRC                         0x08000fa9   Thumb Code    26  stm32f4xx_crc.o(i.CRC_CalcBlockCRC)
    CRC_ResetDR                              0x08000fc9   Thumb Code     8  stm32f4xx_crc.o(i.CRC_ResetDR)
    DMA_Cmd                                  0x08000fd5   Thumb Code    18  stm32f4xx_dma.o(i.DMA_Cmd)
    DMA_Init                                 0x08000fe9   Thumb Code   116  stm32f4xx_dma.o(i.DMA_Init)
    DebugMon_Handler                         0x08001061   Thumb Code     2  stm32f4xx_it.o(i.DebugMon_Handler)
    EXTI15_10_IRQHandler                     0x08001065   Thumb Code    64  spi_xbc_mb.o(i.EXTI15_10_IRQHandler)
    EXTI_ClearITPendingBit                   0x080010ad   Thumb Code     6  stm32f4xx_exti.o(i.EXTI_ClearITPendingBit)
    EXTI_GetITStatus                         0x080010b9   Thumb Code    16  stm32f4xx_exti.o(i.EXTI_GetITStatus)
    EXTI_Init                                0x080010cd   Thumb Code   136  stm32f4xx_exti.o(i.EXTI_Init)
    GPIO_Init                                0x0800115d   Thumb Code   158  stm32f4xx_gpio.o(i.GPIO_Init)
    GPIO_PinAFConfig                         0x080011fb   Thumb Code    34  stm32f4xx_gpio.o(i.GPIO_PinAFConfig)
    GPIO_ReadInputDataBit                    0x0800121d   Thumb Code    14  stm32f4xx_gpio.o(i.GPIO_ReadInputDataBit)
    GPIO_ReadOutputDataBit                   0x0800122b   Thumb Code    14  stm32f4xx_gpio.o(i.GPIO_ReadOutputDataBit)
    GPIO_ResetBits                           0x08001239   Thumb Code     4  stm32f4xx_gpio.o(i.GPIO_ResetBits)
    GPIO_SetBits                             0x0800123d   Thumb Code     4  stm32f4xx_gpio.o(i.GPIO_SetBits)
    GPIO_StructInit                          0x08001241   Thumb Code    18  stm32f4xx_gpio.o(i.GPIO_StructInit)
    GPIO_WriteBit                            0x08001253   Thumb Code    10  stm32f4xx_gpio.o(i.GPIO_WriteBit)
    HardFault_Handler                        0x0800125d   Thumb Code     2  stm32f4xx_it.o(i.HardFault_Handler)
    MemManage_Handler                        0x0800125f   Thumb Code     2  stm32f4xx_it.o(i.MemManage_Handler)
    NMI_Handler                              0x08001261   Thumb Code     2  stm32f4xx_it.o(i.NMI_Handler)
    NVIC_Init                                0x08001265   Thumb Code   110  misc.o(i.NVIC_Init)
    PendSV_Handler                           0x080012d9   Thumb Code     2  stm32f4xx_it.o(i.PendSV_Handler)
    RCC_AHB1PeriphClockCmd                   0x080012dd   Thumb Code    18  stm32f4xx_rcc.o(i.RCC_AHB1PeriphClockCmd)
    RCC_APB1PeriphClockCmd                   0x080012f5   Thumb Code    18  stm32f4xx_rcc.o(i.RCC_APB1PeriphClockCmd)
    RCC_APB1PeriphResetCmd                   0x0800130d   Thumb Code    18  stm32f4xx_rcc.o(i.RCC_APB1PeriphResetCmd)
    RCC_APB2PeriphClockCmd                   0x08001325   Thumb Code    18  stm32f4xx_rcc.o(i.RCC_APB2PeriphClockCmd)
    RCC_APB2PeriphResetCmd                   0x0800133d   Thumb Code    18  stm32f4xx_rcc.o(i.RCC_APB2PeriphResetCmd)
    RCC_GetClocksFreq                        0x08001355   Thumb Code   144  stm32f4xx_rcc.o(i.RCC_GetClocksFreq)
    SPI1_IRQHandler                          0x080013f5   Thumb Code    42  spi_protocol.o(i.SPI1_IRQHandler)
    SPI2_IRQHandler                          0x08001429   Thumb Code    42  spi_protocol.o(i.SPI2_IRQHandler)
    SPI3_IRQHandler                          0x0800145d   Thumb Code    42  spi_protocol.o(i.SPI3_IRQHandler)
    SPI_CalculateCRC                         0x08001491   Thumb Code    18  stm32f4xx_spi.o(i.SPI_CalculateCRC)
    SPI_Cmd                                  0x080014a3   Thumb Code    18  stm32f4xx_spi.o(i.SPI_Cmd)
    SPI_I2S_DeInit                           0x080014b5   Thumb Code   196  stm32f4xx_spi.o(i.SPI_I2S_DeInit)
    SPI_I2S_GetFlagStatus                    0x08001579   Thumb Code    14  stm32f4xx_spi.o(i.SPI_I2S_GetFlagStatus)
    SPI_I2S_GetITStatus                      0x08001587   Thumb Code    46  stm32f4xx_spi.o(i.SPI_I2S_GetITStatus)
    SPI_I2S_ITConfig                         0x080015b5   Thumb Code    26  stm32f4xx_spi.o(i.SPI_I2S_ITConfig)
    SPI_I2S_ReceiveData                      0x080015cf   Thumb Code     4  stm32f4xx_spi.o(i.SPI_I2S_ReceiveData)
    SPI_I2S_SendData                         0x080015d3   Thumb Code     4  stm32f4xx_spi.o(i.SPI_I2S_SendData)
    SPI_Init                                 0x080015d7   Thumb Code    84  stm32f4xx_spi.o(i.SPI_Init)
    SPI_NSSInternalSoftwareConfig            0x0800162b   Thumb Code    22  stm32f4xx_spi.o(i.SPI_NSSInternalSoftwareConfig)
    SPI_SSOutputCmd                          0x08001641   Thumb Code    18  stm32f4xx_spi.o(i.SPI_SSOutputCmd)
    SVC_Handler                              0x08001653   Thumb Code     2  stm32f4xx_it.o(i.SVC_Handler)
    SYSCFG_EXTILineConfig                    0x08001655   Thumb Code    46  stm32f4xx_syscfg.o(i.SYSCFG_EXTILineConfig)
    SysTick_Handler                          0x08001683   Thumb Code     2  stm32f4xx_it.o(i.SysTick_Handler)
    SystemCoreClockUpdate                    0x08001685   Thumb Code   110  system_stm32f4xx.o(i.SystemCoreClockUpdate)
    SystemInit                               0x08001709   Thumb Code   280  system_stm32f4xx.o(i.SystemInit)
    TIM2_IRQHandler                          0x0800184d   Thumb Code    36  ticks.o(i.TIM2_IRQHandler)
    TIM7_IRQHandler                          0x08001875   Thumb Code   234  timer.o(i.TIM7_IRQHandler)
    TIM_ARRPreloadConfig                     0x08001971   Thumb Code    18  stm32f4xx_tim.o(i.TIM_ARRPreloadConfig)
    TIM_ClearITPendingBit                    0x08001983   Thumb Code     6  stm32f4xx_tim.o(i.TIM_ClearITPendingBit)
    TIM_Cmd                                  0x08001989   Thumb Code    18  stm32f4xx_tim.o(i.TIM_Cmd)
    TIM_CtrlPWMOutputs                       0x0800199b   Thumb Code    22  stm32f4xx_tim.o(i.TIM_CtrlPWMOutputs)
    TIM_EncoderInterfaceConfig               0x080019b1   Thumb Code    60  stm32f4xx_tim.o(i.TIM_EncoderInterfaceConfig)
    TIM_GetCounter                           0x080019ed   Thumb Code     4  stm32f4xx_tim.o(i.TIM_GetCounter)
    TIM_GetITStatus                          0x080019f1   Thumb Code    22  stm32f4xx_tim.o(i.TIM_GetITStatus)
    TIM_ITConfig                             0x08001a07   Thumb Code    16  stm32f4xx_tim.o(i.TIM_ITConfig)
    TIM_OC1Init                              0x08001a17   Thumb Code   104  stm32f4xx_tim.o(i.TIM_OC1Init)
    TIM_OC1PreloadConfig                     0x08001a7f   Thumb Code    12  stm32f4xx_tim.o(i.TIM_OC1PreloadConfig)
    TIM_OC2Init                              0x08001a8b   Thumb Code   134  stm32f4xx_tim.o(i.TIM_OC2Init)
    TIM_OC2PreloadConfig                     0x08001b11   Thumb Code    20  stm32f4xx_tim.o(i.TIM_OC2PreloadConfig)
    TIM_OC3Init                              0x08001b25   Thumb Code   132  stm32f4xx_tim.o(i.TIM_OC3Init)
    TIM_OC3PreloadConfig                     0x08001ba9   Thumb Code    12  stm32f4xx_tim.o(i.TIM_OC3PreloadConfig)
    TIM_OC4Init                              0x08001bb5   Thumb Code   104  stm32f4xx_tim.o(i.TIM_OC4Init)
    TIM_OC4PreloadConfig                     0x08001c1d   Thumb Code    20  stm32f4xx_tim.o(i.TIM_OC4PreloadConfig)
    TIM_SetAutoreload                        0x08001c31   Thumb Code     4  stm32f4xx_tim.o(i.TIM_SetAutoreload)
    TIM_SetCounter                           0x08001c35   Thumb Code     4  stm32f4xx_tim.o(i.TIM_SetCounter)
    TIM_TimeBaseInit                         0x08001c39   Thumb Code   120  stm32f4xx_tim.o(i.TIM_TimeBaseInit)
    UART4_IRQHandler                         0x08001cb9   Thumb Code    88  uart.o(i.UART4_IRQHandler)
    UART5_IRQHandler                         0x08001d1d   Thumb Code    86  uart.o(i.UART5_IRQHandler)
    USART1_IRQHandler                        0x08001d7d   Thumb Code    86  uart.o(i.USART1_IRQHandler)
    USART2_IRQHandler                        0x08001ddd   Thumb Code    88  uart.o(i.USART2_IRQHandler)
    USART3_IRQHandler                        0x08001e41   Thumb Code    88  uart.o(i.USART3_IRQHandler)
    USART6_IRQHandler                        0x08001ea5   Thumb Code    88  uart.o(i.USART6_IRQHandler)
    USART_ClearITPendingBit                  0x08001f09   Thumb Code    14  stm32f4xx_usart.o(i.USART_ClearITPendingBit)
    USART_Cmd                                0x08001f17   Thumb Code    18  stm32f4xx_usart.o(i.USART_Cmd)
    USART_GetFlagStatus                      0x08001f29   Thumb Code    14  stm32f4xx_usart.o(i.USART_GetFlagStatus)
    USART_GetITStatus                        0x08001f37   Thumb Code    66  stm32f4xx_usart.o(i.USART_GetITStatus)
    USART_ITConfig                           0x08001f79   Thumb Code    48  stm32f4xx_usart.o(i.USART_ITConfig)
    USART_Init                               0x08001fa9   Thumb Code   180  stm32f4xx_usart.o(i.USART_Init)
    USART_ReceiveData                        0x08002061   Thumb Code     8  stm32f4xx_usart.o(i.USART_ReceiveData)
    UsageFault_Handler                       0x08002069   Thumb Code     2  stm32f4xx_it.o(i.UsageFault_Handler)
    __0vsprintf                              0x0800206d   Thumb Code    30  printfa.o(i.__0vsprintf)
    __1vsprintf                              0x0800206d   Thumb Code     0  printfa.o(i.__0vsprintf)
    __2vsprintf                              0x0800206d   Thumb Code     0  printfa.o(i.__0vsprintf)
    __c89vsprintf                            0x0800206d   Thumb Code     0  printfa.o(i.__0vsprintf)
    vsprintf                                 0x0800206d   Thumb Code     0  printfa.o(i.__0vsprintf)
    __scatterload_copy                       0x08002091   Thumb Code    14  handlers.o(i.__scatterload_copy)
    __scatterload_null                       0x0800209f   Thumb Code     2  handlers.o(i.__scatterload_null)
    __scatterload_zeroinit                   0x080020a1   Thumb Code    14  handlers.o(i.__scatterload_zeroinit)
    _delay_ms                                0x080020af   Thumb Code    26  ticks.o(i._delay_ms)
    adc_init                                 0x08002985   Thumb Code   372  adc.o(i.adc_init)
    bt_xbc_mb_init                           0x08002b09   Thumb Code    36  bt_xbc_mb.o(i.bt_xbc_mb_init)
    bt_xbc_receiver                          0x08002b31   Thumb Code   354  bt_xbc_mb.o(i.bt_xbc_receiver)
    btn_init                                 0x08002ca5   Thumb Code    38  button.o(i.btn_init)
    btn_update                               0x08002cd1   Thumb Code   166  button.o(i.btn_update)
    buzzer_init                              0x08002d81   Thumb Code    22  buzzer.o(i.buzzer_init)
    buzzer_off                               0x08002d9d   Thumb Code     8  buzzer.o(i.buzzer_off)
    buzzer_on                                0x08002da9   Thumb Code     8  buzzer.o(i.buzzer_on)
    can_init                                 0x0800305d   Thumb Code   294  can_protocol.o(i.can_init)
    can_motor_init                           0x0800319d   Thumb Code    22  can_motor.o(i.can_motor_init)
    can_rx_add_filter                        0x080031b9   Thumb Code   112  can_protocol.o(i.can_rx_add_filter)
    can_rx_init                              0x08003231   Thumb Code   128  can_protocol.o(i.can_rx_init)
    can_xbc_mb_init                          0x08003355   Thumb Code    30  can_xbc_mb.o(i.can_xbc_mb_init)
    do_after                                 0x0800337d   Thumb Code     8  timer.o(i.do_after)
    do_after_for                             0x08003385   Thumb Code   226  timer.o(i.do_after_for)
    encoder_2_init                           0x0800347d   Thumb Code   148  encoder.o(i.encoder_2_init)
    getPinSource                             0x08003661   Thumb Code   152  gpio.o(i.getPinSource)
    gpio_af_init                             0x080036f9   Thumb Code    74  gpio.o(i.gpio_af_init)
    gpio_init                                0x08003743   Thumb Code    40  gpio.o(i.gpio_init)
    gpio_input_init                          0x0800376b   Thumb Code    40  gpio.o(i.gpio_input_init)
    gpio_output_init                         0x08003793   Thumb Code    52  gpio.o(i.gpio_output_init)
    gpio_rcc_init                            0x080037c9   Thumb Code   112  gpio.o(i.gpio_rcc_init)
    gpio_rcc_init_all                        0x0800383d   Thumb Code    62  gpio.o(i.gpio_rcc_init_all)
    gpio_read_input                          0x0800387b   Thumb Code     8  gpio.o(i.gpio_read_input)
    gpio_toggle                              0x08003883   Thumb Code    32  gpio.o(i.gpio_toggle)
    gpio_write                               0x080038a3   Thumb Code    10  gpio.o(i.gpio_write)
    gun_can_motor_init                       0x080038ad   Thumb Code    22  gun_can_motor.o(i.gun_can_motor_init)
    gyro_init                                0x080038c9   Thumb Code    24  gyro.o(i.gyro_init)
    gyro_interrupt_handler                   0x080038e5   Thumb Code   370  gyro.o(i.gyro_interrupt_handler)
    int_cos                                  0x08003a69   Thumb Code     8  approx_math.o(i.int_cos)
    int_sin                                  0x08003a71   Thumb Code   128  approx_math.o(i.int_sin)
    led_blink                                0x08003af9   Thumb Code    10  led.o(i.led_blink)
    led_init                                 0x08003b09   Thumb Code    36  led.o(i.led_init)
    main                                     0x08003b31   Thumb Code   246  main.o(i.main)
    motor_init                               0x08003c61   Thumb Code     4  motor_control.o(i.motor_init)
    n_bytes_to_one                           0x08003c65   Thumb Code    30  can_protocol.o(i.n_bytes_to_one)
    pneu_init                                0x08003c85   Thumb Code    36  pneumatic.o(i.pneu_init)
    servo_init                               0x08003cad   Thumb Code   278  servo.o(i.servo_init)
    spi_init                                 0x08003dc9   Thumb Code   264  spi_protocol.o(i.spi_init)
    spi_rx_set_handler                       0x08003ee9   Thumb Code    96  spi_protocol.o(i.spi_rx_set_handler)
    spi_tx_byte                              0x08003f51   Thumb Code   106  spi_protocol.o(i.spi_tx_byte)
    spi_xbc_mb_init                          0x08003fc1   Thumb Code   148  spi_xbc_mb.o(i.spi_xbc_mb_init)
    spi_xbc_rx_handler                       0x08004061   Thumb Code   354  spi_xbc_mb.o(i.spi_xbc_rx_handler)
    tft_clear                                0x080041d5   Thumb Code   120  lcd_main.o(i.tft_clear)
    tft_fill_color                           0x08004255   Thumb Code    68  lcd_main.o(i.tft_fill_color)
    tft_init                                 0x0800429d   Thumb Code   772  lcd_main.o(i.tft_init)
    tft_println                              0x080045b1   Thumb Code    54  lcd_main.o(i.tft_println)
    tft_update                               0x080046f5   Thumb Code   504  lcd_main.o(i.tft_update)
    ticks_init                               0x0800496d   Thumb Code   100  ticks.o(i.ticks_init)
    timer_init                               0x080049d5   Thumb Code   118  timer.o(i.timer_init)
    uart_init                                0x08004a59   Thumb Code   186  uart.o(i.uart_init)
    uart_interrupt_init                      0x08004b19   Thumb Code     8  uart.o(i.uart_interrupt_init)
    xbc_mb_init                              0x08004b9d   Thumb Code    22  xbc_mb.o(i.xbc_mb_init)
    PA0                                      0x08004d98   Data           8  gpio.o(.constdata)
    PA1                                      0x08004da0   Data           8  gpio.o(.constdata)
    PA2                                      0x08004da8   Data           8  gpio.o(.constdata)
    PA3                                      0x08004db0   Data           8  gpio.o(.constdata)
    PA4                                      0x08004db8   Data           8  gpio.o(.constdata)
    PA5                                      0x08004dc0   Data           8  gpio.o(.constdata)
    PA6                                      0x08004dc8   Data           8  gpio.o(.constdata)
    PA7                                      0x08004dd0   Data           8  gpio.o(.constdata)
    PA8                                      0x08004dd8   Data           8  gpio.o(.constdata)
    PA9                                      0x08004de0   Data           8  gpio.o(.constdata)
    PA10                                     0x08004de8   Data           8  gpio.o(.constdata)
    PA11                                     0x08004df0   Data           8  gpio.o(.constdata)
    PA12                                     0x08004df8   Data           8  gpio.o(.constdata)
    PA15                                     0x08004e00   Data           8  gpio.o(.constdata)
    PB0                                      0x08004e08   Data           8  gpio.o(.constdata)
    PB1                                      0x08004e10   Data           8  gpio.o(.constdata)
    PB3                                      0x08004e18   Data           8  gpio.o(.constdata)
    PB5                                      0x08004e20   Data           8  gpio.o(.constdata)
    PB6                                      0x08004e28   Data           8  gpio.o(.constdata)
    PB10                                     0x08004e30   Data           8  gpio.o(.constdata)
    PB11                                     0x08004e38   Data           8  gpio.o(.constdata)
    PB12                                     0x08004e40   Data           8  gpio.o(.constdata)
    PB13                                     0x08004e48   Data           8  gpio.o(.constdata)
    PB14                                     0x08004e50   Data           8  gpio.o(.constdata)
    PB15                                     0x08004e58   Data           8  gpio.o(.constdata)
    PC0                                      0x08004e60   Data           8  gpio.o(.constdata)
    PC1                                      0x08004e68   Data           8  gpio.o(.constdata)
    PC2                                      0x08004e70   Data           8  gpio.o(.constdata)
    PC3                                      0x08004e78   Data           8  gpio.o(.constdata)
    PC4                                      0x08004e80   Data           8  gpio.o(.constdata)
    PC5                                      0x08004e88   Data           8  gpio.o(.constdata)
    PC10                                     0x08004e90   Data           8  gpio.o(.constdata)
    PC11                                     0x08004e98   Data           8  gpio.o(.constdata)
    PC12                                     0x08004ea0   Data           8  gpio.o(.constdata)
    PC13                                     0x08004ea8   Data           8  gpio.o(.constdata)
    PC14                                     0x08004eb0   Data           8  gpio.o(.constdata)
    PC15                                     0x08004eb8   Data           8  gpio.o(.constdata)
    PD0                                      0x08004ec0   Data           8  gpio.o(.constdata)
    PD1                                      0x08004ec8   Data           8  gpio.o(.constdata)
    PD2                                      0x08004ed0   Data           8  gpio.o(.constdata)
    PD3                                      0x08004ed8   Data           8  gpio.o(.constdata)
    PD4                                      0x08004ee0   Data           8  gpio.o(.constdata)
    PD5                                      0x08004ee8   Data           8  gpio.o(.constdata)
    PD6                                      0x08004ef0   Data           8  gpio.o(.constdata)
    PD7                                      0x08004ef8   Data           8  gpio.o(.constdata)
    PD8                                      0x08004f00   Data           8  gpio.o(.constdata)
    PD9                                      0x08004f08   Data           8  gpio.o(.constdata)
    PD10                                     0x08004f10   Data           8  gpio.o(.constdata)
    PD11                                     0x08004f18   Data           8  gpio.o(.constdata)
    PD12                                     0x08004f20   Data           8  gpio.o(.constdata)
    PD13                                     0x08004f28   Data           8  gpio.o(.constdata)
    PD14                                     0x08004f30   Data           8  gpio.o(.constdata)
    PD15                                     0x08004f38   Data           8  gpio.o(.constdata)
    PF2                                      0x08004f40   Data           8  gpio.o(.constdata)
    PF3                                      0x08004f48   Data           8  gpio.o(.constdata)
    PF4                                      0x08004f50   Data           8  gpio.o(.constdata)
    PF5                                      0x08004f58   Data           8  gpio.o(.constdata)
    PF6                                      0x08004f60   Data           8  gpio.o(.constdata)
    PF7                                      0x08004f68   Data           8  gpio.o(.constdata)
    PF8                                      0x08004f70   Data           8  gpio.o(.constdata)
    PF9                                      0x08004f78   Data           8  gpio.o(.constdata)
    PF10                                     0x08004f80   Data           8  gpio.o(.constdata)
    PF11                                     0x08004f88   Data           8  gpio.o(.constdata)
    PF12                                     0x08004f90   Data           8  gpio.o(.constdata)
    PF13                                     0x08004f98   Data           8  gpio.o(.constdata)
    PF14                                     0x08004fa0   Data           8  gpio.o(.constdata)
    PG9                                      0x08004fa8   Data           8  gpio.o(.constdata)
    PG14                                     0x08004fb0   Data           8  gpio.o(.constdata)
    Region$$Table$$Base                      0x08004ff0   Number         0  anon$$obj.o(Region$$Table)
    Region$$Table$$Limit                     0x08005010   Number         0  anon$$obj.o(Region$$Table)
    IsClockFucked                            0x20000010   Data           1  system_stm32f4xx.o(.data)
    SystemCoreClock                          0x20000014   Data           4  system_stm32f4xx.o(.data)
    AHBPrescTable                            0x20000018   Data          16  system_stm32f4xx.o(.data)
    tan_val                                  0x20000030   Data         182  approx_math.o(.data)
    cos_val                                  0x200000e6   Data         182  approx_math.o(.data)
    CAN_tx_queue                             0x200001b0   Data          16  can_protocol.o(.data)
    msTicks                                  0x20000210   Data           4  ticks.o(.data)
    reply_flag                               0x2000024f   Data           1  gyro.o(.data)
    gyro_available                           0x20000250   Data           1  gyro.o(.data)
    SHIFT_X                                  0x20000258   Data           4  gyro.o(.data)
    SHIFT_Y                                  0x2000025c   Data           4  gyro.o(.data)
    tft_orientation                          0x2000026c   Data           1  lcd_main.o(.data)
    tft_enabled                              0x2000026d   Data           1  lcd_main.o(.data)
    tft_y_index                              0x2000026e   Data           1  lcd_main.o(.data)
    char_max_x                               0x20000271   Data           1  lcd_main.o(.data)
    char_max_y                               0x20000272   Data           1  lcd_main.o(.data)
    cur_screen                               0x20000273   Data           1  lcd_main.o(.data)
    next_screen                              0x20000274   Data           1  lcd_main.o(.data)
    curr_bg_color                            0x20000276   Data           2  lcd_main.o(.data)
    curr_text_color                          0x20000278   Data           2  lcd_main.o(.data)
    curr_text_color_sp                       0x2000027a   Data           2  lcd_main.o(.data)
    ascii_8x16                               0x2000028c   Data        1536  lcd_main.o(.data)
    CAN_Rx_Handlers                          0x20000924   Data         112  can_protocol.o(.bss)
    text_buf                                 0x20001a1e   Data         320  lcd_main.o(.bss)
    text_color_buf                           0x20001b5e   Data         640  lcd_main.o(.bss)
    bg_color_buf                             0x20001dde   Data         640  lcd_main.o(.bss)
    __initial_sp                             0x20002a58   Data           0  startup_stm32f40_41xxx.o(STACK)



==============================================================================

Memory Map of the image

  Image Entry point : 0x08000189

  Load Region LR_IROM1 (Base: 0x08000000, Size: 0x0000591c, Max: 0x00100000, ABSOLUTE, COMPRESSED[0x000054e4])

    Execution Region ER_IROM1 (Base: 0x08000000, Size: 0x00005010, Max: 0x00100000, ABSOLUTE)

    Base Addr    Size         Type   Attr      Idx    E Section Name        Object

    0x08000000   0x00000188   Data   RO         5420    RESET               startup_stm32f40_41xxx.o
    0x08000188   0x00000000   Code   RO         7753  * .ARM.Collect$$$$00000000  mc_w.l(entry.o)
    0x08000188   0x00000004   Code   RO         7842    .ARM.Collect$$$$00000001  mc_w.l(entry2.o)
    0x0800018c   0x00000004   Code   RO         7845    .ARM.Collect$$$$00000004  mc_w.l(entry5.o)
    0x08000190   0x00000000   Code   RO         7847    .ARM.Collect$$$$00000008  mc_w.l(entry7b.o)
    0x08000190   0x00000000   Code   RO         7849    .ARM.Collect$$$$0000000A  mc_w.l(entry8b.o)
    0x08000190   0x00000008   Code   RO         7850    .ARM.Collect$$$$0000000B  mc_w.l(entry9a.o)
    0x08000198   0x00000000   Code   RO         7852    .ARM.Collect$$$$0000000D  mc_w.l(entry10a.o)
    0x08000198   0x00000000   Code   RO         7854    .ARM.Collect$$$$0000000F  mc_w.l(entry11a.o)
    0x08000198   0x00000004   Code   RO         7843    .ARM.Collect$$$$00002712  mc_w.l(entry2.o)
    0x0800019c   0x00000024   Code   RO         5421    .text               startup_stm32f40_41xxx.o
    0x080001c0   0x00000062   Code   RO         7756    .text               mc_w.l(uldiv.o)
    0x08000222   0x0000002c   Code   RO         7859    .text               mc_w.l(uidiv.o)
    0x0800024e   0x0000001e   Code   RO         7861    .text               mc_w.l(llshl.o)
    0x0800026c   0x00000020   Code   RO         7863    .text               mc_w.l(llushr.o)
    0x0800028c   0x00000000   Code   RO         7878    .text               mc_w.l(iusefp.o)
    0x0800028c   0x0000014e   Code   RO         7879    .text               mf_w.l(dadd.o)
    0x080003da   0x000000e4   Code   RO         7881    .text               mf_w.l(dmul.o)
    0x080004be   0x000000de   Code   RO         7883    .text               mf_w.l(ddiv.o)
    0x0800059c   0x00000030   Code   RO         7885    .text               mf_w.l(dfixul.o)
    0x080005cc   0x00000030   Code   RO         7887    .text               mf_w.l(cdrcmple.o)
    0x080005fc   0x00000024   Code   RO         7889    .text               mc_w.l(init.o)
    0x08000620   0x00000024   Code   RO         7892    .text               mc_w.l(llsshr.o)
    0x08000644   0x000000ba   Code   RO         7895    .text               mf_w.l(depilogue.o)
    0x080006fe   0x00000056   Code   RO         7905    .text               mc_w.l(__dczerorl2.o)
    0x08000754   0x00000012   Code   RO           10    i.ADC_Cmd           stm32f4xx_adc.o
    0x08000766   0x00000002   PAD
    0x08000768   0x0000002c   Code   RO           11    i.ADC_CommonInit    stm32f4xx_adc.o
    0x08000794   0x00000012   Code   RO           14    i.ADC_DMACmd        stm32f4xx_adc.o
    0x080007a6   0x00000012   Code   RO           15    i.ADC_DMARequestAfterLastTransferCmd  stm32f4xx_adc.o
    0x080007b8   0x00000054   Code   RO           30    i.ADC_Init          stm32f4xx_adc.o
    0x0800080c   0x00000090   Code   RO           35    i.ADC_RegularChannelConfig  stm32f4xx_adc.o
    0x0800089c   0x0000000a   Code   RO           37    i.ADC_SoftwareStartConv  stm32f4xx_adc.o
    0x080008a6   0x00000002   PAD
    0x080008a8   0x0000001c   Code   RO           40    i.ADC_TempSensorVrefintCmd  stm32f4xx_adc.o
    0x080008c4   0x0000001c   Code   RO           41    i.ADC_VBATCmd       stm32f4xx_adc.o
    0x080008e0   0x00000002   Code   RO         5092    i.BusFault_Handler  stm32f4xx_it.o
    0x080008e2   0x00000002   PAD
    0x080008e4   0x00000064   Code   RO         5600    i.CAN1_RX0_IRQHandler  can_protocol.o
    0x08000948   0x00000064   Code   RO         5601    i.CAN1_RX1_IRQHandler  can_protocol.o
    0x080009ac   0x0000002c   Code   RO         5602    i.CAN1_TX_IRQHandler  can_protocol.o
    0x080009d8   0x00000068   Code   RO         5603    i.CAN2_RX0_IRQHandler  can_protocol.o
    0x08000a40   0x00000068   Code   RO         5604    i.CAN2_RX1_IRQHandler  can_protocol.o
    0x08000aa8   0x0000002c   Code   RO         5605    i.CAN2_TX_IRQHandler  can_protocol.o
    0x08000ad4   0x0000009c   Code   RO          359    i.CAN_ClearITPendingBit  stm32f4xx_can.o
    0x08000b70   0x0000003a   Code   RO          361    i.CAN_DeInit        stm32f4xx_can.o
    0x08000baa   0x00000002   PAD
    0x08000bac   0x000000ec   Code   RO          363    i.CAN_FilterInit    stm32f4xx_can.o
    0x08000c98   0x0000010c   Code   RO          365    i.CAN_GetITStatus   stm32f4xx_can.o
    0x08000da4   0x00000010   Code   RO          369    i.CAN_ITConfig      stm32f4xx_can.o
    0x08000db4   0x000000f2   Code   RO          370    i.CAN_Init          stm32f4xx_can.o
    0x08000ea6   0x000000b4   Code   RO          373    i.CAN_Receive       stm32f4xx_can.o
    0x08000f5a   0x00000002   PAD
    0x08000f5c   0x0000002c   Code   RO          374    i.CAN_SlaveStartBank  stm32f4xx_can.o
    0x08000f88   0x00000020   Code   RO          376    i.CAN_StructInit    stm32f4xx_can.o
    0x08000fa8   0x00000020   Code   RO          546    i.CRC_CalcBlockCRC  stm32f4xx_crc.o
    0x08000fc8   0x0000000c   Code   RO          550    i.CRC_ResetDR       stm32f4xx_crc.o
    0x08000fd4   0x00000012   Code   RO         1133    i.DMA_Cmd           stm32f4xx_dma.o
    0x08000fe6   0x00000002   PAD
    0x08000fe8   0x00000078   Code   RO         1145    i.DMA_Init          stm32f4xx_dma.o
    0x08001060   0x00000002   Code   RO         5093    i.DebugMon_Handler  stm32f4xx_it.o
    0x08001062   0x00000002   PAD
    0x08001064   0x00000048   Code   RO         7304    i.EXTI15_10_IRQHandler  spi_xbc_mb.o
    0x080010ac   0x0000000c   Code   RO         1423    i.EXTI_ClearITPendingBit  stm32f4xx_exti.o
    0x080010b8   0x00000014   Code   RO         1427    i.EXTI_GetITStatus  stm32f4xx_exti.o
    0x080010cc   0x00000090   Code   RO         1428    i.EXTI_Init         stm32f4xx_exti.o
    0x0800115c   0x0000009e   Code   RO         1945    i.GPIO_Init         stm32f4xx_gpio.o
    0x080011fa   0x00000022   Code   RO         1946    i.GPIO_PinAFConfig  stm32f4xx_gpio.o
    0x0800121c   0x0000000e   Code   RO         1949    i.GPIO_ReadInputDataBit  stm32f4xx_gpio.o
    0x0800122a   0x0000000e   Code   RO         1951    i.GPIO_ReadOutputDataBit  stm32f4xx_gpio.o
    0x08001238   0x00000004   Code   RO         1952    i.GPIO_ResetBits    stm32f4xx_gpio.o
    0x0800123c   0x00000004   Code   RO         1953    i.GPIO_SetBits      stm32f4xx_gpio.o
    0x08001240   0x00000012   Code   RO         1954    i.GPIO_StructInit   stm32f4xx_gpio.o
    0x08001252   0x0000000a   Code   RO         1957    i.GPIO_WriteBit     stm32f4xx_gpio.o
    0x0800125c   0x00000002   Code   RO         5094    i.HardFault_Handler  stm32f4xx_it.o
    0x0800125e   0x00000002   Code   RO         5095    i.MemManage_Handler  stm32f4xx_it.o
    0x08001260   0x00000002   Code   RO         5096    i.NMI_Handler       stm32f4xx_it.o
    0x08001262   0x00000002   PAD
    0x08001264   0x00000074   Code   RO         5334    i.NVIC_Init         misc.o
    0x080012d8   0x00000002   Code   RO         5097    i.PendSV_Handler    stm32f4xx_it.o
    0x080012da   0x00000002   PAD
    0x080012dc   0x00000018   Code   RO         2886    i.RCC_AHB1PeriphClockCmd  stm32f4xx_rcc.o
    0x080012f4   0x00000018   Code   RO         2895    i.RCC_APB1PeriphClockCmd  stm32f4xx_rcc.o
    0x0800130c   0x00000018   Code   RO         2897    i.RCC_APB1PeriphResetCmd  stm32f4xx_rcc.o
    0x08001324   0x00000018   Code   RO         2898    i.RCC_APB2PeriphClockCmd  stm32f4xx_rcc.o
    0x0800133c   0x00000018   Code   RO         2900    i.RCC_APB2PeriphResetCmd  stm32f4xx_rcc.o
    0x08001354   0x000000a0   Code   RO         2907    i.RCC_GetClocksFreq  stm32f4xx_rcc.o
    0x080013f4   0x00000034   Code   RO         6275    i.SPI1_IRQHandler   spi_protocol.o
    0x08001428   0x00000034   Code   RO         6276    i.SPI2_IRQHandler   spi_protocol.o
    0x0800145c   0x00000034   Code   RO         6277    i.SPI3_IRQHandler   spi_protocol.o
    0x08001490   0x00000012   Code   RO         4050    i.SPI_CalculateCRC  stm32f4xx_spi.o
    0x080014a2   0x00000012   Code   RO         4051    i.SPI_Cmd           stm32f4xx_spi.o
    0x080014b4   0x000000c4   Code   RO         4058    i.SPI_I2S_DeInit    stm32f4xx_spi.o
    0x08001578   0x0000000e   Code   RO         4059    i.SPI_I2S_GetFlagStatus  stm32f4xx_spi.o
    0x08001586   0x0000002e   Code   RO         4060    i.SPI_I2S_GetITStatus  stm32f4xx_spi.o
    0x080015b4   0x0000001a   Code   RO         4061    i.SPI_I2S_ITConfig  stm32f4xx_spi.o
    0x080015ce   0x00000004   Code   RO         4062    i.SPI_I2S_ReceiveData  stm32f4xx_spi.o
    0x080015d2   0x00000004   Code   RO         4063    i.SPI_I2S_SendData  stm32f4xx_spi.o
    0x080015d6   0x00000054   Code   RO         4064    i.SPI_Init          stm32f4xx_spi.o
    0x0800162a   0x00000016   Code   RO         4065    i.SPI_NSSInternalSoftwareConfig  stm32f4xx_spi.o
    0x08001640   0x00000012   Code   RO         4066    i.SPI_SSOutputCmd   stm32f4xx_spi.o
    0x08001652   0x00000002   Code   RO         5098    i.SVC_Handler       stm32f4xx_it.o
    0x08001654   0x0000002e   Code   RO         4219    i.SYSCFG_EXTILineConfig  stm32f4xx_syscfg.o
    0x08001682   0x00000002   Code   RO         5099    i.SysTick_Handler   stm32f4xx_it.o
    0x08001684   0x00000084   Code   RO         5385    i.SystemCoreClockUpdate  system_stm32f4xx.o
    0x08001708   0x00000144   Code   RO         5386    i.SystemInit        system_stm32f4xx.o
    0x0800184c   0x00000028   Code   RO         5957    i.TIM2_IRQHandler   ticks.o
    0x08001874   0x000000fc   Code   RO         7215    i.TIM7_IRQHandler   timer.o
    0x08001970   0x00000012   Code   RO         4280    i.TIM_ARRPreloadConfig  stm32f4xx_tim.o
    0x08001982   0x00000006   Code   RO         4287    i.TIM_ClearITPendingBit  stm32f4xx_tim.o
    0x08001988   0x00000012   Code   RO         4292    i.TIM_Cmd           stm32f4xx_tim.o
    0x0800199a   0x00000016   Code   RO         4294    i.TIM_CtrlPWMOutputs  stm32f4xx_tim.o
    0x080019b0   0x0000003c   Code   RO         4301    i.TIM_EncoderInterfaceConfig  stm32f4xx_tim.o
    0x080019ec   0x00000004   Code   RO         4311    i.TIM_GetCounter    stm32f4xx_tim.o
    0x080019f0   0x00000016   Code   RO         4313    i.TIM_GetITStatus   stm32f4xx_tim.o
    0x08001a06   0x00000010   Code   RO         4317    i.TIM_ITConfig      stm32f4xx_tim.o
    0x08001a16   0x00000068   Code   RO         4321    i.TIM_OC1Init       stm32f4xx_tim.o
    0x08001a7e   0x0000000c   Code   RO         4324    i.TIM_OC1PreloadConfig  stm32f4xx_tim.o
    0x08001a8a   0x00000086   Code   RO         4326    i.TIM_OC2Init       stm32f4xx_tim.o
    0x08001b10   0x00000014   Code   RO         4329    i.TIM_OC2PreloadConfig  stm32f4xx_tim.o
    0x08001b24   0x00000084   Code   RO         4331    i.TIM_OC3Init       stm32f4xx_tim.o
    0x08001ba8   0x0000000c   Code   RO         4334    i.TIM_OC3PreloadConfig  stm32f4xx_tim.o
    0x08001bb4   0x00000068   Code   RO         4336    i.TIM_OC4Init       stm32f4xx_tim.o
    0x08001c1c   0x00000014   Code   RO         4338    i.TIM_OC4PreloadConfig  stm32f4xx_tim.o
    0x08001c30   0x00000004   Code   RO         4352    i.TIM_SetAutoreload  stm32f4xx_tim.o
    0x08001c34   0x00000004   Code   RO         4358    i.TIM_SetCounter    stm32f4xx_tim.o
    0x08001c38   0x00000080   Code   RO         4364    i.TIM_TimeBaseInit  stm32f4xx_tim.o
    0x08001cb8   0x00000064   Code   RO         5775    i.UART4_IRQHandler  uart.o
    0x08001d1c   0x00000060   Code   RO         5776    i.UART5_IRQHandler  uart.o
    0x08001d7c   0x00000060   Code   RO         5777    i.USART1_IRQHandler  uart.o
    0x08001ddc   0x00000064   Code   RO         5778    i.USART2_IRQHandler  uart.o
    0x08001e40   0x00000064   Code   RO         5779    i.USART3_IRQHandler  uart.o
    0x08001ea4   0x00000064   Code   RO         5780    i.USART6_IRQHandler  uart.o
    0x08001f08   0x0000000e   Code   RO         4829    i.USART_ClearITPendingBit  stm32f4xx_usart.o
    0x08001f16   0x00000012   Code   RO         4832    i.USART_Cmd         stm32f4xx_usart.o
    0x08001f28   0x0000000e   Code   RO         4835    i.USART_GetFlagStatus  stm32f4xx_usart.o
    0x08001f36   0x00000042   Code   RO         4836    i.USART_GetITStatus  stm32f4xx_usart.o
    0x08001f78   0x00000030   Code   RO         4838    i.USART_ITConfig    stm32f4xx_usart.o
    0x08001fa8   0x000000b8   Code   RO         4839    i.USART_Init        stm32f4xx_usart.o
    0x08002060   0x00000008   Code   RO         4846    i.USART_ReceiveData  stm32f4xx_usart.o
    0x08002068   0x00000002   Code   RO         5100    i.UsageFault_Handler  stm32f4xx_it.o
    0x0800206a   0x00000002   PAD
    0x0800206c   0x00000024   Code   RO         7765    i.__0vsprintf       mc_w.l(printfa.o)
    0x08002090   0x0000000e   Code   RO         7899    i.__scatterload_copy  mc_w.l(handlers.o)
    0x0800209e   0x00000002   Code   RO         7900    i.__scatterload_null  mc_w.l(handlers.o)
    0x080020a0   0x0000000e   Code   RO         7901    i.__scatterload_zeroinit  mc_w.l(handlers.o)
    0x080020ae   0x0000001a   Code   RO         5958    i._delay_ms         ticks.o
    0x080020c8   0x00000184   Code   RO         7766    i._fp_digits        mc_w.l(printfa.o)
    0x0800224c   0x000006dc   Code   RO         7767    i._printf_core      mc_w.l(printfa.o)
    0x08002928   0x00000024   Code   RO         7768    i._printf_post_padding  mc_w.l(printfa.o)
    0x0800294c   0x0000002e   Code   RO         7769    i._printf_pre_padding  mc_w.l(printfa.o)
    0x0800297a   0x0000000a   Code   RO         7771    i._sputc            mc_w.l(printfa.o)
    0x08002984   0x00000184   Code   RO         5483    i.adc_init          adc.o
    0x08002b08   0x00000028   Code   RO         7568    i.bt_xbc_mb_init    bt_xbc_mb.o
    0x08002b30   0x00000174   Code   RO         7569    i.bt_xbc_receiver   bt_xbc_mb.o
    0x08002ca4   0x0000002c   Code   RO         6350    i.btn_init          button.o
    0x08002cd0   0x000000b0   Code   RO         6355    i.btn_update        button.o
    0x08002d80   0x0000001c   Code   RO         6425    i.buzzer_init       buzzer.o
    0x08002d9c   0x0000000c   Code   RO         6426    i.buzzer_off        buzzer.o
    0x08002da8   0x0000000c   Code   RO         6427    i.buzzer_on         buzzer.o
    0x08002db4   0x00000154   Code   RO         5606    i.can1_tx_dequeue   can_protocol.o
    0x08002f08   0x00000154   Code   RO         5607    i.can2_tx_dequeue   can_protocol.o
    0x0800305c   0x00000140   Code   RO         5608    i.can_init          can_protocol.o
    0x0800319c   0x0000001c   Code   RO         6465    i.can_motor_init    can_motor.o
    0x080031b8   0x00000078   Code   RO         5609    i.can_rx_add_filter  can_protocol.o
    0x08003230   0x00000088   Code   RO         5610    i.can_rx_init       can_protocol.o
    0x080032b8   0x0000009c   Code   RO         7505    i.can_xbc_mb_decoding  can_xbc_mb.o
    0x08003354   0x00000028   Code   RO         7506    i.can_xbc_mb_init   can_xbc_mb.o
    0x0800337c   0x00000008   Code   RO         7216    i.do_after          timer.o
    0x08003384   0x000000f8   Code   RO         7217    i.do_after_for      timer.o
    0x0800347c   0x000000a0   Code   RO         5728    i.encoder_2_init    encoder.o
    0x0800351c   0x0000003c   Code   RO         6470    i.feedback_decoding  can_motor.o
    0x08003558   0x00000108   Code   RO         6532    i.feedback_decoding  gun_can_motor.o
    0x08003660   0x00000098   Code   RO         6005    i.getPinSource      gpio.o
    0x080036f8   0x0000004a   Code   RO         6006    i.gpio_af_init      gpio.o
    0x08003742   0x00000028   Code   RO         6007    i.gpio_init         gpio.o
    0x0800376a   0x00000028   Code   RO         6008    i.gpio_input_init   gpio.o
    0x08003792   0x00000034   Code   RO         6009    i.gpio_output_init  gpio.o
    0x080037c6   0x00000002   PAD
    0x080037c8   0x00000074   Code   RO         6010    i.gpio_rcc_init     gpio.o
    0x0800383c   0x0000003e   Code   RO         6011    i.gpio_rcc_init_all  gpio.o
    0x0800387a   0x00000008   Code   RO         6012    i.gpio_read_input   gpio.o
    0x08003882   0x00000020   Code   RO         6014    i.gpio_toggle       gpio.o
    0x080038a2   0x0000000a   Code   RO         6015    i.gpio_write        gpio.o
    0x080038ac   0x0000001c   Code   RO         6538    i.gun_can_motor_init  gun_can_motor.o
    0x080038c8   0x0000001c   Code   RO         6714    i.gyro_init         gyro.o
    0x080038e4   0x00000184   Code   RO         6715    i.gyro_interrupt_handler  gyro.o
    0x08003a68   0x00000008   Code   RO         5534    i.int_cos           approx_math.o
    0x08003a70   0x00000088   Code   RO         5535    i.int_sin           approx_math.o
    0x08003af8   0x00000010   Code   RO         6999    i.led_blink         led.o
    0x08003b08   0x00000028   Code   RO         7001    i.led_init          led.o
    0x08003b30   0x00000130   Code   RO         5428    i.main              main.o
    0x08003c60   0x00000004   Code   RO         7041    i.motor_init        motor_control.o
    0x08003c64   0x0000001e   Code   RO         5616    i.n_bytes_to_one    can_protocol.o
    0x08003c82   0x00000002   PAD
    0x08003c84   0x00000028   Code   RO         7175    i.pneu_init         pneumatic.o
    0x08003cac   0x0000011c   Code   RO         5918    i.servo_init        servo.o
    0x08003dc8   0x00000120   Code   RO         6280    i.spi_init          spi_protocol.o
    0x08003ee8   0x00000068   Code   RO         6281    i.spi_rx_set_handler  spi_protocol.o
    0x08003f50   0x00000070   Code   RO         6282    i.spi_tx_byte       spi_protocol.o
    0x08003fc0   0x000000a0   Code   RO         7311    i.spi_xbc_mb_init   spi_xbc_mb.o
    0x08004060   0x00000174   Code   RO         7312    i.spi_xbc_rx_handler  spi_xbc_mb.o
    0x080041d4   0x00000080   Code   RO         6833    i.tft_clear         lcd_main.o
    0x08004254   0x00000048   Code   RO         6837    i.tft_fill_color    lcd_main.o
    0x0800429c   0x00000314   Code   RO         6842    i.tft_init          lcd_main.o
    0x080045b0   0x0000003c   Code   RO         6843    i.tft_println       lcd_main.o
    0x080045ec   0x00000098   Code   RO         6848    i.tft_set_buffer    lcd_main.o
    0x08004684   0x00000070   Code   RO         6849    i.tft_set_region    lcd_main.o
    0x080046f4   0x00000208   Code   RO         6853    i.tft_update        lcd_main.o
    0x080048fc   0x00000038   Code   RO         6854    i.tft_write_command  lcd_main.o
    0x08004934   0x00000038   Code   RO         6855    i.tft_write_data    lcd_main.o
    0x0800496c   0x00000068   Code   RO         5960    i.ticks_init        ticks.o
    0x080049d4   0x00000084   Code   RO         7219    i.timer_init        timer.o
    0x08004a58   0x000000c0   Code   RO         5782    i.uart_init         uart.o
    0x08004b18   0x0000000c   Code   RO         5783    i.uart_interrupt_init  uart.o
    0x08004b24   0x00000078   Code   RO         5789    i.uart_tx_dequeue   uart.o
    0x08004b9c   0x0000001c   Code   RO         7396    i.xbc_mb_init       xbc_mb.o
    0x08004bb8   0x000000a8   Data   RO         5487    .constdata          adc.o
    0x08004c60   0x00000078   Data   RO         5797    .constdata          uart.o
    0x08004cd8   0x000000c0   Data   RO         5919    .constdata          servo.o
    0x08004d98   0x00000008   Data   RO         6016    .constdata          gpio.o
    0x08004da0   0x00000008   Data   RO         6017    .constdata          gpio.o
    0x08004da8   0x00000008   Data   RO         6018    .constdata          gpio.o
    0x08004db0   0x00000008   Data   RO         6019    .constdata          gpio.o
    0x08004db8   0x00000008   Data   RO         6020    .constdata          gpio.o
    0x08004dc0   0x00000008   Data   RO         6021    .constdata          gpio.o
    0x08004dc8   0x00000008   Data   RO         6022    .constdata          gpio.o
    0x08004dd0   0x00000008   Data   RO         6023    .constdata          gpio.o
    0x08004dd8   0x00000008   Data   RO         6024    .constdata          gpio.o
    0x08004de0   0x00000008   Data   RO         6025    .constdata          gpio.o
    0x08004de8   0x00000008   Data   RO         6026    .constdata          gpio.o
    0x08004df0   0x00000008   Data   RO         6027    .constdata          gpio.o
    0x08004df8   0x00000008   Data   RO         6028    .constdata          gpio.o
    0x08004e00   0x00000008   Data   RO         6031    .constdata          gpio.o
    0x08004e08   0x00000008   Data   RO         6032    .constdata          gpio.o
    0x08004e10   0x00000008   Data   RO         6033    .constdata          gpio.o
    0x08004e18   0x00000008   Data   RO         6035    .constdata          gpio.o
    0x08004e20   0x00000008   Data   RO         6037    .constdata          gpio.o
    0x08004e28   0x00000008   Data   RO         6038    .constdata          gpio.o
    0x08004e30   0x00000008   Data   RO         6042    .constdata          gpio.o
    0x08004e38   0x00000008   Data   RO         6043    .constdata          gpio.o
    0x08004e40   0x00000008   Data   RO         6044    .constdata          gpio.o
    0x08004e48   0x00000008   Data   RO         6045    .constdata          gpio.o
    0x08004e50   0x00000008   Data   RO         6046    .constdata          gpio.o
    0x08004e58   0x00000008   Data   RO         6047    .constdata          gpio.o
    0x08004e60   0x00000008   Data   RO         6048    .constdata          gpio.o
    0x08004e68   0x00000008   Data   RO         6049    .constdata          gpio.o
    0x08004e70   0x00000008   Data   RO         6050    .constdata          gpio.o
    0x08004e78   0x00000008   Data   RO         6051    .constdata          gpio.o
    0x08004e80   0x00000008   Data   RO         6052    .constdata          gpio.o
    0x08004e88   0x00000008   Data   RO         6053    .constdata          gpio.o
    0x08004e90   0x00000008   Data   RO         6058    .constdata          gpio.o
    0x08004e98   0x00000008   Data   RO         6059    .constdata          gpio.o
    0x08004ea0   0x00000008   Data   RO         6060    .constdata          gpio.o
    0x08004ea8   0x00000008   Data   RO         6061    .constdata          gpio.o
    0x08004eb0   0x00000008   Data   RO         6062    .constdata          gpio.o
    0x08004eb8   0x00000008   Data   RO         6063    .constdata          gpio.o
    0x08004ec0   0x00000008   Data   RO         6064    .constdata          gpio.o
    0x08004ec8   0x00000008   Data   RO         6065    .constdata          gpio.o
    0x08004ed0   0x00000008   Data   RO         6066    .constdata          gpio.o
    0x08004ed8   0x00000008   Data   RO         6067    .constdata          gpio.o
    0x08004ee0   0x00000008   Data   RO         6068    .constdata          gpio.o
    0x08004ee8   0x00000008   Data   RO         6069    .constdata          gpio.o
    0x08004ef0   0x00000008   Data   RO         6070    .constdata          gpio.o
    0x08004ef8   0x00000008   Data   RO         6071    .constdata          gpio.o
    0x08004f00   0x00000008   Data   RO         6072    .constdata          gpio.o
    0x08004f08   0x00000008   Data   RO         6073    .constdata          gpio.o
    0x08004f10   0x00000008   Data   RO         6074    .constdata          gpio.o
    0x08004f18   0x00000008   Data   RO         6075    .constdata          gpio.o
    0x08004f20   0x00000008   Data   RO         6076    .constdata          gpio.o
    0x08004f28   0x00000008   Data   RO         6077    .constdata          gpio.o
    0x08004f30   0x00000008   Data   RO         6078    .constdata          gpio.o
    0x08004f38   0x00000008   Data   RO         6079    .constdata          gpio.o
    0x08004f40   0x00000008   Data   RO         6098    .constdata          gpio.o
    0x08004f48   0x00000008   Data   RO         6099    .constdata          gpio.o
    0x08004f50   0x00000008   Data   RO         6100    .constdata          gpio.o
    0x08004f58   0x00000008   Data   RO         6101    .constdata          gpio.o
    0x08004f60   0x00000008   Data   RO         6102    .constdata          gpio.o
    0x08004f68   0x00000008   Data   RO         6103    .constdata          gpio.o
    0x08004f70   0x00000008   Data   RO         6104    .constdata          gpio.o
    0x08004f78   0x00000008   Data   RO         6105    .constdata          gpio.o
    0x08004f80   0x00000008   Data   RO         6106    .constdata          gpio.o
    0x08004f88   0x00000008   Data   RO         6107    .constdata          gpio.o
    0x08004f90   0x00000008   Data   RO         6108    .constdata          gpio.o
    0x08004f98   0x00000008   Data   RO         6109    .constdata          gpio.o
    0x08004fa0   0x00000008   Data   RO         6110    .constdata          gpio.o
    0x08004fa8   0x00000008   Data   RO         6121    .constdata          gpio.o
    0x08004fb0   0x00000008   Data   RO         6126    .constdata          gpio.o
    0x08004fb8   0x00000038   Data   RO         6357    .constdata          button.o
    0x08004ff0   0x00000020   Data   RO         7897    Region$$Table       anon$$obj.o


    Execution Region RW_IRAM1 (Base: 0x20000000, Size: 0x00002a58, Max: 0x00020000, ABSOLUTE, COMPRESSED[0x000004d4])

    Base Addr    Size         Type   Attr      Idx    E Section Name        Object

    0x20000000   0x00000010   Data   RW         2939    .data               stm32f4xx_rcc.o
    0x20000010   0x00000018   Data   RW         5387    .data               system_stm32f4xx.o
    0x20000028   0x00000008   Data   RW         5429    .data               main.o
    0x20000030   0x0000016c   Data   RW         5537    .data               approx_math.o
    0x2000019c   0x00000024   Data   RW         5621    .data               can_protocol.o
    0x200001c0   0x00000008   Data   RW         5732    .data               encoder.o
    0x200001c8   0x00000048   Data   RW         5798    .data               uart.o
    0x20000210   0x00000004   Data   RW         5961    .data               ticks.o
    0x20000214   0x00000038   Data   RW         6284    .data               spi_protocol.o
    0x2000024c   0x00000020   Data   RW         6729    .data               gyro.o
    0x2000026c   0x00000620   Data   RW         6857    .data               lcd_main.o
    0x2000088c   0x00000008   Data   RW         7002    .data               led.o
    0x20000894   0x00000038   Data   RW         7177    .data               pneumatic.o
    0x200008cc   0x00000004   Data   RW         7221    .data               timer.o
    0x200008d0   0x00000018   Data   RW         7315    .data               spi_xbc_mb.o
    0x200008e8   0x00000001   Data   RW         7401    .data               xbc_mb.o
    0x200008e9   0x00000003   PAD
    0x200008ec   0x0000000c   Data   RW         7509    .data               can_xbc_mb.o
    0x200008f8   0x00000014   Data   RW         7574    .data               bt_xbc_mb.o
    0x2000090c   0x00000018   Zero   RW         5486    .bss                adc.o
    0x20000924   0x00000070   Zero   RW         5618    .bss                can_protocol.o
    0x20000994   0x000004b0   Zero   RW         5619    .bss                can_protocol.o
    0x20000e44   0x000004b0   Zero   RW         5620    .bss                can_protocol.o
    0x200012f4   0x00000040   Zero   RW         5790    .bss                uart.o
    0x20001334   0x00000300   Zero   RW         5791    .bss                uart.o
    0x20001634   0x00000040   Zero   RW         5792    .bss                uart.o
    0x20001674   0x00000040   Zero   RW         5793    .bss                uart.o
    0x200016b4   0x00000040   Zero   RW         5794    .bss                uart.o
    0x200016f4   0x00000040   Zero   RW         5795    .bss                uart.o
    0x20001734   0x00000018   Zero   RW         5796    .bss                uart.o
    0x2000174c   0x0000000c   Zero   RW         6283    .bss                spi_protocol.o
    0x20001758   0x0000008c   Zero   RW         6356    .bss                button.o
    0x200017e4   0x00000040   Zero   RW         6471    .bss                can_motor.o
    0x20001824   0x000001f0   Zero   RW         6550    .bss                gun_can_motor.o
    0x20001a14   0x0000000a   Zero   RW         6722    .bss                gyro.o
    0x20001a1e   0x00000640   Zero   RW         6856    .bss                lcd_main.o
    0x2000205e   0x00000002   PAD
    0x20002060   0x00000190   Zero   RW         7220    .bss                timer.o
    0x200021f0   0x0000002c   Zero   RW         7313    .bss                spi_xbc_mb.o
    0x2000221c   0x0000000c   Zero   RW         7507    .bss                can_xbc_mb.o
    0x20002228   0x0000002c   Zero   RW         7572    .bss                bt_xbc_mb.o
    0x20002254   0x00000004   PAD
    0x20002258   0x00000800   Zero   RW         5418    STACK               startup_stm32f40_41xxx.o


==============================================================================

Image component sizes


      Code (inc. data)   RO Data    RW Data    ZI Data      Debug   Object Name

       388         16        168          0         24       5805   adc.o
       144          8          0        364          0       1924   approx_math.o
       412         22          0         20         44       2083   bt_xbc_mb.o
       220         16         56          0        140       3086   button.o
        52         14          0          0          0       1363   buzzer.o
        88         10          0          0         64       1565   can_motor.o
      1782        164          0         36       2512       9173   can_protocol.o
       196         24          0         12         12       1995   can_xbc_mb.o
       160         12          0          8          0       1125   encoder.o
       586          4        544          0          0      10310   gpio.o
         0          0          0          0          0       1424   gpio_test.o
       292         38          0          0        496       3953   gun_can_motor.o
       416         28          0         32         10       3168   gyro.o
      1944         72          0       1568       1600      12155   lcd_main.o
        56         10          0          8          0       1727   led.o
       304         58          0          8          0        755   main.o
       116          6          0          0          0       3064   misc.o
         4          0          0          0          0        457   motor_control.o
        40          4          0         56          0       1628   pneumatic.o
       284          6        192          0          0       3133   servo.o
       660         68          0         56         12       5485   spi_protocol.o
       604         38          0         24         44       5491   spi_xbc_mb.o
        36          8        392          0       2048        920   startup_stm32f40_41xxx.o
       392         20          0          0          0     293116   stm32f4xx_adc.o
      1232         32          0          0          0      17870   stm32f4xx_can.o
        44         10          0          0          0       1645   stm32f4xx_crc.o
       138          4          0          0          0      15349   stm32f4xx_dma.o
       176         18          0          0          0       5044   stm32f4xx_exti.o
       256          0          0          0          0      13178   stm32f4xx_gpio.o
        18          0          0          0          0      47576   stm32f4xx_it.o
       280         46          0         16          0      22149   stm32f4xx_rcc.o
       450          0          0          0          0      16773   stm32f4xx_spi.o
        46          0          0          0          0        716   stm32f4xx_syscfg.o
       840          8          0          0          0      35244   stm32f4xx_tim.o
       352          4          0          0          0      12330   stm32f4xx_usart.o
       456         66          0         24          0       2383   system_stm32f4xx.o
       170          8          0          4          0       2157   ticks.o
       640         54          0          4        400       4213   timer.o
       916         86        120         72       1112       8362   uart.o
        28          6          0          1          0       2963   xbc_mb.o

    ----------------------------------------------------------------------
     15242        988       1504       2316       8524     582857   Object Totals
         0          0         32          0          0          0   (incl. Generated)
        24          0          0          3          6          0   (incl. Padding)

    ----------------------------------------------------------------------

      Code (inc. data)   RO Data    RW Data    ZI Data      Debug   Library Member Name

        86          0          0          0          0          0   __dczerorl2.o
         0          0          0          0          0          0   entry.o
         0          0          0          0          0          0   entry10a.o
         0          0          0          0          0          0   entry11a.o
         8          4          0          0          0          0   entry2.o
         4          0          0          0          0          0   entry5.o
         0          0          0          0          0          0   entry7b.o
         0          0          0          0          0          0   entry8b.o
         8          4          0          0          0          0   entry9a.o
        30          0          0          0          0          0   handlers.o
        36          8          0          0          0         68   init.o
         0          0          0          0          0          0   iusefp.o
        30          0          0          0          0         68   llshl.o
        36          0          0          0          0         68   llsshr.o
        32          0          0          0          0         68   llushr.o
      2272         86          0          0          0        516   printfa.o
        44          0          0          0          0         80   uidiv.o
        98          0          0          0          0         92   uldiv.o
        48          0          0          0          0         68   cdrcmple.o
       334          0          0          0          0        148   dadd.o
       222          0          0          0          0        100   ddiv.o
       186          0          0          0          0        176   depilogue.o
        48          0          0          0          0         68   dfixul.o
       228          0          0          0          0         96   dmul.o

    ----------------------------------------------------------------------
      3750        102          0          0          0       1616   Library Totals
         0          0          0          0          0          0   (incl. Padding)

    ----------------------------------------------------------------------

      Code (inc. data)   RO Data    RW Data    ZI Data      Debug   Library Name

      2684        102          0          0          0        960   mc_w.l
      1066          0          0          0          0        656   mf_w.l

    ----------------------------------------------------------------------
      3750        102          0          0          0       1616   Library Totals

    ----------------------------------------------------------------------

==============================================================================


      Code (inc. data)   RO Data    RW Data    ZI Data      Debug   

     18992       1090       1504       2316       8524     567525   Grand Totals
     18992       1090       1504       1236       8524     567525   ELF Image Totals (compressed)
     18992       1090       1504       1236          0          0   ROM Totals

==============================================================================

    Total RO  Size (Code + RO Data)                20496 (  20.02kB)
    Total RW  Size (RW Data + ZI Data)             10840 (  10.59kB)
    Total ROM Size (Code + RO Data + RW Data)      21732 (  21.22kB)

==============================================================================

