Component: ARM Compiler 5.06 update 4 (build 422) Tool: armlink [4d35d2]

==============================================================================

Section Cross References

    stm32f4xx_adc.o(i.ADC_DeInit) refers to stm32f4xx_rcc.o(i.RCC_APB2PeriphResetCmd) for RCC_APB2PeriphResetCmd
    stm32f4xx_can.o(i.CAN_DeInit) refers to stm32f4xx_rcc.o(i.RCC_APB1PeriphResetCmd) for RCC_APB1PeriphResetCmd
    stm32f4xx_cryp.o(i.CRYP_DeInit) refers to stm32f4xx_rcc.o(i.RCC_AHB2PeriphResetCmd) for RCC_AHB2PeriphResetCmd
    stm32f4xx_cryp_aes.o(i.CRYP_AES_CBC) refers to stm32f4xx_cryp.o(i.CRYP_KeyStructInit) for CRYP_KeyStructInit
    stm32f4xx_cryp_aes.o(i.CRYP_AES_CBC) refers to stm32f4xx_cryp.o(i.CRYP_KeyInit) for CRYP_KeyInit
    stm32f4xx_cryp_aes.o(i.CRYP_AES_CBC) refers to stm32f4xx_cryp.o(i.CRYP_Init) for CRYP_Init
    stm32f4xx_cryp_aes.o(i.CRYP_AES_CBC) refers to stm32f4xx_cryp.o(i.CRYP_IVInit) for CRYP_IVInit
    stm32f4xx_cryp_aes.o(i.CRYP_AES_CBC) refers to stm32f4xx_cryp.o(i.CRYP_FIFOFlush) for CRYP_FIFOFlush
    stm32f4xx_cryp_aes.o(i.CRYP_AES_CBC) refers to stm32f4xx_cryp.o(i.CRYP_Cmd) for CRYP_Cmd
    stm32f4xx_cryp_aes.o(i.CRYP_AES_CBC) refers to stm32f4xx_cryp.o(i.CRYP_GetCmdStatus) for CRYP_GetCmdStatus
    stm32f4xx_cryp_aes.o(i.CRYP_AES_CBC) refers to stm32f4xx_cryp.o(i.CRYP_GetFlagStatus) for CRYP_GetFlagStatus
    stm32f4xx_cryp_aes.o(i.CRYP_AES_CBC) refers to stm32f4xx_cryp.o(i.CRYP_DataIn) for CRYP_DataIn
    stm32f4xx_cryp_aes.o(i.CRYP_AES_CBC) refers to stm32f4xx_cryp.o(i.CRYP_DataOut) for CRYP_DataOut
    stm32f4xx_cryp_aes.o(i.CRYP_AES_CCM) refers to stm32f4xx_cryp.o(i.CRYP_KeyStructInit) for CRYP_KeyStructInit
    stm32f4xx_cryp_aes.o(i.CRYP_AES_CCM) refers to stm32f4xx_cryp.o(i.CRYP_FIFOFlush) for CRYP_FIFOFlush
    stm32f4xx_cryp_aes.o(i.CRYP_AES_CCM) refers to stm32f4xx_cryp.o(i.CRYP_KeyInit) for CRYP_KeyInit
    stm32f4xx_cryp_aes.o(i.CRYP_AES_CCM) refers to stm32f4xx_cryp.o(i.CRYP_IVInit) for CRYP_IVInit
    stm32f4xx_cryp_aes.o(i.CRYP_AES_CCM) refers to stm32f4xx_cryp.o(i.CRYP_Init) for CRYP_Init
    stm32f4xx_cryp_aes.o(i.CRYP_AES_CCM) refers to stm32f4xx_cryp.o(i.CRYP_PhaseConfig) for CRYP_PhaseConfig
    stm32f4xx_cryp_aes.o(i.CRYP_AES_CCM) refers to stm32f4xx_cryp.o(i.CRYP_DataIn) for CRYP_DataIn
    stm32f4xx_cryp_aes.o(i.CRYP_AES_CCM) refers to stm32f4xx_cryp.o(i.CRYP_Cmd) for CRYP_Cmd
    stm32f4xx_cryp_aes.o(i.CRYP_AES_CCM) refers to stm32f4xx_cryp.o(i.CRYP_GetCmdStatus) for CRYP_GetCmdStatus
    stm32f4xx_cryp_aes.o(i.CRYP_AES_CCM) refers to stm32f4xx_cryp.o(i.CRYP_GetFlagStatus) for CRYP_GetFlagStatus
    stm32f4xx_cryp_aes.o(i.CRYP_AES_CCM) refers to stm32f4xx_cryp.o(i.CRYP_DataOut) for CRYP_DataOut
    stm32f4xx_cryp_aes.o(i.CRYP_AES_CTR) refers to stm32f4xx_cryp.o(i.CRYP_KeyStructInit) for CRYP_KeyStructInit
    stm32f4xx_cryp_aes.o(i.CRYP_AES_CTR) refers to stm32f4xx_cryp.o(i.CRYP_KeyInit) for CRYP_KeyInit
    stm32f4xx_cryp_aes.o(i.CRYP_AES_CTR) refers to stm32f4xx_cryp.o(i.CRYP_Init) for CRYP_Init
    stm32f4xx_cryp_aes.o(i.CRYP_AES_CTR) refers to stm32f4xx_cryp.o(i.CRYP_IVInit) for CRYP_IVInit
    stm32f4xx_cryp_aes.o(i.CRYP_AES_CTR) refers to stm32f4xx_cryp.o(i.CRYP_FIFOFlush) for CRYP_FIFOFlush
    stm32f4xx_cryp_aes.o(i.CRYP_AES_CTR) refers to stm32f4xx_cryp.o(i.CRYP_Cmd) for CRYP_Cmd
    stm32f4xx_cryp_aes.o(i.CRYP_AES_CTR) refers to stm32f4xx_cryp.o(i.CRYP_GetCmdStatus) for CRYP_GetCmdStatus
    stm32f4xx_cryp_aes.o(i.CRYP_AES_CTR) refers to stm32f4xx_cryp.o(i.CRYP_DataIn) for CRYP_DataIn
    stm32f4xx_cryp_aes.o(i.CRYP_AES_CTR) refers to stm32f4xx_cryp.o(i.CRYP_GetFlagStatus) for CRYP_GetFlagStatus
    stm32f4xx_cryp_aes.o(i.CRYP_AES_CTR) refers to stm32f4xx_cryp.o(i.CRYP_DataOut) for CRYP_DataOut
    stm32f4xx_cryp_aes.o(i.CRYP_AES_ECB) refers to stm32f4xx_cryp.o(i.CRYP_KeyStructInit) for CRYP_KeyStructInit
    stm32f4xx_cryp_aes.o(i.CRYP_AES_ECB) refers to stm32f4xx_cryp.o(i.CRYP_KeyInit) for CRYP_KeyInit
    stm32f4xx_cryp_aes.o(i.CRYP_AES_ECB) refers to stm32f4xx_cryp.o(i.CRYP_Init) for CRYP_Init
    stm32f4xx_cryp_aes.o(i.CRYP_AES_ECB) refers to stm32f4xx_cryp.o(i.CRYP_FIFOFlush) for CRYP_FIFOFlush
    stm32f4xx_cryp_aes.o(i.CRYP_AES_ECB) refers to stm32f4xx_cryp.o(i.CRYP_Cmd) for CRYP_Cmd
    stm32f4xx_cryp_aes.o(i.CRYP_AES_ECB) refers to stm32f4xx_cryp.o(i.CRYP_GetCmdStatus) for CRYP_GetCmdStatus
    stm32f4xx_cryp_aes.o(i.CRYP_AES_ECB) refers to stm32f4xx_cryp.o(i.CRYP_GetFlagStatus) for CRYP_GetFlagStatus
    stm32f4xx_cryp_aes.o(i.CRYP_AES_ECB) refers to stm32f4xx_cryp.o(i.CRYP_DataIn) for CRYP_DataIn
    stm32f4xx_cryp_aes.o(i.CRYP_AES_ECB) refers to stm32f4xx_cryp.o(i.CRYP_DataOut) for CRYP_DataOut
    stm32f4xx_cryp_aes.o(i.CRYP_AES_GCM) refers to stm32f4xx_cryp.o(i.CRYP_KeyStructInit) for CRYP_KeyStructInit
    stm32f4xx_cryp_aes.o(i.CRYP_AES_GCM) refers to stm32f4xx_cryp.o(i.CRYP_FIFOFlush) for CRYP_FIFOFlush
    stm32f4xx_cryp_aes.o(i.CRYP_AES_GCM) refers to stm32f4xx_cryp.o(i.CRYP_KeyInit) for CRYP_KeyInit
[...]
    sys\\Libraries\\STM32F4xx_StdPeriph_Driver\\src\\stm32f4xx_iwdg.c 0x00000000   Number         0  stm32f4xx_iwdg.o ABSOLUTE
    sys\\Libraries\\STM32F4xx_StdPeriph_Driver\\src\\stm32f4xx_lptim.c 0x00000000   Number         0  stm32f4xx_lptim.o ABSOLUTE
    sys\\Libraries\\STM32F4xx_StdPeriph_Driver\\src\\stm32f4xx_ltdc.c 0x00000000   Number         0  stm32f4xx_ltdc.o ABSOLUTE
    sys\\Libraries\\STM32F4xx_StdPeriph_Driver\\src\\stm32f4xx_pwr.c 0x00000000   Number         0  stm32f4xx_pwr.o ABSOLUTE
    sys\\Libraries\\STM32F4xx_StdPeriph_Driver\\src\\stm32f4xx_qspi.c 0x00000000   Number         0  stm32f4xx_qspi.o ABSOLUTE
    sys\\Libraries\\STM32F4xx_StdPeriph_Driver\\src\\stm32f4xx_rcc.c 0x00000000   Number         0  stm32f4xx_rcc.o ABSOLUTE
    sys\\Libraries\\STM32F4xx_StdPeriph_Driver\\src\\stm32f4xx_rng.c 0x00000000   Number         0  stm32f4xx_rng.o ABSOLUTE
    sys\\Libraries\\STM32F4xx_StdPeriph_Driver\\src\\stm32f4xx_rtc.c 0x00000000   Number         0  stm32f4xx_rtc.o ABSOLUTE
    sys\\Libraries\\STM32F4xx_StdPeriph_Driver\\src\\stm32f4xx_sai.c 0x00000000   Number         0  stm32f4xx_sai.o ABSOLUTE
    sys\\Libraries\\STM32F4xx_StdPeriph_Driver\\src\\stm32f4xx_sdio.c 0x00000000   Number         0  stm32f4xx_sdio.o ABSOLUTE
    sys\\Libraries\\STM32F4xx_StdPeriph_Driver\\src\\stm32f4xx_spdifrx.c 0x00000000   Number         0  stm32f4xx_spdifrx.o ABSOLUTE
    sys\\Libraries\\STM32F4xx_StdPeriph_Driver\\src\\stm32f4xx_spi.c 0x00000000   Number         0  stm32f4xx_spi.o ABSOLUTE
    sys\\Libraries\\STM32F4xx_StdPeriph_Driver\\src\\stm32f4xx_syscfg.c 0x00000000   Number         0  stm32f4xx_syscfg.o ABSOLUTE
    sys\\Libraries\\STM32F4xx_StdPeriph_Driver\\src\\stm32f4xx_tim.c 0x00000000   Number         0  stm32f4xx_tim.o ABSOLUTE
    sys\\Libraries\\STM32F4xx_StdPeriph_Driver\\src\\stm32f4xx_usart.c 0x00000000   Number         0  stm32f4xx_usart.o ABSOLUTE
    sys\\Libraries\\STM32F4xx_StdPeriph_Driver\\src\\stm32f4xx_wwdg.c 0x00000000   Number         0  stm32f4xx_wwdg.o ABSOLUTE
    sys\\stm32f4xx_it.c                      0x00000000   Number         0  stm32f4xx_it.o ABSOLUTE
    sys\\system_stm32f4xx.c                  0x00000000   Number         0  system_stm32f4xx.o ABSOLUTE
    sys\stm32f4xx_it.c                       0x00000000   Number         0  stm32f4xx_it.o ABSOLUTE
    sys\system_stm32f4xx.c                   0x00000000   Number         0  system_stm32f4xx.o ABSOLUTE
    user\\main.c                             0x00000000   Number         0  main.o ABSOLUTE
    user\\robot_control.c                    0x00000000   Number         0  robot_control.o ABSOLUTE
    user\main.c                              0x00000000   Number         0  main.o ABSOLUTE
    user\robot_control.c                     0x00000000   Number         0  robot_control.o ABSOLUTE
    RESET                                    0x08000000   Section      392  startup_stm32f40_41xxx.o(RESET)
    .ARM.Collect$$$$00000000                 0x08000188   Section        0  entry.o(.ARM.Collect$$$$00000000)
    .ARM.Collect$$$$00000001                 0x08000188   Section        4  entry2.o(.ARM.Collect$$$$00000001)
    .ARM.Collect$$$$00000004                 0x0800018c   Section        4  entry5.o(.ARM.Collect$$$$00000004)
    .ARM.Collect$$$$00000008                 0x08000190   Section        0  entry7b.o(.ARM.Collect$$$$00000008)
    .ARM.Collect$$$$0000000A                 0x08000190   Section        0  entry8b.o(.ARM.Collect$$$$0000000A)
    .ARM.Collect$$$$0000000B                 0x08000190   Section        8  entry9a.o(.ARM.Collect$$$$0000000B)
    .ARM.Collect$$$$0000000D                 0x08000198   Section        0  entry10a.o(.ARM.Collect$$$$0000000D)
    .ARM.Collect$$$$0000000F                 0x08000198   Section        0  entry11a.o(.ARM.Collect$$$$0000000F)
    .ARM.Collect$$$$00002712                 0x08000198   Section        4  entry2.o(.ARM.Collect$$$$00002712)
    __lit__00000000                          0x08000198   Data           4  entry2.o(.ARM.Collect$$$$00002712)
    .text                                    0x0800019c   Section       36  startup_stm32f40_41xxx.o(.text)
    $v0                                      0x0800019c   Number         0  startup_stm32f40_41xxx.o(.text)
    .text                                    0x080001c0   Section        0  arm_cos_q15.o(.text)
    .text                                    0x08000268   Section        0  arm_sin_q15.o(.text)
    .text                                    0x0800030c   Section        0  uldiv.o(.text)
    .text                                    0x0800036e   Section        0  uidiv.o(.text)
    .text                                    0x0800039a   Section        0  llshl.o(.text)
    .text                                    0x080003b8   Section        0  llushr.o(.text)
    .text                                    0x080003d8   Section        0  dadd.o(.text)
    .text                                    0x080003d8   Section        0  iusefp.o(.text)
    .text                                    0x08000526   Section        0  dmul.o(.text)
    .text                                    0x0800060a   Section        0  ddiv.o(.text)
    .text                                    0x080006e8   Section        0  dfixul.o(.text)
    .text                                    0x08000718   Section       48  cdrcmple.o(.text)
    .text                                    0x08000748   Section       36  init.o(.text)
    .text                                    0x0800076c   Section        0  llsshr.o(.text)
    .text                                    0x08000790   Section        0  depilogue.o(.text)
    .text                                    0x0800084a   Section        0  __dczerorl2.o(.text)
    i.ADC_Cmd                                0x080008a0   Section        0  stm32f4xx_adc.o(i.ADC_Cmd)
    i.ADC_CommonInit                         0x080008b4   Section        0  stm32f4xx_adc.o(i.ADC_CommonInit)
    i.ADC_DMACmd                             0x080008e0   Section        0  stm32f4xx_adc.o(i.ADC_DMACmd)
    i.ADC_DMARequestAfterLastTransferCmd     0x080008f2   Section        0  stm32f4xx_adc.o(i.ADC_DMARequestAfterLastTransferCmd)
    i.ADC_Init                               0x08000904   Section        0  stm32f4xx_adc.o(i.ADC_Init)
    i.ADC_RegularChannelConfig               0x08000958   Section        0  stm32f4xx_adc.o(i.ADC_RegularChannelConfig)
    i.ADC_SoftwareStartConv                  0x080009e8   Section        0  stm32f4xx_adc.o(i.ADC_SoftwareStartConv)
    i.AbsEnc_data                            0x080009f4   Section        0  absenc.o(i.AbsEnc_data)
    i.AbsEnc_init                            0x08000a64   Section        0  absenc.o(i.AbsEnc_init)
    i.BusFault_Handler                       0x08000a98   Section        0  stm32f4xx_it.o(i.BusFault_Handler)
    i.CAN1_RX0_IRQHandler                    0x08000a9c   Section        0  can_protocol.o(i.CAN1_RX0_IRQHandler)
    i.CAN1_RX1_IRQHandler                    0x08000b00   Section        0  can_protocol.o(i.CAN1_RX1_IRQHandler)
    i.CAN1_TX_IRQHandler                     0x08000b64   Section        0  can_protocol.o(i.CAN1_TX_IRQHandler)
    i.CAN2_RX0_IRQHandler                    0x08000b90   Section        0  can_protocol.o(i.CAN2_RX0_IRQHandler)
    i.CAN2_RX1_IRQHandler                    0x08000bf8   Section        0  can_protocol.o(i.CAN2_RX1_IRQHandler)
    i.CAN2_TX_IRQHandler                     0x08000c60   Section        0  can_protocol.o(i.CAN2_TX_IRQHandler)
    i.CAN_ClearITPendingBit                  0x08000c8c   Section        0  stm32f4xx_can.o(i.CAN_ClearITPendingBit)
    i.CAN_GetITStatus                        0x08000d28   Section        0  stm32f4xx_can.o(i.CAN_GetITStatus)
    i.CAN_Receive                            0x08000e34   Section        0  stm32f4xx_can.o(i.CAN_Receive)
    i.Current_control_FOC_dq_Frame           0x08000ee8   Section        0  current_control.o(i.Current_control_FOC_dq_Frame)
    i.DMA_Cmd                                0x08000f98   Section        0  stm32f4xx_dma.o(i.DMA_Cmd)
    i.DMA_Init                               0x08000fac   Section        0  stm32f4xx_dma.o(i.DMA_Init)
    i.DebugMon_Handler                       0x08001024   Section        0  stm32f4xx_it.o(i.DebugMon_Handler)
    i.EXTI15_10_IRQHandler                   0x08001028   Section        0  spi_xbc_mb.o(i.EXTI15_10_IRQHandler)
    i.EXTI_ClearITPendingBit                 0x08001070   Section        0  stm32f4xx_exti.o(i.EXTI_ClearITPendingBit)
    i.EXTI_GetITStatus                       0x0800107c   Section        0  stm32f4xx_exti.o(i.EXTI_GetITStatus)
    i.GPIO_Init                              0x08001090   Section        0  stm32f4xx_gpio.o(i.GPIO_Init)
    i.GPIO_PinAFConfig                       0x0800112e   Section        0  stm32f4xx_gpio.o(i.GPIO_PinAFConfig)
    i.GPIO_ReadInputDataBit                  0x08001150   Section        0  stm32f4xx_gpio.o(i.GPIO_ReadInputDataBit)
    i.GPIO_ReadOutputDataBit                 0x0800115e   Section        0  stm32f4xx_gpio.o(i.GPIO_ReadOutputDataBit)
    i.GPIO_ResetBits                         0x0800116c   Section        0  stm32f4xx_gpio.o(i.GPIO_ResetBits)
    i.GPIO_SetBits                           0x08001170   Section        0  stm32f4xx_gpio.o(i.GPIO_SetBits)
    i.GPIO_StructInit                        0x08001174   Section        0  stm32f4xx_gpio.o(i.GPIO_StructInit)
    i.GPIO_WriteBit                          0x08001186   Section        0  stm32f4xx_gpio.o(i.GPIO_WriteBit)
    i.HardFault_Handler                      0x08001190   Section        0  stm32f4xx_it.o(i.HardFault_Handler)
    i.MemManage_Handler                      0x08001192   Section        0  stm32f4xx_it.o(i.MemManage_Handler)
    i.NMI_Handler                            0x08001194   Section        0  stm32f4xx_it.o(i.NMI_Handler)
    i.NVIC_Init                              0x08001198   Section        0  misc.o(i.NVIC_Init)
    i.PWM_init                               0x0800120c   Section        0  pwm.o(i.PWM_init)
    i.PendSV_Handler                         0x080013d8   Section        0  stm32f4xx_it.o(i.PendSV_Handler)
    i.RCC_AHB1PeriphClockCmd                 0x080013dc   Section        0  stm32f4xx_rcc.o(i.RCC_AHB1PeriphClockCmd)
    i.RCC_APB1PeriphClockCmd                 0x080013f4   Section        0  stm32f4xx_rcc.o(i.RCC_APB1PeriphClockCmd)
    i.RCC_APB2PeriphClockCmd                 0x0800140c   Section        0  stm32f4xx_rcc.o(i.RCC_APB2PeriphClockCmd)
    i.RCC_GetClocksFreq                      0x08001424   Section        0  stm32f4xx_rcc.o(i.RCC_GetClocksFreq)
    i.SPI1_IRQHandler                        0x080014c4   Section        0  spi_protocol.o(i.SPI1_IRQHandler)
    i.SPI2_IRQHandler                        0x080014f8   Section        0  spi_protocol.o(i.SPI2_IRQHandler)
    i.SPI3_IRQHandler                        0x0800152c   Section        0  spi_protocol.o(i.SPI3_IRQHandler)
    i.SPI_I2S_GetITStatus                    0x08001560   Section        0  stm32f4xx_spi.o(i.SPI_I2S_GetITStatus)
    i.SPI_I2S_ReceiveData                    0x0800158e   Section        0  stm32f4xx_spi.o(i.SPI_I2S_ReceiveData)
    i.SPI_NSSInternalSoftwareConfig          0x08001592   Section        0  stm32f4xx_spi.o(i.SPI_NSSInternalSoftwareConfig)
    i.SVC_Handler                            0x080015a8   Section        0  stm32f4xx_it.o(i.SVC_Handler)
    i.SysTick_Handler                        0x080015aa   Section        0  stm32f4xx_it.o(i.SysTick_Handler)
    i.SystemCoreClockUpdate                  0x080015ac   Section        0  system_stm32f4xx.o(i.SystemCoreClockUpdate)
    i.SystemInit                             0x08001630   Section        0  system_stm32f4xx.o(i.SystemInit)
    i.TIM2_IRQHandler                        0x08001774   Section        0  ticks.o(i.TIM2_IRQHandler)
    i.TIM7_IRQHandler                        0x0800179c   Section        0  timer.o(i.TIM7_IRQHandler)
    i.TIM_ARRPreloadConfig                   0x08001898   Section        0  stm32f4xx_tim.o(i.TIM_ARRPreloadConfig)
    i.TIM_BDTRConfig                         0x080018aa   Section        0  stm32f4xx_tim.o(i.TIM_BDTRConfig)
    i.TIM_BDTRStructInit                     0x080018ce   Section        0  stm32f4xx_tim.o(i.TIM_BDTRStructInit)
    i.TIM_CCPreloadControl                   0x080018e0   Section        0  stm32f4xx_tim.o(i.TIM_CCPreloadControl)
    i.TIM_ClearITPendingBit                  0x080018f2   Section        0  stm32f4xx_tim.o(i.TIM_ClearITPendingBit)
    i.TIM_Cmd                                0x080018f8   Section        0  stm32f4xx_tim.o(i.TIM_Cmd)
    i.TIM_CtrlPWMOutputs                     0x0800190a   Section        0  stm32f4xx_tim.o(i.TIM_CtrlPWMOutputs)
    i.TIM_GetITStatus                        0x08001920   Section        0  stm32f4xx_tim.o(i.TIM_GetITStatus)
    i.TIM_ITConfig                           0x08001936   Section        0  stm32f4xx_tim.o(i.TIM_ITConfig)
    i.TIM_OC1Init                            0x08001946   Section        0  stm32f4xx_tim.o(i.TIM_OC1Init)
    i.TIM_OC1PreloadConfig                   0x080019ae   Section        0  stm32f4xx_tim.o(i.TIM_OC1PreloadConfig)
    i.TIM_OC2Init                            0x080019ba   Section        0  stm32f4xx_tim.o(i.TIM_OC2Init)
    i.TIM_OC2PreloadConfig                   0x08001a40   Section        0  stm32f4xx_tim.o(i.TIM_OC2PreloadConfig)
    i.TIM_OC3Init                            0x08001a54   Section        0  stm32f4xx_tim.o(i.TIM_OC3Init)
    i.TIM_OC3PreloadConfig                   0x08001ad8   Section        0  stm32f4xx_tim.o(i.TIM_OC3PreloadConfig)
    i.TIM_OC4Init                            0x08001ae4   Section        0  stm32f4xx_tim.o(i.TIM_OC4Init)
    i.TIM_OC4PreloadConfig                   0x08001b4c   Section        0  stm32f4xx_tim.o(i.TIM_OC4PreloadConfig)
    i.TIM_SetAutoreload                      0x08001b60   Section        0  stm32f4xx_tim.o(i.TIM_SetAutoreload)
    i.TIM_SetCompare1                        0x08001b64   Section        0  stm32f4xx_tim.o(i.TIM_SetCompare1)
    i.TIM_SetCompare2                        0x08001b68   Section        0  stm32f4xx_tim.o(i.TIM_SetCompare2)
    i.TIM_SetCompare3                        0x08001b6c   Section        0  stm32f4xx_tim.o(i.TIM_SetCompare3)
    i.TIM_SetCompare4                        0x08001b70   Section        0  stm32f4xx_tim.o(i.TIM_SetCompare4)
    i.TIM_SetCounter                         0x08001b74   Section        0  stm32f4xx_tim.o(i.TIM_SetCounter)
    i.TIM_TimeBaseInit                       0x08001b78   Section        0  stm32f4xx_tim.o(i.TIM_TimeBaseInit)
    i.UART4_IRQHandler                       0x08001bf8   Section        0  uart.o(i.UART4_IRQHandler)
    i.UART5_IRQHandler                       0x08001c5c   Section        0  uart.o(i.UART5_IRQHandler)
    i.USART1_IRQHandler                      0x08001cbc   Section        0  uart.o(i.USART1_IRQHandler)
    i.USART2_IRQHandler                      0x08001d1c   Section        0  uart.o(i.USART2_IRQHandler)
    i.USART3_IRQHandler                      0x08001d80   Section        0  uart.o(i.USART3_IRQHandler)
    i.USART6_IRQHandler                      0x08001de4   Section        0  uart.o(i.USART6_IRQHandler)
    i.USART_ClearITPendingBit                0x08001e48   Section        0  stm32f4xx_usart.o(i.USART_ClearITPendingBit)
    i.USART_Cmd                              0x08001e56   Section        0  stm32f4xx_usart.o(i.USART_Cmd)
    i.USART_GetFlagStatus                    0x08001e68   Section        0  stm32f4xx_usart.o(i.USART_GetFlagStatus)
    i.USART_GetITStatus                      0x08001e76   Section        0  stm32f4xx_usart.o(i.USART_GetITStatus)
    i.USART_ITConfig                         0x08001eb8   Section        0  stm32f4xx_usart.o(i.USART_ITConfig)
    i.USART_Init                             0x08001ee8   Section        0  stm32f4xx_usart.o(i.USART_Init)
    i.USART_ReceiveData                      0x08001fa0   Section        0  stm32f4xx_usart.o(i.USART_ReceiveData)
    i.Uart_listener                          0x08001fa8   Section        0  main.o(i.Uart_listener)
    i.UsageFault_Handler                     0x08002164   Section        0  stm32f4xx_it.o(i.UsageFault_Handler)
    i.__0vsprintf                            0x08002168   Section        0  printfa.o(i.__0vsprintf)
    i.__scatterload_copy                     0x0800218c   Section       14  handlers.o(i.__scatterload_copy)
    i.__scatterload_null                     0x0800219a   Section        2  handlers.o(i.__scatterload_null)
    i.__scatterload_zeroinit                 0x0800219c   Section       14  handlers.o(i.__scatterload_zeroinit)
    i._fp_digits                             0x080021ac   Section        0  printfa.o(i._fp_digits)
    _fp_digits                               0x080021ad   Thumb Code   366  printfa.o(i._fp_digits)
    i._printf_core                           0x08002330   Section        0  printfa.o(i._printf_core)
    _printf_core                             0x08002331   Thumb Code  1744  printfa.o(i._printf_core)
    i._printf_post_padding                   0x08002a0c   Section        0  printfa.o(i._printf_post_padding)
    _printf_post_padding                     0x08002a0d   Thumb Code    36  printfa.o(i._printf_post_padding)
    i._printf_pre_padding                    0x08002a30   Section        0  printfa.o(i._printf_pre_padding)
    _printf_pre_padding                      0x08002a31   Thumb Code    46  printfa.o(i._printf_pre_padding)
    i._sputc                                 0x08002a5e   Section        0  printfa.o(i._sputc)
    _sputc                                   0x08002a5f   Thumb Code    10  printfa.o(i._sputc)
    i.abc_to_dq                              0x08002a68   Section        0  currentsensing.o(i.abc_to_dq)
    i.app_cos                                0x08002b42   Section        0  trigon_math.o(i.app_cos)
    i.app_sin                                0x08002b62   Section        0  trigon_math.o(i.app_sin)
    i.cal_zero_mean                          0x08002b84   Section        0  currentsensing.o(i.cal_zero_mean)
    i.can1_tx_dequeue                        0x08002c30   Section        0  can_protocol.o(i.can1_tx_dequeue)
    can1_tx_dequeue                          0x08002c31   Thumb Code   314  can_protocol.o(i.can1_tx_dequeue)
    i.can2_tx_dequeue                        0x08002d84   Section        0  can_protocol.o(i.can2_tx_dequeue)
    can2_tx_dequeue                          0x08002d85   Thumb Code   316  can_protocol.o(i.can2_tx_dequeue)
    i.current_1000_update                    0x08002ed8   Section        0  currentsensing.o(i.current_1000_update)
    i.current_sensing_init                   0x08002f08   Section        0  currentsensing.o(i.current_sensing_init)
    i.dq_to_abc                              0x08003024   Section        0  currentsensing.o(i.dq_to_abc)
    i.getPinSource                           0x080030fe   Section        0  gpio.o(i.getPinSource)
    i.get_elec_angle                         0x08003198   Section        0  absenc.o(i.get_elec_angle)
    i.get_instant_current_A                  0x080032d0   Section        0  currentsensing.o(i.get_instant_current_A)
    i.get_instant_current_B                  0x080032dc   Section        0  currentsensing.o(i.get_instant_current_B)
    i.get_instant_current_C                  0x080032e8   Section        0  currentsensing.o(i.get_instant_current_C)
    i.get_velcity                            0x080032f4   Section        0  absenc.o(i.get_velcity)
    i.gpio_af_init                           0x08003312   Section        0  gpio.o(i.gpio_af_init)
    i.gpio_output_init                       0x0800335c   Section        0  gpio.o(i.gpio_output_init)
    i.gpio_rcc_init                          0x08003390   Section        0  gpio.o(i.gpio_rcc_init)
    i.gpio_rcc_init_all                      0x08003404   Section        0  gpio.o(i.gpio_rcc_init_all)
    i.gpio_toggle                            0x08003442   Section        0  gpio.o(i.gpio_toggle)
    i.led_blink                              0x08003464   Section        0  led.o(i.led_blink)
    i.led_init                               0x08003474   Section        0  led.o(i.led_init)
    i.main                                   0x0800349c   Section        0  main.o(i.main)
    i.mech_angle_control                     0x0800397c   Section        0  angle_control.o(i.mech_angle_control)
    i.mech_angle_d_dec                       0x08003a0c   Section        0  angle_control.o(i.mech_angle_d_dec)
    i.mech_angle_d_inc                       0x08003a1c   Section        0  angle_control.o(i.mech_angle_d_inc)
    i.mech_angle_i_dec                       0x08003a2c   Section        0  angle_control.o(i.mech_angle_i_dec)
    i.mech_angle_i_inc                       0x08003a3c   Section        0  angle_control.o(i.mech_angle_i_inc)
    i.mech_angle_p_dec                       0x08003a4c   Section        0  angle_control.o(i.mech_angle_p_dec)
    i.mech_angle_p_inc                       0x08003a5c   Section        0  angle_control.o(i.mech_angle_p_inc)
    i.print_mech_angle_pid                   0x08003a6c   Section        0  angle_control.o(i.print_mech_angle_pid)
    i.print_zero_mean                        0x08003ab4   Section        0  currentsensing.o(i.print_zero_mean)
    i.pwm_update                             0x08003ae0   Section        0  pwm.o(i.pwm_update)
    i.set_PWM                                0x08003b14   Section        0  pwm.o(i.set_PWM)
    i.speed_control                          0x08003b90   Section        0  speed_control.o(i.speed_control)
    i.ticks_init                             0x08003c0c   Section        0  ticks.o(i.ticks_init)
    i.timer_init                             0x08003c74   Section        0  timer.o(i.timer_init)
    i.uart_init                              0x08003cf8   Section        0  uart.o(i.uart_init)
    i.uart_interrupt_init                    0x08003db8   Section        0  uart.o(i.uart_interrupt_init)
    i.uart_tx                                0x08003dc4   Section        0  uart.o(i.uart_tx)
    i.uart_tx_blocking                       0x08003e28   Section        0  uart.o(i.uart_tx_blocking)
    i.uart_tx_dequeue                        0x08003e84   Section        0  uart.o(i.uart_tx_dequeue)
    uart_tx_dequeue                          0x08003e85   Thumb Code   112  uart.o(i.uart_tx_dequeue)
    .constdata                               0x08003efc   Section        8  gpio.o(.constdata)
    .constdata                               0x08003f04   Section        8  gpio.o(.constdata)
    .constdata                               0x08003f0c   Section        8  gpio.o(.constdata)
    .constdata                               0x08003f14   Section        8  gpio.o(.constdata)
    .constdata                               0x08003f1c   Section        8  gpio.o(.constdata)
    .constdata                               0x08003f24   Section        8  gpio.o(.constdata)
    .constdata                               0x08003f2c   Section        8  gpio.o(.constdata)
    .constdata                               0x08003f34   Section        8  gpio.o(.constdata)
    .constdata                               0x08003f3c   Section        8  gpio.o(.constdata)
    .constdata                               0x08003f44   Section        8  gpio.o(.constdata)
    .constdata                               0x08003f4c   Section        8  gpio.o(.constdata)
    .constdata                               0x08003f54   Section        8  gpio.o(.constdata)
    .constdata                               0x08003f5c   Section        8  gpio.o(.constdata)
    .constdata                               0x08003f64   Section        8  gpio.o(.constdata)
    .constdata                               0x08003f6c   Section      120  uart.o(.constdata)
    UARTPorts                                0x08003f6c   Data         120  uart.o(.constdata)
    .constdata                               0x08003fe4   Section      518  arm_cos_q15.o(.constdata)
    cosTableQ15                              0x08003fe4   Data         518  arm_cos_q15.o(.constdata)
    .constdata                               0x080041ea   Section      518  arm_sin_q15.o(.constdata)
    sinTableQ15                              0x080041ea   Data         518  arm_sin_q15.o(.constdata)
    .data                                    0x20000000   Section       16  stm32f4xx_rcc.o(.data)
    APBAHBPrescTable                         0x20000000   Data          16  stm32f4xx_rcc.o(.data)
    .data                                    0x20000010   Section       24  system_stm32f4xx.o(.data)
    .data                                    0x20000028   Section      104  main.o(.data)
    last_led_ticks                           0x20000068   Data           4  main.o(.data)
    last_uart_ticks_before_start             0x2000006c   Data           4  main.o(.data)
    last_angle_ticks                         0x20000070   Data           4  main.o(.data)
    last_speed_ticks                         0x20000074   Data           4  main.o(.data)
    last_target_current_q_update_ticks       0x20000078   Data           4  main.o(.data)
    last_pwm_update_ticks                    0x2000007c   Data           4  main.o(.data)
    last_debug_ticks                         0x20000080   Data           4  main.o(.data)
    .data                                    0x20000090   Section       36  can_protocol.o(.data)
    CAN_filter_count                         0x20000090   Data           2  can_protocol.o(.data)
    CAN_max_filter                           0x20000092   Data           2  can_protocol.o(.data)
    can_tx_dequeue                           0x20000094   Data           8  can_protocol.o(.data)
    CAN_queue_max_size                       0x2000009c   Data           8  can_protocol.o(.data)
    .data                                    0x200000b4   Section       72  uart.o(.data)
    tx_queue                                 0x200000b4   Data          48  uart.o(.data)
    tx_buf_max_size                          0x200000e4   Data          24  uart.o(.data)
    .data                                    0x200000fc   Section        4  ticks.o(.data)
    .data                                    0x20000100   Section        4  led.o(.data)
    LEDs                                     0x20000100   Data           4  led.o(.data)
    .data                                    0x20000104   Section        4  timer.o(.data)
    running                                  0x20000104   Data           1  timer.o(.data)
    size                                     0x20000106   Data           2  timer.o(.data)
    .data                                    0x20000108   Section       24  spi_xbc_mb.o(.data)
    xbc_connection                           0x20000108   Data           1  spi_xbc_mb.o(.data)
    xbc_back_buttons                         0x2000010a   Data           2  spi_xbc_mb.o(.data)
    xbc_nss                                  0x2000010c   Data           4  spi_xbc_mb.o(.data)
    xbc_digital                              0x20000110   Data           4  spi_xbc_mb.o(.data)
    pointer                                  0x20000114   Data           4  spi_xbc_mb.o(.data)
    error_count                              0x20000118   Data           4  spi_xbc_mb.o(.data)
    last_recv                                0x2000011c   Data           4  spi_xbc_mb.o(.data)
    .data                                    0x20000120   Section       34  absenc.o(.data)
    .data                                    0x20000142   Section       18  currentsensing.o(.data)
    adc_current_reading                      0x20000142   Data           6  currentsensing.o(.data)
    last_adc_current_reading                 0x20000148   Data           6  currentsensing.o(.data)
    current_1000                             0x2000014e   Data           6  currentsensing.o(.data)
    .data                                    0x20000154   Section        2  pwm.o(.data)
    .data                                    0x20000158   Section       36  speed_control.o(.data)
    last_target_mech_angle_increase_ticks    0x20000174   Data           4  speed_control.o(.data)
    last_mech_angle_ticks                    0x20000178   Data           4  speed_control.o(.data)
    .data                                    0x2000017c   Section       28  current_control.o(.data)
    .data                                    0x20000198   Section       24  angle_control.o(.data)
    .bss                                     0x200001b0   Section     4800  main.o(.bss)
    .bss                                     0x20001470   Section      112  can_protocol.o(.bss)
    .bss                                     0x200014e0   Section     1200  can_protocol.o(.bss)
    CAN1_tx_queue_items                      0x200014e0   Data        1200  can_protocol.o(.bss)
    .bss                                     0x20001990   Section     1200  can_protocol.o(.bss)
    CAN2_tx_queue_items                      0x20001990   Data        1200  can_protocol.o(.bss)
    .bss                                     0x20001e40   Section       64  uart.o(.bss)
    tx_buf_item_1                            0x20001e40   Data          64  uart.o(.bss)
    .bss                                     0x20001e80   Section      768  uart.o(.bss)
    tx_buf_item_2                            0x20001e80   Data         768  uart.o(.bss)
    .bss                                     0x20002180   Section       64  uart.o(.bss)
    tx_buf_item_3                            0x20002180   Data          64  uart.o(.bss)
    .bss                                     0x200021c0   Section       64  uart.o(.bss)
    tx_buf_item_4                            0x200021c0   Data          64  uart.o(.bss)
    .bss                                     0x20002200   Section       64  uart.o(.bss)
    tx_buf_item_5                            0x20002200   Data          64  uart.o(.bss)
    .bss                                     0x20002240   Section       64  uart.o(.bss)
    tx_buf_item_6                            0x20002240   Data          64  uart.o(.bss)
    .bss                                     0x20002280   Section       24  uart.o(.bss)
    rxListeners                              0x20002280   Data          24  uart.o(.bss)
    .bss                                     0x20002298   Section       12  spi_protocol.o(.bss)
    SpiRxListenerList                        0x20002298   Data          12  spi_protocol.o(.bss)
    .bss                                     0x200022a4   Section      400  timer.o(.bss)
    actions                                  0x200022a4   Data         400  timer.o(.bss)
    .bss                                     0x20002434   Section       12  currentsensing.o(.bss)
    STACK                                    0x20002440   Section     2048  startup_stm32f40_41xxx.o(STACK)

    Global Symbols

    Symbol Name                              Value     Ov Type        Size  Object(Section)

    BuildAttributes$$THM_ISAv4$E$P$D$K$B$S$7EM$VFPi3$EXTD16$VFPS$VFMA$PE$A:L22UL41UL21$X:L11$S22US41US21$IEEE1$IW$USESV6$~STKCKD$USESV7$~SHL$OTIME$ROPI$IEEEX$EBA8$MICROLIB$REQ8$PRES8$EABIv2 0x00000000   Number         0  anon$$obj.o ABSOLUTE
    __ARM_use_no_argv                        0x00000000   Number         0  main.o ABSOLUTE
    __cpp_initialize__aeabi_                  - Undefined Weak Reference
    __cxa_finalize                            - Undefined Weak Reference
    _clock_init                               - Undefined Weak Reference
    _microlib_exit                            - Undefined Weak Reference
    __Vectors_Size                           0x00000188   Number         0  startup_stm32f40_41xxx.o ABSOLUTE
    __Vectors                                0x08000000   Data           4  startup_stm32f40_41xxx.o(RESET)
    __Vectors_End                            0x08000188   Data           0  startup_stm32f40_41xxx.o(RESET)
    __main                                   0x08000189   Thumb Code     0  entry.o(.ARM.Collect$$$$00000000)
    _main_stk                                0x08000189   Thumb Code     0  entry2.o(.ARM.Collect$$$$00000001)
    _main_scatterload                        0x0800018d   Thumb Code     0  entry5.o(.ARM.Collect$$$$00000004)
    __main_after_scatterload                 0x08000191   Thumb Code     0  entry5.o(.ARM.Collect$$$$00000004)
    _main_clock                              0x08000191   Thumb Code     0  entry7b.o(.ARM.Collect$$$$00000008)
    _main_cpp_init                           0x08000191   Thumb Code     0  entry8b.o(.ARM.Collect$$$$0000000A)
    _main_init                               0x08000191   Thumb Code     0  entry9a.o(.ARM.Collect$$$$0000000B)
    __rt_final_cpp                           0x08000199   Thumb Code     0  entry10a.o(.ARM.Collect$$$$0000000D)
    __rt_final_exit                          0x08000199   Thumb Code     0  entry11a.o(.ARM.Collect$$$$0000000F)
    Reset_Handler                            0x0800019d   Thumb Code     8  startup_stm32f40_41xxx.o(.text)
    ADC_IRQHandler                           0x080001b7   Thumb Code     0  startup_stm32f40_41xxx.o(.text)
    CAN1_SCE_IRQHandler                      0x080001b7   Thumb Code     0  startup_stm32f40_41xxx.o(.text)
    CAN2_SCE_IRQHandler                      0x080001b7   Thumb Code     0  startup_stm32f40_41xxx.o(.text)
    CRYP_IRQHandler                          0x080001b7   Thumb Code     0  startup_stm32f40_41xxx.o(.text)
    DCMI_IRQHandler                          0x080001b7   Thumb Code     0  startup_stm32f40_41xxx.o(.text)
    DMA1_Stream0_IRQHandler                  0x080001b7   Thumb Code     0  startup_stm32f40_41xxx.o(.text)
    DMA1_Stream1_IRQHandler                  0x080001b7   Thumb Code     0  startup_stm32f40_41xxx.o(.text)
    DMA1_Stream2_IRQHandler                  0x080001b7   Thumb Code     0  startup_stm32f40_41xxx.o(.text)
    DMA1_Stream3_IRQHandler                  0x080001b7   Thumb Code     0  startup_stm32f40_41xxx.o(.text)
    DMA1_Stream4_IRQHandler                  0x080001b7   Thumb Code     0  startup_stm32f40_41xxx.o(.text)
    DMA1_Stream5_IRQHandler                  0x080001b7   Thumb Code     0  startup_stm32f40_41xxx.o(.text)
    DMA1_Stream6_IRQHandler                  0x080001b7   Thumb Code     0  startup_stm32f40_41xxx.o(.text)
    DMA1_Stream7_IRQHandler                  0x080001b7   Thumb Code     0  startup_stm32f40_41xxx.o(.text)
    DMA2_Stream0_IRQHandler                  0x080001b7   Thumb Code     0  startup_stm32f40_41xxx.o(.text)
    DMA2_Stream1_IRQHandler                  0x080001b7   Thumb Code     0  startup_stm32f40_41xxx.o(.text)
    DMA2_Stream2_IRQHandler                  0x080001b7   Thumb Code     0  startup_stm32f40_41xxx.o(.text)
    DMA2_Stream3_IRQHandler                  0x080001b7   Thumb Code     0  startup_stm32f40_41xxx.o(.text)
    DMA2_Stream4_IRQHandler                  0x080001b7   Thumb Code     0  startup_stm32f40_41xxx.o(.text)
    DMA2_Stream5_IRQHandler                  0x080001b7   Thumb Code     0  startup_stm32f40_41xxx.o(.text)
    DMA2_Stream6_IRQHandler                  0x080001b7   Thumb Code     0  startup_stm32f40_41xxx.o(.text)
    DMA2_Stream7_IRQHandler                  0x080001b7   Thumb Code     0  startup_stm32f40_41xxx.o(.text)
    ETH_IRQHandler                           0x080001b7   Thumb Code     0  startup_stm32f40_41xxx.o(.text)
    ETH_WKUP_IRQHandler                      0x080001b7   Thumb Code     0  startup_stm32f40_41xxx.o(.text)
    EXTI0_IRQHandler                         0x080001b7   Thumb Code     0  startup_stm32f40_41xxx.o(.text)
    EXTI1_IRQHandler                         0x080001b7   Thumb Code     0  startup_stm32f40_41xxx.o(.text)
    EXTI2_IRQHandler                         0x080001b7   Thumb Code     0  startup_stm32f40_41xxx.o(.text)
    EXTI3_IRQHandler                         0x080001b7   Thumb Code     0  startup_stm32f40_41xxx.o(.text)
    EXTI4_IRQHandler                         0x080001b7   Thumb Code     0  startup_stm32f40_41xxx.o(.text)
    EXTI9_5_IRQHandler                       0x080001b7   Thumb Code     0  startup_stm32f40_41xxx.o(.text)
    FLASH_IRQHandler                         0x080001b7   Thumb Code     0  startup_stm32f40_41xxx.o(.text)
    FPU_IRQHandler                           0x080001b7   Thumb Code     0  startup_stm32f40_41xxx.o(.text)
    FSMC_IRQHandler                          0x080001b7   Thumb Code     0  startup_stm32f40_41xxx.o(.text)
    HASH_RNG_IRQHandler                      0x080001b7   Thumb Code     0  startup_stm32f40_41xxx.o(.text)
    I2C1_ER_IRQHandler                       0x080001b7   Thumb Code     0  startup_stm32f40_41xxx.o(.text)
    I2C1_EV_IRQHandler                       0x080001b7   Thumb Code     0  startup_stm32f40_41xxx.o(.text)
    I2C2_ER_IRQHandler                       0x080001b7   Thumb Code     0  startup_stm32f40_41xxx.o(.text)
    I2C2_EV_IRQHandler                       0x080001b7   Thumb Code     0  startup_stm32f40_41xxx.o(.text)
    I2C3_ER_IRQHandler                       0x080001b7   Thumb Code     0  startup_stm32f40_41xxx.o(.text)
    I2C3_EV_IRQHandler                       0x080001b7   Thumb Code     0  startup_stm32f40_41xxx.o(.text)
    OTG_FS_IRQHandler                        0x080001b7   Thumb Code     0  startup_stm32f40_41xxx.o(.text)
    OTG_FS_WKUP_IRQHandler                   0x080001b7   Thumb Code     0  startup_stm32f40_41xxx.o(.text)
    OTG_HS_EP1_IN_IRQHandler                 0x080001b7   Thumb Code     0  startup_stm32f40_41xxx.o(.text)
    OTG_HS_EP1_OUT_IRQHandler                0x080001b7   Thumb Code     0  startup_stm32f40_41xxx.o(.text)
    OTG_HS_IRQHandler                        0x080001b7   Thumb Code     0  startup_stm32f40_41xxx.o(.text)
    OTG_HS_WKUP_IRQHandler                   0x080001b7   Thumb Code     0  startup_stm32f40_41xxx.o(.text)
    PVD_IRQHandler                           0x080001b7   Thumb Code     0  startup_stm32f40_41xxx.o(.text)
    RCC_IRQHandler                           0x080001b7   Thumb Code     0  startup_stm32f40_41xxx.o(.text)
    RTC_Alarm_IRQHandler                     0x080001b7   Thumb Code     0  startup_stm32f40_41xxx.o(.text)
    RTC_WKUP_IRQHandler                      0x080001b7   Thumb Code     0  startup_stm32f40_41xxx.o(.text)
    SDIO_IRQHandler                          0x080001b7   Thumb Code     0  startup_stm32f40_41xxx.o(.text)
    TAMP_STAMP_IRQHandler                    0x080001b7   Thumb Code     0  startup_stm32f40_41xxx.o(.text)
    TIM1_BRK_TIM9_IRQHandler                 0x080001b7   Thumb Code     0  startup_stm32f40_41xxx.o(.text)
    TIM1_CC_IRQHandler                       0x080001b7   Thumb Code     0  startup_stm32f40_41xxx.o(.text)
    TIM1_TRG_COM_TIM11_IRQHandler            0x080001b7   Thumb Code     0  startup_stm32f40_41xxx.o(.text)
    TIM1_UP_TIM10_IRQHandler                 0x080001b7   Thumb Code     0  startup_stm32f40_41xxx.o(.text)
    TIM3_IRQHandler                          0x080001b7   Thumb Code     0  startup_stm32f40_41xxx.o(.text)
    TIM4_IRQHandler                          0x080001b7   Thumb Code     0  startup_stm32f40_41xxx.o(.text)
    TIM5_IRQHandler                          0x080001b7   Thumb Code     0  startup_stm32f40_41xxx.o(.text)
    TIM6_DAC_IRQHandler                      0x080001b7   Thumb Code     0  startup_stm32f40_41xxx.o(.text)
    TIM8_BRK_TIM12_IRQHandler                0x080001b7   Thumb Code     0  startup_stm32f40_41xxx.o(.text)
    TIM8_CC_IRQHandler                       0x080001b7   Thumb Code     0  startup_stm32f40_41xxx.o(.text)
    TIM8_TRG_COM_TIM14_IRQHandler            0x080001b7   Thumb Code     0  startup_stm32f40_41xxx.o(.text)
    TIM8_UP_TIM13_IRQHandler                 0x080001b7   Thumb Code     0  startup_stm32f40_41xxx.o(.text)
    WWDG_IRQHandler                          0x080001b7   Thumb Code     0  startup_stm32f40_41xxx.o(.text)
    arm_cos_q15                              0x080001c1   Thumb Code   162  arm_cos_q15.o(.text)
    arm_sin_q15                              0x08000269   Thumb Code   160  arm_sin_q15.o(.text)
    __aeabi_uldivmod                         0x0800030d   Thumb Code    98  uldiv.o(.text)
    __aeabi_uidiv                            0x0800036f   Thumb Code     0  uidiv.o(.text)
    __aeabi_uidivmod                         0x0800036f   Thumb Code    44  uidiv.o(.text)
    __aeabi_llsl                             0x0800039b   Thumb Code    30  llshl.o(.text)
    _ll_shift_l                              0x0800039b   Thumb Code     0  llshl.o(.text)
    __aeabi_llsr                             0x080003b9   Thumb Code    32  llushr.o(.text)
    _ll_ushift_r                             0x080003b9   Thumb Code     0  llushr.o(.text)
    __I$use$fp                               0x080003d9   Thumb Code     0  iusefp.o(.text)
    __aeabi_dadd                             0x080003d9   Thumb Code   322  dadd.o(.text)
    __aeabi_dsub                             0x0800051b   Thumb Code     6  dadd.o(.text)
    __aeabi_drsub                            0x08000521   Thumb Code     6  dadd.o(.text)
    __aeabi_dmul                             0x08000527   Thumb Code   228  dmul.o(.text)
    __aeabi_ddiv                             0x0800060b   Thumb Code   222  ddiv.o(.text)
    __aeabi_d2ulz                            0x080006e9   Thumb Code    48  dfixul.o(.text)
    __aeabi_cdrcmple                         0x08000719   Thumb Code    48  cdrcmple.o(.text)
    __scatterload                            0x08000749   Thumb Code    28  init.o(.text)
    __scatterload_rt2                        0x08000749   Thumb Code     0  init.o(.text)
    __aeabi_lasr                             0x0800076d   Thumb Code    36  llsshr.o(.text)
    _ll_sshift_r                             0x0800076d   Thumb Code     0  llsshr.o(.text)
    _double_round                            0x08000791   Thumb Code    30  depilogue.o(.text)
    _double_epilogue                         0x080007af   Thumb Code   156  depilogue.o(.text)
    __decompress                             0x0800084b   Thumb Code     0  __dczerorl2.o(.text)
    __decompress1                            0x0800084b   Thumb Code    86  __dczerorl2.o(.text)
    ADC_Cmd                                  0x080008a1   Thumb Code    18  stm32f4xx_adc.o(i.ADC_Cmd)
    ADC_CommonInit                           0x080008b5   Thumb Code    36  stm32f4xx_adc.o(i.ADC_CommonInit)
    ADC_DMACmd                               0x080008e1   Thumb Code    18  stm32f4xx_adc.o(i.ADC_DMACmd)
    ADC_DMARequestAfterLastTransferCmd       0x080008f3   Thumb Code    18  stm32f4xx_adc.o(i.ADC_DMARequestAfterLastTransferCmd)
    ADC_Init                                 0x08000905   Thumb Code    80  stm32f4xx_adc.o(i.ADC_Init)
    ADC_RegularChannelConfig                 0x08000959   Thumb Code   144  stm32f4xx_adc.o(i.ADC_RegularChannelConfig)
    ADC_SoftwareStartConv                    0x080009e9   Thumb Code    10  stm32f4xx_adc.o(i.ADC_SoftwareStartConv)
    AbsEnc_data                              0x080009f5   Thumb Code   108  absenc.o(i.AbsEnc_data)
    AbsEnc_init                              0x08000a65   Thumb Code    48  absenc.o(i.AbsEnc_init)
    BusFault_Handler                         0x08000a99   Thumb Code     2  stm32f4xx_it.o(i.BusFault_Handler)
    CAN1_RX0_IRQHandler                      0x08000a9d   Thumb Code    86  can_protocol.o(i.CAN1_RX0_IRQHandler)
    CAN1_RX1_IRQHandler                      0x08000b01   Thumb Code    86  can_protocol.o(i.CAN1_RX1_IRQHandler)
    CAN1_TX_IRQHandler                       0x08000b65   Thumb Code    36  can_protocol.o(i.CAN1_TX_IRQHandler)
    CAN2_RX0_IRQHandler                      0x08000b91   Thumb Code    90  can_protocol.o(i.CAN2_RX0_IRQHandler)
    CAN2_RX1_IRQHandler                      0x08000bf9   Thumb Code    90  can_protocol.o(i.CAN2_RX1_IRQHandler)
    CAN2_TX_IRQHandler                       0x08000c61   Thumb Code    36  can_protocol.o(i.CAN2_TX_IRQHandler)
    CAN_ClearITPendingBit                    0x08000c8d   Thumb Code   152  stm32f4xx_can.o(i.CAN_ClearITPendingBit)
    CAN_GetITStatus                          0x08000d29   Thumb Code   264  stm32f4xx_can.o(i.CAN_GetITStatus)
    CAN_Receive                              0x08000e35   Thumb Code   180  stm32f4xx_can.o(i.CAN_Receive)
    Current_control_FOC_dq_Frame             0x08000ee9   Thumb Code   172  current_control.o(i.Current_control_FOC_dq_Frame)
    DMA_Cmd                                  0x08000f99   Thumb Code    18  stm32f4xx_dma.o(i.DMA_Cmd)
    DMA_Init                                 0x08000fad   Thumb Code   116  stm32f4xx_dma.o(i.DMA_Init)
    DebugMon_Handler                         0x08001025   Thumb Code     2  stm32f4xx_it.o(i.DebugMon_Handler)
    EXTI15_10_IRQHandler                     0x08001029   Thumb Code    64  spi_xbc_mb.o(i.EXTI15_10_IRQHandler)
    EXTI_ClearITPendingBit                   0x08001071   Thumb Code     6  stm32f4xx_exti.o(i.EXTI_ClearITPendingBit)
    EXTI_GetITStatus                         0x0800107d   Thumb Code    16  stm32f4xx_exti.o(i.EXTI_GetITStatus)
    GPIO_Init                                0x08001091   Thumb Code   158  stm32f4xx_gpio.o(i.GPIO_Init)
    GPIO_PinAFConfig                         0x0800112f   Thumb Code    34  stm32f4xx_gpio.o(i.GPIO_PinAFConfig)
    GPIO_ReadInputDataBit                    0x08001151   Thumb Code    14  stm32f4xx_gpio.o(i.GPIO_ReadInputDataBit)
    GPIO_ReadOutputDataBit                   0x0800115f   Thumb Code    14  stm32f4xx_gpio.o(i.GPIO_ReadOutputDataBit)
    GPIO_ResetBits                           0x0800116d   Thumb Code     4  stm32f4xx_gpio.o(i.GPIO_ResetBits)
    GPIO_SetBits                             0x08001171   Thumb Code     4  stm32f4xx_gpio.o(i.GPIO_SetBits)
    GPIO_StructInit                          0x08001175   Thumb Code    18  stm32f4xx_gpio.o(i.GPIO_StructInit)
    GPIO_WriteBit                            0x08001187   Thumb Code    10  stm32f4xx_gpio.o(i.GPIO_WriteBit)
    HardFault_Handler                        0x08001191   Thumb Code     2  stm32f4xx_it.o(i.HardFault_Handler)
    MemManage_Handler                        0x08001193   Thumb Code     2  stm32f4xx_it.o(i.MemManage_Handler)
    NMI_Handler                              0x08001195   Thumb Code     2  stm32f4xx_it.o(i.NMI_Handler)
    NVIC_Init                                0x08001199   Thumb Code   110  misc.o(i.NVIC_Init)
    PWM_init                                 0x0800120d   Thumb Code   444  pwm.o(i.PWM_init)
    PendSV_Handler                           0x080013d9   Thumb Code     2  stm32f4xx_it.o(i.PendSV_Handler)
    RCC_AHB1PeriphClockCmd                   0x080013dd   Thumb Code    18  stm32f4xx_rcc.o(i.RCC_AHB1PeriphClockCmd)
    RCC_APB1PeriphClockCmd                   0x080013f5   Thumb Code    18  stm32f4xx_rcc.o(i.RCC_APB1PeriphClockCmd)
    RCC_APB2PeriphClockCmd                   0x0800140d   Thumb Code    18  stm32f4xx_rcc.o(i.RCC_APB2PeriphClockCmd)
    RCC_GetClocksFreq                        0x08001425   Thumb Code   144  stm32f4xx_rcc.o(i.RCC_GetClocksFreq)
    SPI1_IRQHandler                          0x080014c5   Thumb Code    42  spi_protocol.o(i.SPI1_IRQHandler)
    SPI2_IRQHandler                          0x080014f9   Thumb Code    42  spi_protocol.o(i.SPI2_IRQHandler)
    SPI3_IRQHandler                          0x0800152d   Thumb Code    42  spi_protocol.o(i.SPI3_IRQHandler)
    SPI_I2S_GetITStatus                      0x08001561   Thumb Code    46  stm32f4xx_spi.o(i.SPI_I2S_GetITStatus)
    SPI_I2S_ReceiveData                      0x0800158f   Thumb Code     4  stm32f4xx_spi.o(i.SPI_I2S_ReceiveData)
    SPI_NSSInternalSoftwareConfig            0x08001593   Thumb Code    22  stm32f4xx_spi.o(i.SPI_NSSInternalSoftwareConfig)
    SVC_Handler                              0x080015a9   Thumb Code     2  stm32f4xx_it.o(i.SVC_Handler)
    SysTick_Handler                          0x080015ab   Thumb Code     2  stm32f4xx_it.o(i.SysTick_Handler)
    SystemCoreClockUpdate                    0x080015ad   Thumb Code   110  system_stm32f4xx.o(i.SystemCoreClockUpdate)
    SystemInit                               0x08001631   Thumb Code   280  system_stm32f4xx.o(i.SystemInit)
    TIM2_IRQHandler                          0x08001775   Thumb Code    36  ticks.o(i.TIM2_IRQHandler)
    TIM7_IRQHandler                          0x0800179d   Thumb Code   234  timer.o(i.TIM7_IRQHandler)
    TIM_ARRPreloadConfig                     0x08001899   Thumb Code    18  stm32f4xx_tim.o(i.TIM_ARRPreloadConfig)
    TIM_BDTRConfig                           0x080018ab   Thumb Code    36  stm32f4xx_tim.o(i.TIM_BDTRConfig)
    TIM_BDTRStructInit                       0x080018cf   Thumb Code    18  stm32f4xx_tim.o(i.TIM_BDTRStructInit)
    TIM_CCPreloadControl                     0x080018e1   Thumb Code    18  stm32f4xx_tim.o(i.TIM_CCPreloadControl)
    TIM_ClearITPendingBit                    0x080018f3   Thumb Code     6  stm32f4xx_tim.o(i.TIM_ClearITPendingBit)
    TIM_Cmd                                  0x080018f9   Thumb Code    18  stm32f4xx_tim.o(i.TIM_Cmd)
    TIM_CtrlPWMOutputs                       0x0800190b   Thumb Code    22  stm32f4xx_tim.o(i.TIM_CtrlPWMOutputs)
    TIM_GetITStatus                          0x08001921   Thumb Code    22  stm32f4xx_tim.o(i.TIM_GetITStatus)
    TIM_ITConfig                             0x08001937   Thumb Code    16  stm32f4xx_tim.o(i.TIM_ITConfig)
    TIM_OC1Init                              0x08001947   Thumb Code   104  stm32f4xx_tim.o(i.TIM_OC1Init)
    TIM_OC1PreloadConfig                     0x080019af   Thumb Code    12  stm32f4xx_tim.o(i.TIM_OC1PreloadConfig)
    TIM_OC2Init                              0x080019bb   Thumb Code   134  stm32f4xx_tim.o(i.TIM_OC2Init)
    TIM_OC2PreloadConfig                     0x08001a41   Thumb Code    20  stm32f4xx_tim.o(i.TIM_OC2PreloadConfig)
    TIM_OC3Init                              0x08001a55   Thumb Code   132  stm32f4xx_tim.o(i.TIM_OC3Init)
    TIM_OC3PreloadConfig                     0x08001ad9   Thumb Code    12  stm32f4xx_tim.o(i.TIM_OC3PreloadConfig)
    TIM_OC4Init                              0x08001ae5   Thumb Code   104  stm32f4xx_tim.o(i.TIM_OC4Init)
    TIM_OC4PreloadConfig                     0x08001b4d   Thumb Code    20  stm32f4xx_tim.o(i.TIM_OC4PreloadConfig)
    TIM_SetAutoreload                        0x08001b61   Thumb Code     4  stm32f4xx_tim.o(i.TIM_SetAutoreload)
    TIM_SetCompare1                          0x08001b65   Thumb Code     4  stm32f4xx_tim.o(i.TIM_SetCompare1)
    TIM_SetCompare2                          0x08001b69   Thumb Code     4  stm32f4xx_tim.o(i.TIM_SetCompare2)
    TIM_SetCompare3                          0x08001b6d   Thumb Code     4  stm32f4xx_tim.o(i.TIM_SetCompare3)
    TIM_SetCompare4                          0x08001b71   Thumb Code     4  stm32f4xx_tim.o(i.TIM_SetCompare4)
    TIM_SetCounter                           0x08001b75   Thumb Code     4  stm32f4xx_tim.o(i.TIM_SetCounter)
    TIM_TimeBaseInit                         0x08001b79   Thumb Code   120  stm32f4xx_tim.o(i.TIM_TimeBaseInit)
    UART4_IRQHandler                         0x08001bf9   Thumb Code    88  uart.o(i.UART4_IRQHandler)
    UART5_IRQHandler                         0x08001c5d   Thumb Code    86  uart.o(i.UART5_IRQHandler)
    USART1_IRQHandler                        0x08001cbd   Thumb Code    86  uart.o(i.USART1_IRQHandler)
    USART2_IRQHandler                        0x08001d1d   Thumb Code    88  uart.o(i.USART2_IRQHandler)
    USART3_IRQHandler                        0x08001d81   Thumb Code    88  uart.o(i.USART3_IRQHandler)
    USART6_IRQHandler                        0x08001de5   Thumb Code    88  uart.o(i.USART6_IRQHandler)
    USART_ClearITPendingBit                  0x08001e49   Thumb Code    14  stm32f4xx_usart.o(i.USART_ClearITPendingBit)
    USART_Cmd                                0x08001e57   Thumb Code    18  stm32f4xx_usart.o(i.USART_Cmd)
    USART_GetFlagStatus                      0x08001e69   Thumb Code    14  stm32f4xx_usart.o(i.USART_GetFlagStatus)
    USART_GetITStatus                        0x08001e77   Thumb Code    66  stm32f4xx_usart.o(i.USART_GetITStatus)
    USART_ITConfig                           0x08001eb9   Thumb Code    48  stm32f4xx_usart.o(i.USART_ITConfig)
    USART_Init                               0x08001ee9   Thumb Code   180  stm32f4xx_usart.o(i.USART_Init)
    USART_ReceiveData                        0x08001fa1   Thumb Code     8  stm32f4xx_usart.o(i.USART_ReceiveData)
    Uart_listener                            0x08001fa9   Thumb Code   430  main.o(i.Uart_listener)
    UsageFault_Handler                       0x08002165   Thumb Code     2  stm32f4xx_it.o(i.UsageFault_Handler)
    __0vsprintf                              0x08002169   Thumb Code    30  printfa.o(i.__0vsprintf)
    __1vsprintf                              0x08002169   Thumb Code     0  printfa.o(i.__0vsprintf)
    __2vsprintf                              0x08002169   Thumb Code     0  printfa.o(i.__0vsprintf)
    __c89vsprintf                            0x08002169   Thumb Code     0  printfa.o(i.__0vsprintf)
    vsprintf                                 0x08002169   Thumb Code     0  printfa.o(i.__0vsprintf)
    __scatterload_copy                       0x0800218d   Thumb Code    14  handlers.o(i.__scatterload_copy)
    __scatterload_null                       0x0800219b   Thumb Code     2  handlers.o(i.__scatterload_null)
    __scatterload_zeroinit                   0x0800219d   Thumb Code    14  handlers.o(i.__scatterload_zeroinit)
    abc_to_dq                                0x08002a69   Thumb Code   218  currentsensing.o(i.abc_to_dq)
    app_cos                                  0x08002b43   Thumb Code    32  trigon_math.o(i.app_cos)
    app_sin                                  0x08002b63   Thumb Code    32  trigon_math.o(i.app_sin)
    cal_zero_mean                            0x08002b85   Thumb Code   156  currentsensing.o(i.cal_zero_mean)
    current_1000_update                      0x08002ed9   Thumb Code    38  currentsensing.o(i.current_1000_update)
    current_sensing_init                     0x08002f09   Thumb Code   260  currentsensing.o(i.current_sensing_init)
    dq_to_abc                                0x08003025   Thumb Code   218  currentsensing.o(i.dq_to_abc)
    getPinSource                             0x080030ff   Thumb Code   152  gpio.o(i.getPinSource)
    get_elec_angle                           0x08003199   Thumb Code   304  absenc.o(i.get_elec_angle)
    get_instant_current_A                    0x080032d1   Thumb Code     8  currentsensing.o(i.get_instant_current_A)
    get_instant_current_B                    0x080032dd   Thumb Code     8  currentsensing.o(i.get_instant_current_B)
    get_instant_current_C                    0x080032e9   Thumb Code     8  currentsensing.o(i.get_instant_current_C)
    get_velcity                              0x080032f5   Thumb Code    30  absenc.o(i.get_velcity)
    gpio_af_init                             0x08003313   Thumb Code    74  gpio.o(i.gpio_af_init)
    gpio_output_init                         0x0800335d   Thumb Code    52  gpio.o(i.gpio_output_init)
    gpio_rcc_init                            0x08003391   Thumb Code   112  gpio.o(i.gpio_rcc_init)
    gpio_rcc_init_all                        0x08003405   Thumb Code    62  gpio.o(i.gpio_rcc_init_all)
    gpio_toggle                              0x08003443   Thumb Code    32  gpio.o(i.gpio_toggle)
    led_blink                                0x08003465   Thumb Code    10  led.o(i.led_blink)
    led_init                                 0x08003475   Thumb Code    36  led.o(i.led_init)
    main                                     0x0800349d   Thumb Code  1238  main.o(i.main)
    mech_angle_control                       0x0800397d   Thumb Code   134  angle_control.o(i.mech_angle_control)
    mech_angle_d_dec                         0x08003a0d   Thumb Code    10  angle_control.o(i.mech_angle_d_dec)
    mech_angle_d_inc                         0x08003a1d   Thumb Code    10  angle_control.o(i.mech_angle_d_inc)
    mech_angle_i_dec                         0x08003a2d   Thumb Code    10  angle_control.o(i.mech_angle_i_dec)
    mech_angle_i_inc                         0x08003a3d   Thumb Code    10  angle_control.o(i.mech_angle_i_inc)
    mech_angle_p_dec                         0x08003a4d   Thumb Code    10  angle_control.o(i.mech_angle_p_dec)
    mech_angle_p_inc                         0x08003a5d   Thumb Code    10  angle_control.o(i.mech_angle_p_inc)
    print_mech_angle_pid                     0x08003a6d   Thumb Code    26  angle_control.o(i.print_mech_angle_pid)
    print_zero_mean                          0x08003ab5   Thumb Code    22  currentsensing.o(i.print_zero_mean)
    pwm_update                               0x08003ae1   Thumb Code    44  pwm.o(i.pwm_update)
    set_PWM                                  0x08003b15   Thumb Code   116  pwm.o(i.set_PWM)
    speed_control                            0x08003b91   Thumb Code   116  speed_control.o(i.speed_control)
    ticks_init                               0x08003c0d   Thumb Code   100  ticks.o(i.ticks_init)
    timer_init                               0x08003c75   Thumb Code   118  timer.o(i.timer_init)
    uart_init                                0x08003cf9   Thumb Code   186  uart.o(i.uart_init)
    uart_interrupt_init                      0x08003db9   Thumb Code     8  uart.o(i.uart_interrupt_init)
    uart_tx                                  0x08003dc5   Thumb Code    94  uart.o(i.uart_tx)
    uart_tx_blocking                         0x08003e29   Thumb Code    86  uart.o(i.uart_tx_blocking)
    PA0                                      0x08003efc   Data           8  gpio.o(.constdata)
    PA1                                      0x08003f04   Data           8  gpio.o(.constdata)
    PA2                                      0x08003f0c   Data           8  gpio.o(.constdata)
    PA3                                      0x08003f14   Data           8  gpio.o(.constdata)
    PA9                                      0x08003f1c   Data           8  gpio.o(.constdata)
    PA10                                     0x08003f24   Data           8  gpio.o(.constdata)
    PB10                                     0x08003f2c   Data           8  gpio.o(.constdata)
    PB11                                     0x08003f34   Data           8  gpio.o(.constdata)
    PB15                                     0x08003f3c   Data           8  gpio.o(.constdata)
    PC12                                     0x08003f44   Data           8  gpio.o(.constdata)
    PC13                                     0x08003f4c   Data           8  gpio.o(.constdata)
    PD2                                      0x08003f54   Data           8  gpio.o(.constdata)
    PG9                                      0x08003f5c   Data           8  gpio.o(.constdata)
    PG14                                     0x08003f64   Data           8  gpio.o(.constdata)
    Region$$Table$$Base                      0x080043f0   Number         0  anon$$obj.o(Region$$Table)
    Region$$Table$$Limit                     0x08004410   Number         0  anon$$obj.o(Region$$Table)
    IsClockFucked                            0x20000010   Data           1  system_stm32f4xx.o(.data)
    SystemCoreClock                          0x20000014   Data           4  system_stm32f4xx.o(.data)
    AHBPrescTable                            0x20000018   Data          16  system_stm32f4xx.o(.data)
    sd_down_sampling_var                     0x20000028   Data           1  main.o(.data)
    pd_const_ptr                             0x20000029   Data           1  main.o(.data)
    start                                    0x2000002a   Data           2  main.o(.data)
    cumulating_count                         0x2000002c   Data           2  main.o(.data)
    buffer_count                             0x2000002e   Data           2  main.o(.data)
    pwm_A                                    0x20000030   Data           2  main.o(.data)
    pwm_B                                    0x20000032   Data           2  main.o(.data)
    pwm_C                                    0x20000034   Data           2  main.o(.data)
    last_AbsEnc                              0x20000036   Data           2  main.o(.data)
    this_AbsEnc                              0x20000038   Data           2  main.o(.data)
    speed                                    0x2000003a   Data           2  main.o(.data)
    elec_angle                               0x2000003c   Data           2  main.o(.data)
    current_A                                0x2000003e   Data           2  main.o(.data)
    current_B                                0x20000040   Data           2  main.o(.data)
    current_C                                0x20000042   Data           2  main.o(.data)
    current_error_mean                       0x20000044   Data           2  main.o(.data)
    current_d                                0x20000046   Data           2  main.o(.data)
    current_q                                0x20000048   Data           2  main.o(.data)
    target_current_A                         0x2000004a   Data           2  main.o(.data)
    target_current_B                         0x2000004c   Data           2  main.o(.data)
    target_current_C                         0x2000004e   Data           2  main.o(.data)
    target_current_d                         0x20000050   Data           2  main.o(.data)
    target_current_q                         0x20000052   Data           2  main.o(.data)
    target_angle                             0x20000054   Data           2  main.o(.data)
    target_speed                             0x20000056   Data           2  main.o(.data)
    start_ticks                              0x20000058   Data           4  main.o(.data)
    current_cumulationA                      0x2000005c   Data           4  main.o(.data)
    current_cumulationB                      0x20000060   Data           4  main.o(.data)
    current_cumulationC                      0x20000064   Data           4  main.o(.data)
    pd_const_index                           0x20000084   Data          12  main.o(.data)
    CAN_tx_queue                             0x200000a4   Data          16  can_protocol.o(.data)
    msTicks                                  0x200000fc   Data           4  ticks.o(.data)
    A_phase_min                              0x20000120   Data           2  absenc.o(.data)
    A_phase_angle_offseted                   0x20000122   Data          32  absenc.o(.data)
    shift_pwm                                0x20000154   Data           2  pwm.o(.data)
    p_const_speed                            0x20000158   Data           2  speed_control.o(.data)
    i_const_speed                            0x2000015a   Data           2  speed_control.o(.data)
    d_const_speed                            0x2000015c   Data           2  speed_control.o(.data)
    error_speed                              0x2000015e   Data           2  speed_control.o(.data)
    d_error_speed                            0x20000160   Data           2  speed_control.o(.data)
    time_step                                0x20000162   Data           2  speed_control.o(.data)
    AbsEnc_step                              0x20000164   Data           2  speed_control.o(.data)
    i_error_speed                            0x20000168   Data           4  speed_control.o(.data)
    stored_AbsEnc_increase_10000             0x2000016c   Data           4  speed_control.o(.data)
    count_per_ticks_10000                    0x20000170   Data           4  speed_control.o(.data)
    p_const_d                                0x2000017c   Data           2  current_control.o(.data)
    i_const_d                                0x2000017e   Data           2  current_control.o(.data)
    d_const_d                                0x20000180   Data           2  current_control.o(.data)
    p_const_q                                0x20000182   Data           2  current_control.o(.data)
    i_const_q                                0x20000184   Data           2  current_control.o(.data)
    d_const_q                                0x20000186   Data           2  current_control.o(.data)
    error_current_d                          0x20000188   Data           2  current_control.o(.data)
    d_error_current_d                        0x2000018a   Data           2  current_control.o(.data)
    error_current_q                          0x2000018c   Data           2  current_control.o(.data)
    d_error_current_q                        0x2000018e   Data           2  current_control.o(.data)
    i_error_current_d                        0x20000190   Data           4  current_control.o(.data)
    i_error_current_q                        0x20000194   Data           4  current_control.o(.data)
    p_const_elec_angle                       0x20000198   Data           2  angle_control.o(.data)
    i_const_elec_angle                       0x2000019a   Data           2  angle_control.o(.data)
    d_const_elec_angle                       0x2000019c   Data           2  angle_control.o(.data)
    p_const_mech_angle                       0x2000019e   Data           2  angle_control.o(.data)
    i_const_mech_angle                       0x200001a0   Data           2  angle_control.o(.data)
    error_angle                              0x200001a2   Data           2  angle_control.o(.data)
    d_error_angle                            0x200001a4   Data           2  angle_control.o(.data)
    d_const_mech_angle                       0x200001a8   Data           4  angle_control.o(.data)
    i_error_angle                            0x200001ac   Data           4  angle_control.o(.data)
    buffer_current_A                         0x200001b0   Data        1200  main.o(.bss)
    buffer_current_B                         0x20000660   Data         600  main.o(.bss)
    buffer_current_C                         0x200008b8   Data         600  main.o(.bss)
    buffer_current_D                         0x20000b10   Data         600  main.o(.bss)
    buffer_current_Q                         0x20000d68   Data         600  main.o(.bss)
    buffer_angle                             0x20000fc0   Data        1200  main.o(.bss)
    CAN_Rx_Handlers                          0x20001470   Data         112  can_protocol.o(.bss)
    zero_mean                                0x20002434   Data          12  currentsensing.o(.bss)
    __initial_sp                             0x20002c40   Data           0  startup_stm32f40_41xxx.o(STACK)



==============================================================================

Memory Map of the image

  Image Entry point : 0x08000189

  Load Region LR_IROM1 (Base: 0x08000000, Size: 0x000045c0, Max: 0x00100000, ABSOLUTE, COMPRESSED[0x000044b4])

    Execution Region ER_IROM1 (Base: 0x08000000, Size: 0x00004410, Max: 0x00100000, ABSOLUTE)

    Base Addr    Size         Type   Attr      Idx    E Section Name        Object

    0x08000000   0x00000188   Data   RO         5376    RESET               startup_stm32f40_41xxx.o
    0x08000188   0x00000000   Code   RO         8212  * .ARM.Collect$$$$00000000  mc_w.l(entry.o)
    0x08000188   0x00000004   Code   RO         8301    .ARM.Collect$$$$00000001  mc_w.l(entry2.o)
    0x0800018c   0x00000004   Code   RO         8304    .ARM.Collect$$$$00000004  mc_w.l(entry5.o)
    0x08000190   0x00000000   Code   RO         8306    .ARM.Collect$$$$00000008  mc_w.l(entry7b.o)
    0x08000190   0x00000000   Code   RO         8308    .ARM.Collect$$$$0000000A  mc_w.l(entry8b.o)
    0x08000190   0x00000008   Code   RO         8309    .ARM.Collect$$$$0000000B  mc_w.l(entry9a.o)
    0x08000198   0x00000000   Code   RO         8311    .ARM.Collect$$$$0000000D  mc_w.l(entry10a.o)
    0x08000198   0x00000000   Code   RO         8313    .ARM.Collect$$$$0000000F  mc_w.l(entry11a.o)
    0x08000198   0x00000004   Code   RO         8302    .ARM.Collect$$$$00002712  mc_w.l(entry2.o)
    0x0800019c   0x00000024   Code   RO         5377    .text               startup_stm32f40_41xxx.o
    0x080001c0   0x000000a8   Code   RO         8097    .text               arm_cortexM4lf_math.lib(arm_cos_q15.o)
    0x08000268   0x000000a4   Code   RO         8144    .text               arm_cortexM4lf_math.lib(arm_sin_q15.o)
    0x0800030c   0x00000062   Code   RO         8215    .text               mc_w.l(uldiv.o)
    0x0800036e   0x0000002c   Code   RO         8318    .text               mc_w.l(uidiv.o)
    0x0800039a   0x0000001e   Code   RO         8320    .text               mc_w.l(llshl.o)
    0x080003b8   0x00000020   Code   RO         8322    .text               mc_w.l(llushr.o)
    0x080003d8   0x00000000   Code   RO         8337    .text               mc_w.l(iusefp.o)
    0x080003d8   0x0000014e   Code   RO         8338    .text               mf_w.l(dadd.o)
    0x08000526   0x000000e4   Code   RO         8340    .text               mf_w.l(dmul.o)
    0x0800060a   0x000000de   Code   RO         8342    .text               mf_w.l(ddiv.o)
    0x080006e8   0x00000030   Code   RO         8344    .text               mf_w.l(dfixul.o)
    0x08000718   0x00000030   Code   RO         8346    .text               mf_w.l(cdrcmple.o)
    0x08000748   0x00000024   Code   RO         8348    .text               mc_w.l(init.o)
    0x0800076c   0x00000024   Code   RO         8351    .text               mc_w.l(llsshr.o)
    0x08000790   0x000000ba   Code   RO         8354    .text               mf_w.l(depilogue.o)
    0x0800084a   0x00000056   Code   RO         8364    .text               mc_w.l(__dczerorl2.o)
    0x080008a0   0x00000012   Code   RO           10    i.ADC_Cmd           stm32f4xx_adc.o
    0x080008b2   0x00000002   PAD
    0x080008b4   0x0000002c   Code   RO           11    i.ADC_CommonInit    stm32f4xx_adc.o
    0x080008e0   0x00000012   Code   RO           14    i.ADC_DMACmd        stm32f4xx_adc.o
    0x080008f2   0x00000012   Code   RO           15    i.ADC_DMARequestAfterLastTransferCmd  stm32f4xx_adc.o
    0x08000904   0x00000054   Code   RO           30    i.ADC_Init          stm32f4xx_adc.o
    0x08000958   0x00000090   Code   RO           35    i.ADC_RegularChannelConfig  stm32f4xx_adc.o
    0x080009e8   0x0000000a   Code   RO           37    i.ADC_SoftwareStartConv  stm32f4xx_adc.o
    0x080009f2   0x00000002   PAD
    0x080009f4   0x00000070   Code   RO         7649    i.AbsEnc_data       absenc.o
    0x08000a64   0x00000034   Code   RO         7650    i.AbsEnc_init       absenc.o
    0x08000a98   0x00000002   Code   RO         5092    i.BusFault_Handler  stm32f4xx_it.o
    0x08000a9a   0x00000002   PAD
    0x08000a9c   0x00000064   Code   RO         5806    i.CAN1_RX0_IRQHandler  can_protocol.o
    0x08000b00   0x00000064   Code   RO         5807    i.CAN1_RX1_IRQHandler  can_protocol.o
    0x08000b64   0x0000002c   Code   RO         5808    i.CAN1_TX_IRQHandler  can_protocol.o
    0x08000b90   0x00000068   Code   RO         5809    i.CAN2_RX0_IRQHandler  can_protocol.o
    0x08000bf8   0x00000068   Code   RO         5810    i.CAN2_RX1_IRQHandler  can_protocol.o
    0x08000c60   0x0000002c   Code   RO         5811    i.CAN2_TX_IRQHandler  can_protocol.o
    0x08000c8c   0x0000009c   Code   RO          359    i.CAN_ClearITPendingBit  stm32f4xx_can.o
    0x08000d28   0x0000010c   Code   RO          365    i.CAN_GetITStatus   stm32f4xx_can.o
    0x08000e34   0x000000b4   Code   RO          373    i.CAN_Receive       stm32f4xx_can.o
    0x08000ee8   0x000000b0   Code   RO         7930    i.Current_control_FOC_dq_Frame  current_control.o
    0x08000f98   0x00000012   Code   RO         1133    i.DMA_Cmd           stm32f4xx_dma.o
    0x08000faa   0x00000002   PAD
    0x08000fac   0x00000078   Code   RO         1145    i.DMA_Init          stm32f4xx_dma.o
    0x08001024   0x00000002   Code   RO         5093    i.DebugMon_Handler  stm32f4xx_it.o
    0x08001026   0x00000002   PAD
    0x08001028   0x00000048   Code   RO         7314    i.EXTI15_10_IRQHandler  spi_xbc_mb.o
    0x08001070   0x0000000c   Code   RO         1423    i.EXTI_ClearITPendingBit  stm32f4xx_exti.o
    0x0800107c   0x00000014   Code   RO         1427    i.EXTI_GetITStatus  stm32f4xx_exti.o
    0x08001090   0x0000009e   Code   RO         1945    i.GPIO_Init         stm32f4xx_gpio.o
    0x0800112e   0x00000022   Code   RO         1946    i.GPIO_PinAFConfig  stm32f4xx_gpio.o
    0x08001150   0x0000000e   Code   RO         1949    i.GPIO_ReadInputDataBit  stm32f4xx_gpio.o
    0x0800115e   0x0000000e   Code   RO         1951    i.GPIO_ReadOutputDataBit  stm32f4xx_gpio.o
    0x0800116c   0x00000004   Code   RO         1952    i.GPIO_ResetBits    stm32f4xx_gpio.o
    0x08001170   0x00000004   Code   RO         1953    i.GPIO_SetBits      stm32f4xx_gpio.o
    0x08001174   0x00000012   Code   RO         1954    i.GPIO_StructInit   stm32f4xx_gpio.o
    0x08001186   0x0000000a   Code   RO         1957    i.GPIO_WriteBit     stm32f4xx_gpio.o
    0x08001190   0x00000002   Code   RO         5094    i.HardFault_Handler  stm32f4xx_it.o
    0x08001192   0x00000002   Code   RO         5095    i.MemManage_Handler  stm32f4xx_it.o
    0x08001194   0x00000002   Code   RO         5096    i.NMI_Handler       stm32f4xx_it.o
    0x08001196   0x00000002   PAD
    0x08001198   0x00000074   Code   RO         5290    i.NVIC_Init         misc.o
    0x0800120c   0x000001cc   Code   RO         7795    i.PWM_init          pwm.o
    0x080013d8   0x00000002   Code   RO         5097    i.PendSV_Handler    stm32f4xx_it.o
    0x080013da   0x00000002   PAD
    0x080013dc   0x00000018   Code   RO         2886    i.RCC_AHB1PeriphClockCmd  stm32f4xx_rcc.o
    0x080013f4   0x00000018   Code   RO         2895    i.RCC_APB1PeriphClockCmd  stm32f4xx_rcc.o
    0x0800140c   0x00000018   Code   RO         2898    i.RCC_APB2PeriphClockCmd  stm32f4xx_rcc.o
    0x08001424   0x000000a0   Code   RO         2907    i.RCC_GetClocksFreq  stm32f4xx_rcc.o
    0x080014c4   0x00000034   Code   RO         6279    i.SPI1_IRQHandler   spi_protocol.o
    0x080014f8   0x00000034   Code   RO         6280    i.SPI2_IRQHandler   spi_protocol.o
    0x0800152c   0x00000034   Code   RO         6281    i.SPI3_IRQHandler   spi_protocol.o
    0x08001560   0x0000002e   Code   RO         4060    i.SPI_I2S_GetITStatus  stm32f4xx_spi.o
    0x0800158e   0x00000004   Code   RO         4062    i.SPI_I2S_ReceiveData  stm32f4xx_spi.o
    0x08001592   0x00000016   Code   RO         4065    i.SPI_NSSInternalSoftwareConfig  stm32f4xx_spi.o
    0x080015a8   0x00000002   Code   RO         5098    i.SVC_Handler       stm32f4xx_it.o
    0x080015aa   0x00000002   Code   RO         5099    i.SysTick_Handler   stm32f4xx_it.o
    0x080015ac   0x00000084   Code   RO         5341    i.SystemCoreClockUpdate  system_stm32f4xx.o
    0x08001630   0x00000144   Code   RO         5342    i.SystemInit        system_stm32f4xx.o
    0x08001774   0x00000028   Code   RO         6163    i.TIM2_IRQHandler   ticks.o
    0x0800179c   0x000000fc   Code   RO         7222    i.TIM7_IRQHandler   timer.o
    0x08001898   0x00000012   Code   RO         4280    i.TIM_ARRPreloadConfig  stm32f4xx_tim.o
    0x080018aa   0x00000024   Code   RO         4281    i.TIM_BDTRConfig    stm32f4xx_tim.o
    0x080018ce   0x00000012   Code   RO         4282    i.TIM_BDTRStructInit  stm32f4xx_tim.o
    0x080018e0   0x00000012   Code   RO         4283    i.TIM_CCPreloadControl  stm32f4xx_tim.o
    0x080018f2   0x00000006   Code   RO         4287    i.TIM_ClearITPendingBit  stm32f4xx_tim.o
    0x080018f8   0x00000012   Code   RO         4292    i.TIM_Cmd           stm32f4xx_tim.o
    0x0800190a   0x00000016   Code   RO         4294    i.TIM_CtrlPWMOutputs  stm32f4xx_tim.o
    0x08001920   0x00000016   Code   RO         4313    i.TIM_GetITStatus   stm32f4xx_tim.o
    0x08001936   0x00000010   Code   RO         4317    i.TIM_ITConfig      stm32f4xx_tim.o
    0x08001946   0x00000068   Code   RO         4321    i.TIM_OC1Init       stm32f4xx_tim.o
    0x080019ae   0x0000000c   Code   RO         4324    i.TIM_OC1PreloadConfig  stm32f4xx_tim.o
    0x080019ba   0x00000086   Code   RO         4326    i.TIM_OC2Init       stm32f4xx_tim.o
    0x08001a40   0x00000014   Code   RO         4329    i.TIM_OC2PreloadConfig  stm32f4xx_tim.o
    0x08001a54   0x00000084   Code   RO         4331    i.TIM_OC3Init       stm32f4xx_tim.o
    0x08001ad8   0x0000000c   Code   RO         4334    i.TIM_OC3PreloadConfig  stm32f4xx_tim.o
    0x08001ae4   0x00000068   Code   RO         4336    i.TIM_OC4Init       stm32f4xx_tim.o
    0x08001b4c   0x00000014   Code   RO         4338    i.TIM_OC4PreloadConfig  stm32f4xx_tim.o
    0x08001b60   0x00000004   Code   RO         4352    i.TIM_SetAutoreload  stm32f4xx_tim.o
    0x08001b64   0x00000004   Code   RO         4354    i.TIM_SetCompare1   stm32f4xx_tim.o
    0x08001b68   0x00000004   Code   RO         4355    i.TIM_SetCompare2   stm32f4xx_tim.o
    0x08001b6c   0x00000004   Code   RO         4356    i.TIM_SetCompare3   stm32f4xx_tim.o
    0x08001b70   0x00000004   Code   RO         4357    i.TIM_SetCompare4   stm32f4xx_tim.o
    0x08001b74   0x00000004   Code   RO         4358    i.TIM_SetCounter    stm32f4xx_tim.o
    0x08001b78   0x00000080   Code   RO         4364    i.TIM_TimeBaseInit  stm32f4xx_tim.o
    0x08001bf8   0x00000064   Code   RO         5981    i.UART4_IRQHandler  uart.o
    0x08001c5c   0x00000060   Code   RO         5982    i.UART5_IRQHandler  uart.o
    0x08001cbc   0x00000060   Code   RO         5983    i.USART1_IRQHandler  uart.o
    0x08001d1c   0x00000064   Code   RO         5984    i.USART2_IRQHandler  uart.o
    0x08001d80   0x00000064   Code   RO         5985    i.USART3_IRQHandler  uart.o
    0x08001de4   0x00000064   Code   RO         5986    i.USART6_IRQHandler  uart.o
    0x08001e48   0x0000000e   Code   RO         4829    i.USART_ClearITPendingBit  stm32f4xx_usart.o
    0x08001e56   0x00000012   Code   RO         4832    i.USART_Cmd         stm32f4xx_usart.o
    0x08001e68   0x0000000e   Code   RO         4835    i.USART_GetFlagStatus  stm32f4xx_usart.o
    0x08001e76   0x00000042   Code   RO         4836    i.USART_GetITStatus  stm32f4xx_usart.o
    0x08001eb8   0x00000030   Code   RO         4838    i.USART_ITConfig    stm32f4xx_usart.o
    0x08001ee8   0x000000b8   Code   RO         4839    i.USART_Init        stm32f4xx_usart.o
    0x08001fa0   0x00000008   Code   RO         4846    i.USART_ReceiveData  stm32f4xx_usart.o
    0x08001fa8   0x000001bc   Code   RO         5586    i.Uart_listener     main.o
    0x08002164   0x00000002   Code   RO         5100    i.UsageFault_Handler  stm32f4xx_it.o
    0x08002166   0x00000002   PAD
    0x08002168   0x00000024   Code   RO         8224    i.__0vsprintf       mc_w.l(printfa.o)
    0x0800218c   0x0000000e   Code   RO         8358    i.__scatterload_copy  mc_w.l(handlers.o)
    0x0800219a   0x00000002   Code   RO         8359    i.__scatterload_null  mc_w.l(handlers.o)
    0x0800219c   0x0000000e   Code   RO         8360    i.__scatterload_zeroinit  mc_w.l(handlers.o)
    0x080021aa   0x00000002   PAD
    0x080021ac   0x00000184   Code   RO         8225    i._fp_digits        mc_w.l(printfa.o)
    0x08002330   0x000006dc   Code   RO         8226    i._printf_core      mc_w.l(printfa.o)
    0x08002a0c   0x00000024   Code   RO         8227    i._printf_post_padding  mc_w.l(printfa.o)
    0x08002a30   0x0000002e   Code   RO         8228    i._printf_pre_padding  mc_w.l(printfa.o)
    0x08002a5e   0x0000000a   Code   RO         8230    i._sputc            mc_w.l(printfa.o)
    0x08002a68   0x000000da   Code   RO         7697    i.abc_to_dq         currentsensing.o
    0x08002b42   0x00000020   Code   RO         6215    i.app_cos           trigon_math.o
    0x08002b62   0x00000020   Code   RO         6216    i.app_sin           trigon_math.o
    0x08002b82   0x00000002   PAD
    0x08002b84   0x000000ac   Code   RO         7698    i.cal_zero_mean     currentsensing.o
    0x08002c30   0x00000154   Code   RO         5812    i.can1_tx_dequeue   can_protocol.o
    0x08002d84   0x00000154   Code   RO         5813    i.can2_tx_dequeue   can_protocol.o
    0x08002ed8   0x00000030   Code   RO         7699    i.current_1000_update  currentsensing.o
    0x08002f08   0x0000011c   Code   RO         7700    i.current_sensing_init  currentsensing.o
    0x08003024   0x000000da   Code   RO         7701    i.dq_to_abc         currentsensing.o
    0x080030fe   0x00000098   Code   RO         5384    i.getPinSource      gpio.o
    0x08003196   0x00000002   PAD
    0x08003198   0x00000138   Code   RO         7651    i.get_elec_angle    absenc.o
    0x080032d0   0x0000000c   Code   RO         7702    i.get_instant_current_A  currentsensing.o
    0x080032dc   0x0000000c   Code   RO         7703    i.get_instant_current_B  currentsensing.o
    0x080032e8   0x0000000c   Code   RO         7704    i.get_instant_current_C  currentsensing.o
    0x080032f4   0x0000001e   Code   RO         7652    i.get_velcity       absenc.o
    0x08003312   0x0000004a   Code   RO         5385    i.gpio_af_init      gpio.o
    0x0800335c   0x00000034   Code   RO         5388    i.gpio_output_init  gpio.o
    0x08003390   0x00000074   Code   RO         5389    i.gpio_rcc_init     gpio.o
    0x08003404   0x0000003e   Code   RO         5390    i.gpio_rcc_init_all  gpio.o
    0x08003442   0x00000020   Code   RO         5393    i.gpio_toggle       gpio.o
    0x08003462   0x00000002   PAD
    0x08003464   0x00000010   Code   RO         7006    i.led_blink         led.o
    0x08003474   0x00000028   Code   RO         7008    i.led_init          led.o
    0x0800349c   0x000004e0   Code   RO         5587    i.main              main.o
    0x0800397c   0x00000090   Code   RO         7962    i.mech_angle_control  angle_control.o
    0x08003a0c   0x00000010   Code   RO         7963    i.mech_angle_d_dec  angle_control.o
    0x08003a1c   0x00000010   Code   RO         7964    i.mech_angle_d_inc  angle_control.o
    0x08003a2c   0x00000010   Code   RO         7965    i.mech_angle_i_dec  angle_control.o
    0x08003a3c   0x00000010   Code   RO         7966    i.mech_angle_i_inc  angle_control.o
    0x08003a4c   0x00000010   Code   RO         7967    i.mech_angle_p_dec  angle_control.o
    0x08003a5c   0x00000010   Code   RO         7968    i.mech_angle_p_inc  angle_control.o
    0x08003a6c   0x00000048   Code   RO         7969    i.print_mech_angle_pid  angle_control.o
    0x08003ab4   0x0000002c   Code   RO         7705    i.print_zero_mean   currentsensing.o
    0x08003ae0   0x00000034   Code   RO         7796    i.pwm_update        pwm.o
    0x08003b14   0x0000007c   Code   RO         7797    i.set_PWM           pwm.o
    0x08003b90   0x0000007c   Code   RO         7876    i.speed_control     speed_control.o
    0x08003c0c   0x00000068   Code   RO         6166    i.ticks_init        ticks.o
    0x08003c74   0x00000084   Code   RO         7226    i.timer_init        timer.o
    0x08003cf8   0x000000c0   Code   RO         5988    i.uart_init         uart.o
    0x08003db8   0x0000000c   Code   RO         5989    i.uart_interrupt_init  uart.o
    0x08003dc4   0x00000064   Code   RO         5991    i.uart_tx           uart.o
    0x08003e28   0x0000005c   Code   RO         5994    i.uart_tx_blocking  uart.o
    0x08003e84   0x00000078   Code   RO         5995    i.uart_tx_dequeue   uart.o
    0x08003efc   0x00000008   Data   RO         5395    .constdata          gpio.o
    0x08003f04   0x00000008   Data   RO         5396    .constdata          gpio.o
    0x08003f0c   0x00000008   Data   RO         5397    .constdata          gpio.o
    0x08003f14   0x00000008   Data   RO         5398    .constdata          gpio.o
    0x08003f1c   0x00000008   Data   RO         5404    .constdata          gpio.o
    0x08003f24   0x00000008   Data   RO         5405    .constdata          gpio.o
    0x08003f2c   0x00000008   Data   RO         5421    .constdata          gpio.o
    0x08003f34   0x00000008   Data   RO         5422    .constdata          gpio.o
    0x08003f3c   0x00000008   Data   RO         5426    .constdata          gpio.o
    0x08003f44   0x00000008   Data   RO         5439    .constdata          gpio.o
    0x08003f4c   0x00000008   Data   RO         5440    .constdata          gpio.o
    0x08003f54   0x00000008   Data   RO         5445    .constdata          gpio.o
    0x08003f5c   0x00000008   Data   RO         5500    .constdata          gpio.o
    0x08003f64   0x00000008   Data   RO         5505    .constdata          gpio.o
    0x08003f6c   0x00000078   Data   RO         6003    .constdata          uart.o
    0x08003fe4   0x00000206   Data   RO         8098    .constdata          arm_cortexM4lf_math.lib(arm_cos_q15.o)
    0x080041ea   0x00000206   Data   RO         8145    .constdata          arm_cortexM4lf_math.lib(arm_sin_q15.o)
    0x080043f0   0x00000020   Data   RO         8356    Region$$Table       anon$$obj.o


    Execution Region RW_IRAM1 (Base: 0x20000000, Size: 0x00002c40, Max: 0x00020000, ABSOLUTE, COMPRESSED[0x000000a4])

    Base Addr    Size         Type   Attr      Idx    E Section Name        Object

    0x20000000   0x00000010   Data   RW         2939    .data               stm32f4xx_rcc.o
    0x20000010   0x00000018   Data   RW         5343    .data               system_stm32f4xx.o
    0x20000028   0x00000068   Data   RW         5592    .data               main.o
    0x20000090   0x00000024   Data   RW         5827    .data               can_protocol.o
    0x200000b4   0x00000048   Data   RW         6004    .data               uart.o
    0x200000fc   0x00000004   Data   RW         6167    .data               ticks.o
    0x20000100   0x00000004   Data   RW         7009    .data               led.o
    0x20000104   0x00000004   Data   RW         7228    .data               timer.o
    0x20000108   0x00000018   Data   RW         7325    .data               spi_xbc_mb.o
    0x20000120   0x00000022   Data   RW         7653    .data               absenc.o
    0x20000142   0x00000012   Data   RW         7707    .data               currentsensing.o
    0x20000154   0x00000002   Data   RW         7798    .data               pwm.o
    0x20000156   0x00000002   PAD
    0x20000158   0x00000024   Data   RW         7878    .data               speed_control.o
    0x2000017c   0x0000001c   Data   RW         7931    .data               current_control.o
    0x20000198   0x00000018   Data   RW         7970    .data               angle_control.o
    0x200001b0   0x000012c0   Zero   RW         5588    .bss                main.o
    0x20001470   0x00000070   Zero   RW         5824    .bss                can_protocol.o
    0x200014e0   0x000004b0   Zero   RW         5825    .bss                can_protocol.o
    0x20001990   0x000004b0   Zero   RW         5826    .bss                can_protocol.o
    0x20001e40   0x00000040   Zero   RW         5996    .bss                uart.o
    0x20001e80   0x00000300   Zero   RW         5997    .bss                uart.o
    0x20002180   0x00000040   Zero   RW         5998    .bss                uart.o
    0x200021c0   0x00000040   Zero   RW         5999    .bss                uart.o
    0x20002200   0x00000040   Zero   RW         6000    .bss                uart.o
    0x20002240   0x00000040   Zero   RW         6001    .bss                uart.o
    0x20002280   0x00000018   Zero   RW         6002    .bss                uart.o
    0x20002298   0x0000000c   Zero   RW         6287    .bss                spi_protocol.o
    0x200022a4   0x00000190   Zero   RW         7227    .bss                timer.o
    0x20002434   0x0000000c   Zero   RW         7706    .bss                currentsensing.o
    0x20002440   0x00000800   Zero   RW         5374    STACK               startup_stm32f40_41xxx.o


==============================================================================

Image component sizes


      Code (inc. data)   RO Data    RW Data    ZI Data      Debug   Object Name

       506         16          0         34          0       3432   absenc.o
         0          0          0          0          0       2666   adc.o
       312         92          0         24          0       5382   angle_control.o
      1176        122          0         36       2512       6876   can_protocol.o
       176          4          0         28          0       1925   current_control.o
      1020         84          0         18         12       7163   currentsensing.o
       488          4        112          0          0       8345   gpio.o
        56         10          0          4          0       1907   led.o
      1692        184          0        104       4800       6593   main.o
       116          6          0          0          0       3216   misc.o
       636         32          0          2          0       3525   pwm.o
       124          8          0         36          0       2670   speed_control.o
       156         30          0          0         12       3207   spi_protocol.o
        72          8          0         24          0       4184   spi_xbc_mb.o
        36          8        392          0       2048        968   startup_stm32f40_41xxx.o
       336         12          0          0          0     271555   stm32f4xx_adc.o
       604          8          0          0          0      13732   stm32f4xx_can.o
       138          4          0          0          0      15557   stm32f4xx_dma.o
        32         10          0          0          0       1400   stm32f4xx_exti.o
       256          0          0          0          0      13698   stm32f4xx_gpio.o
        18          0          0          0          0      70744   stm32f4xx_it.o
       232         34          0         16          0      21175   stm32f4xx_rcc.o
        72          0          0          0          0      11380   stm32f4xx_spi.o
       864          8          0          0          0      39395   stm32f4xx_tim.o
       352          4          0          0          0      12782   stm32f4xx_usart.o
       456         66          0         24          0       2587   system_stm32f4xx.o
       144          8          0          4          0       1817   ticks.o
       384         32          0          4        400       2991   timer.o
        64          0          0          0          0       1108   trigon_math.o
      1108         98        120         72       1112      11183   uart.o

    ----------------------------------------------------------------------
     11648        892        656        432      10896     553163   Object Totals
         0          0         32          0          0          0   (incl. Generated)
        22          0          0          2          0          0   (incl. Padding)

    ----------------------------------------------------------------------

      Code (inc. data)   RO Data    RW Data    ZI Data      Debug   Library Member Name

       168          6        518          0          0      15766   arm_cos_q15.o
       164          4        518          0          0       1454   arm_sin_q15.o
        86          0          0          0          0          0   __dczerorl2.o
         0          0          0          0          0          0   entry.o
         0          0          0          0          0          0   entry10a.o
         0          0          0          0          0          0   entry11a.o
         8          4          0          0          0          0   entry2.o
         4          0          0          0          0          0   entry5.o
         0          0          0          0          0          0   entry7b.o
         0          0          0          0          0          0   entry8b.o
         8          4          0          0          0          0   entry9a.o
        30          0          0          0          0          0   handlers.o
        36          8          0          0          0         68   init.o
         0          0          0          0          0          0   iusefp.o
        30          0          0          0          0         68   llshl.o
        36          0          0          0          0         68   llsshr.o
        32          0          0          0          0         68   llushr.o
      2272         86          0          0          0        516   printfa.o
        44          0          0          0          0         80   uidiv.o
        98          0          0          0          0         92   uldiv.o
        48          0          0          0          0         68   cdrcmple.o
       334          0          0          0          0        148   dadd.o
       222          0          0          0          0        100   ddiv.o
       186          0          0          0          0        176   depilogue.o
        48          0          0          0          0         68   dfixul.o
       228          0          0          0          0         96   dmul.o

    ----------------------------------------------------------------------
      4084        112       1036          0          0      18836   Library Totals
         2          0          0          0          0          0   (incl. Padding)

    ----------------------------------------------------------------------

      Code (inc. data)   RO Data    RW Data    ZI Data      Debug   Library Name

       332         10       1036          0          0      17220   arm_cortexM4lf_math.lib
      2684        102          0          0          0        960   mc_w.l
      1066          0          0          0          0        656   mf_w.l

    ----------------------------------------------------------------------
      4084        112       1036          0          0      18836   Library Totals

    ----------------------------------------------------------------------

==============================================================================


      Code (inc. data)   RO Data    RW Data    ZI Data      Debug   

     15732       1004       1692        432      10896     558251   Grand Totals
     15732       1004       1692        164      10896     558251   ELF Image Totals (compressed)
     15732       1004       1692        164          0          0   ROM Totals

==============================================================================

    Total RO  Size (Code + RO Data)                17424 (  17.02kB)
    Total RW  Size (RW Data + ZI Data)             11328 (  11.06kB)
    Total ROM Size (Code + RO Data + RW Data)      17588 (  17.18kB)

==============================================================================

