Component: ARM Compiler 5.06 update 4 (build 422) Tool: armlink [4d35d2]

==============================================================================

Section Cross References

    stm32f4xx_adc.o(i.ADC_DeInit) refers to stm32f4xx_rcc.o(i.RCC_APB2PeriphResetCmd) for RCC_APB2PeriphResetCmd
    stm32f4xx_can.o(i.CAN_DeInit) refers to stm32f4xx_rcc.o(i.RCC_APB1PeriphResetCmd) for RCC_APB1PeriphResetCmd
    stm32f4xx_cryp.o(i.CRYP_DeInit) refers to stm32f4xx_rcc.o(i.RCC_AHB2PeriphResetCmd) for RCC_AHB2PeriphResetCmd
    stm32f4xx_cryp_aes.o(i.CRYP_AES_CBC) refers to stm32f4xx_cryp.o(i.CRYP_KeyStructInit) for CRYP_KeyStructInit
    stm32f4xx_cryp_aes.o(i.CRYP_AES_CBC) refers to stm32f4xx_cryp.o(i.CRYP_KeyInit) for CRYP_KeyInit
    stm32f4xx_cryp_aes.o(i.CRYP_AES_CBC) refers to stm32f4xx_cryp.o(i.CRYP_Init) for CRYP_Init
    stm32f4xx_cryp_aes.o(i.CRYP_AES_CBC) refers to stm32f4xx_cryp.o(i.CRYP_IVInit) for CRYP_IVInit
    stm32f4xx_cryp_aes.o(i.CRYP_AES_CBC) refers to stm32f4xx_cryp.o(i.CRYP_FIFOFlush) for CRYP_FIFOFlush
    stm32f4xx_cryp_aes.o(i.CRYP_AES_CBC) refers to stm32f4xx_cryp.o(i.CRYP_Cmd) for CRYP_Cmd
    stm32f4xx_cryp_aes.o(i.CRYP_AES_CBC) refers to stm32f4xx_cryp.o(i.CRYP_GetCmdStatus) for CRYP_GetCmdStatus
    stm32f4xx_cryp_aes.o(i.CRYP_AES_CBC) refers to stm32f4xx_cryp.o(i.CRYP_GetFlagStatus) for CRYP_GetFlagStatus
    stm32f4xx_cryp_aes.o(i.CRYP_AES_CBC) refers to stm32f4xx_cryp.o(i.CRYP_DataIn) for CRYP_DataIn
    stm32f4xx_cryp_aes.o(i.CRYP_AES_CBC) refers to stm32f4xx_cryp.o(i.CRYP_DataOut) for CRYP_DataOut
    stm32f4xx_cryp_aes.o(i.CRYP_AES_CCM) refers to stm32f4xx_cryp.o(i.CRYP_KeyStructInit) for CRYP_KeyStructInit
    stm32f4xx_cryp_aes.o(i.CRYP_AES_CCM) refers to stm32f4xx_cryp.o(i.CRYP_FIFOFlush) for CRYP_FIFOFlush
    stm32f4xx_cryp_aes.o(i.CRYP_AES_CCM) refers to stm32f4xx_cryp.o(i.CRYP_KeyInit) for CRYP_KeyInit
    stm32f4xx_cryp_aes.o(i.CRYP_AES_CCM) refers to stm32f4xx_cryp.o(i.CRYP_IVInit) for CRYP_IVInit
    stm32f4xx_cryp_aes.o(i.CRYP_AES_CCM) refers to stm32f4xx_cryp.o(i.CRYP_Init) for CRYP_Init
    stm32f4xx_cryp_aes.o(i.CRYP_AES_CCM) refers to stm32f4xx_cryp.o(i.CRYP_PhaseConfig) for CRYP_PhaseConfig
    stm32f4xx_cryp_aes.o(i.CRYP_AES_CCM) refers to stm32f4xx_cryp.o(i.CRYP_DataIn) for CRYP_DataIn
    stm32f4xx_cryp_aes.o(i.CRYP_AES_CCM) refers to stm32f4xx_cryp.o(i.CRYP_Cmd) for CRYP_Cmd
    stm32f4xx_cryp_aes.o(i.CRYP_AES_CCM) refers to stm32f4xx_cryp.o(i.CRYP_GetCmdStatus) for CRYP_GetCmdStatus
    stm32f4xx_cryp_aes.o(i.CRYP_AES_CCM) refers to stm32f4xx_cryp.o(i.CRYP_GetFlagStatus) for CRYP_GetFlagStatus
    stm32f4xx_cryp_aes.o(i.CRYP_AES_CCM) refers to stm32f4xx_cryp.o(i.CRYP_DataOut) for CRYP_DataOut
    stm32f4xx_cryp_aes.o(i.CRYP_AES_CTR) refers to stm32f4xx_cryp.o(i.CRYP_KeyStructInit) for CRYP_KeyStructInit
    stm32f4xx_cryp_aes.o(i.CRYP_AES_CTR) refers to stm32f4xx_cryp.o(i.CRYP_KeyInit) for CRYP_KeyInit
    stm32f4xx_cryp_aes.o(i.CRYP_AES_CTR) refers to stm32f4xx_cryp.o(i.CRYP_Init) for CRYP_Init
    stm32f4xx_cryp_aes.o(i.CRYP_AES_CTR) refers to stm32f4xx_cryp.o(i.CRYP_IVInit) for CRYP_IVInit
    stm32f4xx_cryp_aes.o(i.CRYP_AES_CTR) refers to stm32f4xx_cryp.o(i.CRYP_FIFOFlush) for CRYP_FIFOFlush
    stm32f4xx_cryp_aes.o(i.CRYP_AES_CTR) refers to stm32f4xx_cryp.o(i.CRYP_Cmd) for CRYP_Cmd
    stm32f4xx_cryp_aes.o(i.CRYP_AES_CTR) refers to stm32f4xx_cryp.o(i.CRYP_GetCmdStatus) for CRYP_GetCmdStatus
    stm32f4xx_cryp_aes.o(i.CRYP_AES_CTR) refers to stm32f4xx_cryp.o(i.CRYP_DataIn) for CRYP_DataIn
    stm32f4xx_cryp_aes.o(i.CRYP_AES_CTR) refers to stm32f4xx_cryp.o(i.CRYP_GetFlagStatus) for CRYP_GetFlagStatus
    stm32f4xx_cryp_aes.o(i.CRYP_AES_CTR) refers to stm32f4xx_cryp.o(i.CRYP_DataOut) for CRYP_DataOut
    stm32f4xx_cryp_aes.o(i.CRYP_AES_ECB) refers to stm32f4xx_cryp.o(i.CRYP_KeyStructInit) for CRYP_KeyStructInit
    stm32f4xx_cryp_aes.o(i.CRYP_AES_ECB) refers to stm32f4xx_cryp.o(i.CRYP_KeyInit) for CRYP_KeyInit
    stm32f4xx_cryp_aes.o(i.CRYP_AES_ECB) refers to stm32f4xx_cryp.o(i.CRYP_Init) for CRYP_Init
    stm32f4xx_cryp_aes.o(i.CRYP_AES_ECB) refers to stm32f4xx_cryp.o(i.CRYP_FIFOFlush) for CRYP_FIFOFlush
    stm32f4xx_cryp_aes.o(i.CRYP_AES_ECB) refers to stm32f4xx_cryp.o(i.CRYP_Cmd) for CRYP_Cmd
    stm32f4xx_cryp_aes.o(i.CRYP_AES_ECB) refers to stm32f4xx_cryp.o(i.CRYP_GetCmdStatus) for CRYP_GetCmdStatus
    stm32f4xx_cryp_aes.o(i.CRYP_AES_ECB) refers to stm32f4xx_cryp.o(i.CRYP_GetFlagStatus) for CRYP_GetFlagStatus
    stm32f4xx_cryp_aes.o(i.CRYP_AES_ECB) refers to stm32f4xx_cryp.o(i.CRYP_DataIn) for CRYP_DataIn
    stm32f4xx_cryp_aes.o(i.CRYP_AES_ECB) refers to stm32f4xx_cryp.o(i.CRYP_DataOut) for CRYP_DataOut
    stm32f4xx_cryp_aes.o(i.CRYP_AES_GCM) refers to stm32f4xx_cryp.o(i.CRYP_KeyStructInit) for CRYP_KeyStructInit
    stm32f4xx_cryp_aes.o(i.CRYP_AES_GCM) refers to stm32f4xx_cryp.o(i.CRYP_FIFOFlush) for CRYP_FIFOFlush
    stm32f4xx_cryp_aes.o(i.CRYP_AES_GCM) refers to stm32f4xx_cryp.o(i.CRYP_KeyInit) for CRYP_KeyInit
[...]
    sys\Libraries\STM32F4xx_StdPeriph_Driver\src\stm32f4xx_rtc.c 0x00000000   Number         0  stm32f4xx_rtc.o ABSOLUTE
    sys\Libraries\STM32F4xx_StdPeriph_Driver\src\stm32f4xx_sai.c 0x00000000   Number         0  stm32f4xx_sai.o ABSOLUTE
    sys\Libraries\STM32F4xx_StdPeriph_Driver\src\stm32f4xx_sdio.c 0x00000000   Number         0  stm32f4xx_sdio.o ABSOLUTE
    sys\Libraries\STM32F4xx_StdPeriph_Driver\src\stm32f4xx_spdifrx.c 0x00000000   Number         0  stm32f4xx_spdifrx.o ABSOLUTE
    sys\Libraries\STM32F4xx_StdPeriph_Driver\src\stm32f4xx_spi.c 0x00000000   Number         0  stm32f4xx_spi.o ABSOLUTE
    sys\Libraries\STM32F4xx_StdPeriph_Driver\src\stm32f4xx_syscfg.c 0x00000000   Number         0  stm32f4xx_syscfg.o ABSOLUTE
    sys\Libraries\STM32F4xx_StdPeriph_Driver\src\stm32f4xx_tim.c 0x00000000   Number         0  stm32f4xx_tim.o ABSOLUTE
    sys\Libraries\STM32F4xx_StdPeriph_Driver\src\stm32f4xx_usart.c 0x00000000   Number         0  stm32f4xx_usart.o ABSOLUTE
    sys\Libraries\STM32F4xx_StdPeriph_Driver\src\stm32f4xx_wwdg.c 0x00000000   Number         0  stm32f4xx_wwdg.o ABSOLUTE
    sys\\Libraries\\STM32F4xx_StdPeriph_Driver\\src\\misc.c 0x00000000   Number         0  misc.o ABSOLUTE
    sys\\Libraries\\STM32F4xx_StdPeriph_Driver\\src\\stm32f4xx_adc.c 0x00000000   Number         0  stm32f4xx_adc.o ABSOLUTE
    sys\\Libraries\\STM32F4xx_StdPeriph_Driver\\src\\stm32f4xx_can.c 0x00000000   Number         0  stm32f4xx_can.o ABSOLUTE
    sys\\Libraries\\STM32F4xx_StdPeriph_Driver\\src\\stm32f4xx_cec.c 0x00000000   Number         0  stm32f4xx_cec.o ABSOLUTE
    sys\\Libraries\\STM32F4xx_StdPeriph_Driver\\src\\stm32f4xx_crc.c 0x00000000   Number         0  stm32f4xx_crc.o ABSOLUTE
    sys\\Libraries\\STM32F4xx_StdPeriph_Driver\\src\\stm32f4xx_cryp.c 0x00000000   Number         0  stm32f4xx_cryp.o ABSOLUTE
    sys\\Libraries\\STM32F4xx_StdPeriph_Driver\\src\\stm32f4xx_cryp_aes.c 0x00000000   Number         0  stm32f4xx_cryp_aes.o ABSOLUTE
    sys\\Libraries\\STM32F4xx_StdPeriph_Driver\\src\\stm32f4xx_cryp_des.c 0x00000000   Number         0  stm32f4xx_cryp_des.o ABSOLUTE
    sys\\Libraries\\STM32F4xx_StdPeriph_Driver\\src\\stm32f4xx_cryp_tdes.c 0x00000000   Number         0  stm32f4xx_cryp_tdes.o ABSOLUTE
    sys\\Libraries\\STM32F4xx_StdPeriph_Driver\\src\\stm32f4xx_dac.c 0x00000000   Number         0  stm32f4xx_dac.o ABSOLUTE
    sys\\Libraries\\STM32F4xx_StdPeriph_Driver\\src\\stm32f4xx_dbgmcu.c 0x00000000   Number         0  stm32f4xx_dbgmcu.o ABSOLUTE
    sys\\Libraries\\STM32F4xx_StdPeriph_Driver\\src\\stm32f4xx_dcmi.c 0x00000000   Number         0  stm32f4xx_dcmi.o ABSOLUTE
    sys\\Libraries\\STM32F4xx_StdPeriph_Driver\\src\\stm32f4xx_dma.c 0x00000000   Number         0  stm32f4xx_dma.o ABSOLUTE
    sys\\Libraries\\STM32F4xx_StdPeriph_Driver\\src\\stm32f4xx_dma2d.c 0x00000000   Number         0  stm32f4xx_dma2d.o ABSOLUTE
    sys\\Libraries\\STM32F4xx_StdPeriph_Driver\\src\\stm32f4xx_dsi.c 0x00000000   Number         0  stm32f4xx_dsi.o ABSOLUTE
    sys\\Libraries\\STM32F4xx_StdPeriph_Driver\\src\\stm32f4xx_exti.c 0x00000000   Number         0  stm32f4xx_exti.o ABSOLUTE
    sys\\Libraries\\STM32F4xx_StdPeriph_Driver\\src\\stm32f4xx_flash.c 0x00000000   Number         0  stm32f4xx_flash.o ABSOLUTE
    sys\\Libraries\\STM32F4xx_StdPeriph_Driver\\src\\stm32f4xx_flash_ramfunc.c 0x00000000   Number         0  stm32f4xx_flash_ramfunc.o ABSOLUTE
    sys\\Libraries\\STM32F4xx_StdPeriph_Driver\\src\\stm32f4xx_fmpi2c.c 0x00000000   Number         0  stm32f4xx_fmpi2c.o ABSOLUTE
    sys\\Libraries\\STM32F4xx_StdPeriph_Driver\\src\\stm32f4xx_fsmc.c 0x00000000   Number         0  stm32f4xx_fsmc.o ABSOLUTE
    sys\\Libraries\\STM32F4xx_StdPeriph_Driver\\src\\stm32f4xx_gpio.c 0x00000000   Number         0  stm32f4xx_gpio.o ABSOLUTE
    sys\\Libraries\\STM32F4xx_StdPeriph_Driver\\src\\stm32f4xx_hash.c 0x00000000   Number         0  stm32f4xx_hash.o ABSOLUTE
    sys\\Libraries\\STM32F4xx_StdPeriph_Driver\\src\\stm32f4xx_hash_md5.c 0x00000000   Number         0  stm32f4xx_hash_md5.o ABSOLUTE
    sys\\Libraries\\STM32F4xx_StdPeriph_Driver\\src\\stm32f4xx_hash_sha1.c 0x00000000   Number         0  stm32f4xx_hash_sha1.o ABSOLUTE
    sys\\Libraries\\STM32F4xx_StdPeriph_Driver\\src\\stm32f4xx_i2c.c 0x00000000   Number         0  stm32f4xx_i2c.o ABSOLUTE
    sys\\Libraries\\STM32F4xx_StdPeriph_Driver\\src\\stm32f4xx_iwdg.c 0x00000000   Number         0  stm32f4xx_iwdg.o ABSOLUTE
    sys\\Libraries\\STM32F4xx_StdPeriph_Driver\\src\\stm32f4xx_lptim.c 0x00000000   Number         0  stm32f4xx_lptim.o ABSOLUTE
    sys\\Libraries\\STM32F4xx_StdPeriph_Driver\\src\\stm32f4xx_ltdc.c 0x00000000   Number         0  stm32f4xx_ltdc.o ABSOLUTE
    sys\\Libraries\\STM32F4xx_StdPeriph_Driver\\src\\stm32f4xx_pwr.c 0x00000000   Number         0  stm32f4xx_pwr.o ABSOLUTE
    sys\\Libraries\\STM32F4xx_StdPeriph_Driver\\src\\stm32f4xx_qspi.c 0x00000000   Number         0  stm32f4xx_qspi.o ABSOLUTE
    sys\\Libraries\\STM32F4xx_StdPeriph_Driver\\src\\stm32f4xx_rcc.c 0x00000000   Number         0  stm32f4xx_rcc.o ABSOLUTE
    sys\\Libraries\\STM32F4xx_StdPeriph_Driver\\src\\stm32f4xx_rng.c 0x00000000   Number         0  stm32f4xx_rng.o ABSOLUTE
    sys\\Libraries\\STM32F4xx_StdPeriph_Driver\\src\\stm32f4xx_rtc.c 0x00000000   Number         0  stm32f4xx_rtc.o ABSOLUTE
    sys\\Libraries\\STM32F4xx_StdPeriph_Driver\\src\\stm32f4xx_sai.c 0x00000000   Number         0  stm32f4xx_sai.o ABSOLUTE
    sys\\Libraries\\STM32F4xx_StdPeriph_Driver\\src\\stm32f4xx_sdio.c 0x00000000   Number         0  stm32f4xx_sdio.o ABSOLUTE
    sys\\Libraries\\STM32F4xx_StdPeriph_Driver\\src\\stm32f4xx_spdifrx.c 0x00000000   Number         0  stm32f4xx_spdifrx.o ABSOLUTE
    sys\\Libraries\\STM32F4xx_StdPeriph_Driver\\src\\stm32f4xx_spi.c 0x00000000   Number         0  stm32f4xx_spi.o ABSOLUTE
    sys\\Libraries\\STM32F4xx_StdPeriph_Driver\\src\\stm32f4xx_syscfg.c 0x00000000   Number         0  stm32f4xx_syscfg.o ABSOLUTE
    sys\\Libraries\\STM32F4xx_StdPeriph_Driver\\src\\stm32f4xx_tim.c 0x00000000   Number         0  stm32f4xx_tim.o ABSOLUTE
    sys\\Libraries\\STM32F4xx_StdPeriph_Driver\\src\\stm32f4xx_usart.c 0x00000000   Number         0  stm32f4xx_usart.o ABSOLUTE
    sys\\Libraries\\STM32F4xx_StdPeriph_Driver\\src\\stm32f4xx_wwdg.c 0x00000000   Number         0  stm32f4xx_wwdg.o ABSOLUTE
    sys\\stm32f4xx_it.c                      0x00000000   Number         0  stm32f4xx_it.o ABSOLUTE
    sys\\system_stm32f4xx.c                  0x00000000   Number         0  system_stm32f4xx.o ABSOLUTE
    sys\stm32f4xx_it.c                       0x00000000   Number         0  stm32f4xx_it.o ABSOLUTE
    sys\system_stm32f4xx.c                   0x00000000   Number         0  system_stm32f4xx.o ABSOLUTE
    user\\main.c                             0x00000000   Number         0  main.o ABSOLUTE
    user\\robot_control.c                    0x00000000   Number         0  robot_control.o ABSOLUTE
    user\main.c                              0x00000000   Number         0  main.o ABSOLUTE
    user\robot_control.c                     0x00000000   Number         0  robot_control.o ABSOLUTE
    RESET                                    0x08000000   Section      392  startup_stm32f40_41xxx.o(RESET)
    .ARM.Collect$$$$00000000                 0x08000188   Section        0  entry.o(.ARM.Collect$$$$00000000)
    .ARM.Collect$$$$00000001                 0x08000188   Section        4  entry2.o(.ARM.Collect$$$$00000001)
    .ARM.Collect$$$$00000004                 0x0800018c   Section        4  entry5.o(.ARM.Collect$$$$00000004)
    .ARM.Collect$$$$00000008                 0x08000190   Section        0  entry7b.o(.ARM.Collect$$$$00000008)
    .ARM.Collect$$$$0000000A                 0x08000190   Section        0  entry8b.o(.ARM.Collect$$$$0000000A)
    .ARM.Collect$$$$0000000B                 0x08000190   Section        8  entry9a.o(.ARM.Collect$$$$0000000B)
    .ARM.Collect$$$$0000000D                 0x08000198   Section        0  entry10a.o(.ARM.Collect$$$$0000000D)
    .ARM.Collect$$$$0000000F                 0x08000198   Section        0  entry11a.o(.ARM.Collect$$$$0000000F)
    .ARM.Collect$$$$00002712                 0x08000198   Section        4  entry2.o(.ARM.Collect$$$$00002712)
    __lit__00000000                          0x08000198   Data           4  entry2.o(.ARM.Collect$$$$00002712)
    .text                                    0x0800019c   Section       36  startup_stm32f40_41xxx.o(.text)
    $v0                                      0x0800019c   Number         0  startup_stm32f40_41xxx.o(.text)
    .text                                    0x080001c0   Section        0  arm_cos_q15.o(.text)
    .text                                    0x08000268   Section        0  arm_sin_q15.o(.text)
    .text                                    0x0800030c   Section        0  uldiv.o(.text)
    .text                                    0x0800036e   Section        0  uidiv.o(.text)
    .text                                    0x0800039a   Section        0  llshl.o(.text)
    .text                                    0x080003b8   Section        0  llushr.o(.text)
    .text                                    0x080003d8   Section        0  dadd.o(.text)
    .text                                    0x080003d8   Section        0  iusefp.o(.text)
    .text                                    0x08000526   Section        0  dmul.o(.text)
    .text                                    0x0800060a   Section        0  ddiv.o(.text)
    .text                                    0x080006e8   Section        0  dfixul.o(.text)
    .text                                    0x08000718   Section       48  cdrcmple.o(.text)
    .text                                    0x08000748   Section       36  init.o(.text)
    .text                                    0x0800076c   Section        0  llsshr.o(.text)
    .text                                    0x08000790   Section        0  depilogue.o(.text)
    .text                                    0x0800084a   Section        0  __dczerorl2.o(.text)
    i.ADC_Cmd                                0x080008a0   Section        0  stm32f4xx_adc.o(i.ADC_Cmd)
    i.ADC_CommonInit                         0x080008b4   Section        0  stm32f4xx_adc.o(i.ADC_CommonInit)
    i.ADC_DMACmd                             0x080008e0   Section        0  stm32f4xx_adc.o(i.ADC_DMACmd)
    i.ADC_DMARequestAfterLastTransferCmd     0x080008f2   Section        0  stm32f4xx_adc.o(i.ADC_DMARequestAfterLastTransferCmd)
    i.ADC_Init                               0x08000904   Section        0  stm32f4xx_adc.o(i.ADC_Init)
    i.ADC_RegularChannelConfig               0x08000958   Section        0  stm32f4xx_adc.o(i.ADC_RegularChannelConfig)
    i.ADC_SoftwareStartConv                  0x080009e8   Section        0  stm32f4xx_adc.o(i.ADC_SoftwareStartConv)
    i.AbsEnc_data                            0x080009f4   Section        0  absenc.o(i.AbsEnc_data)
    i.AbsEnc_init                            0x08000a70   Section        0  absenc.o(i.AbsEnc_init)
    i.BusFault_Handler                       0x08000aa4   Section        0  stm32f4xx_it.o(i.BusFault_Handler)
    i.CAN1_RX0_IRQHandler                    0x08000aa8   Section        0  can_protocol.o(i.CAN1_RX0_IRQHandler)
    i.CAN1_RX1_IRQHandler                    0x08000b0c   Section        0  can_protocol.o(i.CAN1_RX1_IRQHandler)
    i.CAN1_TX_IRQHandler                     0x08000b70   Section        0  can_protocol.o(i.CAN1_TX_IRQHandler)
    i.CAN2_RX0_IRQHandler                    0x08000b9c   Section        0  can_protocol.o(i.CAN2_RX0_IRQHandler)
    i.CAN2_RX1_IRQHandler                    0x08000c04   Section        0  can_protocol.o(i.CAN2_RX1_IRQHandler)
    i.CAN2_TX_IRQHandler                     0x08000c6c   Section        0  can_protocol.o(i.CAN2_TX_IRQHandler)
    i.CAN_ClearITPendingBit                  0x08000c98   Section        0  stm32f4xx_can.o(i.CAN_ClearITPendingBit)
    i.CAN_GetITStatus                        0x08000d34   Section        0  stm32f4xx_can.o(i.CAN_GetITStatus)
    i.CAN_Receive                            0x08000e40   Section        0  stm32f4xx_can.o(i.CAN_Receive)
    i.Current_control_FOC_dq_Frame           0x08000ef4   Section        0  current_control.o(i.Current_control_FOC_dq_Frame)
    i.DMA_Cmd                                0x08000fa4   Section        0  stm32f4xx_dma.o(i.DMA_Cmd)
    i.DMA_Init                               0x08000fb8   Section        0  stm32f4xx_dma.o(i.DMA_Init)
    i.DebugMon_Handler                       0x08001030   Section        0  stm32f4xx_it.o(i.DebugMon_Handler)
    i.EXTI15_10_IRQHandler                   0x08001034   Section        0  spi_xbc_mb.o(i.EXTI15_10_IRQHandler)
    i.EXTI_ClearITPendingBit                 0x0800107c   Section        0  stm32f4xx_exti.o(i.EXTI_ClearITPendingBit)
    i.EXTI_GetITStatus                       0x08001088   Section        0  stm32f4xx_exti.o(i.EXTI_GetITStatus)
    i.GPIO_Init                              0x0800109c   Section        0  stm32f4xx_gpio.o(i.GPIO_Init)
    i.GPIO_PinAFConfig                       0x0800113a   Section        0  stm32f4xx_gpio.o(i.GPIO_PinAFConfig)
    i.GPIO_ReadInputDataBit                  0x0800115c   Section        0  stm32f4xx_gpio.o(i.GPIO_ReadInputDataBit)
    i.GPIO_ReadOutputDataBit                 0x0800116a   Section        0  stm32f4xx_gpio.o(i.GPIO_ReadOutputDataBit)
    i.GPIO_ResetBits                         0x08001178   Section        0  stm32f4xx_gpio.o(i.GPIO_ResetBits)
    i.GPIO_SetBits                           0x0800117c   Section        0  stm32f4xx_gpio.o(i.GPIO_SetBits)
    i.GPIO_StructInit                        0x08001180   Section        0  stm32f4xx_gpio.o(i.GPIO_StructInit)
    i.GPIO_WriteBit                          0x08001192   Section        0  stm32f4xx_gpio.o(i.GPIO_WriteBit)
    i.HS_opamp                               0x0800119c   Section        0  driving_sensing_mode.o(i.HS_opamp)
    i.HS_opamp_init                          0x080011f0   Section        0  driving_sensing_mode.o(i.HS_opamp_init)
    i.HardFault_Handler                      0x08001224   Section        0  stm32f4xx_it.o(i.HardFault_Handler)
    i.Injection_opamp                        0x08001228   Section        0  driving_sensing_mode.o(i.Injection_opamp)
    i.Injection_opamp_init                   0x08001270   Section        0  driving_sensing_mode.o(i.Injection_opamp_init)
    i.MemManage_Handler                      0x080012a4   Section        0  stm32f4xx_it.o(i.MemManage_Handler)
    i.NMI_Handler                            0x080012a6   Section        0  stm32f4xx_it.o(i.NMI_Handler)
    i.NVIC_Init                              0x080012a8   Section        0  misc.o(i.NVIC_Init)
    i.PWM_init                               0x0800131c   Section        0  pwm.o(i.PWM_init)
    i.PendSV_Handler                         0x080014bc   Section        0  stm32f4xx_it.o(i.PendSV_Handler)
    i.RCC_AHB1PeriphClockCmd                 0x080014c0   Section        0  stm32f4xx_rcc.o(i.RCC_AHB1PeriphClockCmd)
    i.RCC_APB1PeriphClockCmd                 0x080014d8   Section        0  stm32f4xx_rcc.o(i.RCC_APB1PeriphClockCmd)
    i.RCC_APB2PeriphClockCmd                 0x080014f0   Section        0  stm32f4xx_rcc.o(i.RCC_APB2PeriphClockCmd)
    i.RCC_GetClocksFreq                      0x08001508   Section        0  stm32f4xx_rcc.o(i.RCC_GetClocksFreq)
    i.SPI1_IRQHandler                        0x080015a8   Section        0  spi_protocol.o(i.SPI1_IRQHandler)
    i.SPI2_IRQHandler                        0x080015dc   Section        0  spi_protocol.o(i.SPI2_IRQHandler)
    i.SPI3_IRQHandler                        0x08001610   Section        0  spi_protocol.o(i.SPI3_IRQHandler)
    i.SPI_I2S_GetITStatus                    0x08001644   Section        0  stm32f4xx_spi.o(i.SPI_I2S_GetITStatus)
    i.SPI_I2S_ReceiveData                    0x08001672   Section        0  stm32f4xx_spi.o(i.SPI_I2S_ReceiveData)
    i.SPI_NSSInternalSoftwareConfig          0x08001676   Section        0  stm32f4xx_spi.o(i.SPI_NSSInternalSoftwareConfig)
    i.SVC_Handler                            0x0800168c   Section        0  stm32f4xx_it.o(i.SVC_Handler)
    i.Sensing_MOSFET                         0x08001690   Section        0  driving_sensing_mode.o(i.Sensing_MOSFET)
    i.Sensing_MOSFET_init                    0x080016b4   Section        0  driving_sensing_mode.o(i.Sensing_MOSFET_init)
    i.SysTick_Handler                        0x080016e8   Section        0  stm32f4xx_it.o(i.SysTick_Handler)
    i.SystemCoreClockUpdate                  0x080016ec   Section        0  system_stm32f4xx.o(i.SystemCoreClockUpdate)
    i.SystemInit                             0x08001770   Section        0  system_stm32f4xx.o(i.SystemInit)
    i.TIM2_IRQHandler                        0x080018b4   Section        0  ticks.o(i.TIM2_IRQHandler)
    i.TIM7_IRQHandler                        0x080018dc   Section        0  timer.o(i.TIM7_IRQHandler)
    i.TIM_ARRPreloadConfig                   0x080019d8   Section        0  stm32f4xx_tim.o(i.TIM_ARRPreloadConfig)
    i.TIM_BDTRConfig                         0x080019ea   Section        0  stm32f4xx_tim.o(i.TIM_BDTRConfig)
    i.TIM_BDTRStructInit                     0x08001a0e   Section        0  stm32f4xx_tim.o(i.TIM_BDTRStructInit)
    i.TIM_CCPreloadControl                   0x08001a20   Section        0  stm32f4xx_tim.o(i.TIM_CCPreloadControl)
    i.TIM_ClearITPendingBit                  0x08001a32   Section        0  stm32f4xx_tim.o(i.TIM_ClearITPendingBit)
    i.TIM_Cmd                                0x08001a38   Section        0  stm32f4xx_tim.o(i.TIM_Cmd)
    i.TIM_CtrlPWMOutputs                     0x08001a4a   Section        0  stm32f4xx_tim.o(i.TIM_CtrlPWMOutputs)
    i.TIM_GetITStatus                        0x08001a60   Section        0  stm32f4xx_tim.o(i.TIM_GetITStatus)
    i.TIM_ITConfig                           0x08001a76   Section        0  stm32f4xx_tim.o(i.TIM_ITConfig)
    i.TIM_OC1Init                            0x08001a86   Section        0  stm32f4xx_tim.o(i.TIM_OC1Init)
    i.TIM_OC1PreloadConfig                   0x08001aee   Section        0  stm32f4xx_tim.o(i.TIM_OC1PreloadConfig)
    i.TIM_OC2Init                            0x08001afa   Section        0  stm32f4xx_tim.o(i.TIM_OC2Init)
    i.TIM_OC2PreloadConfig                   0x08001b80   Section        0  stm32f4xx_tim.o(i.TIM_OC2PreloadConfig)
    i.TIM_OC3Init                            0x08001b94   Section        0  stm32f4xx_tim.o(i.TIM_OC3Init)
    i.TIM_OC3PreloadConfig                   0x08001c18   Section        0  stm32f4xx_tim.o(i.TIM_OC3PreloadConfig)
    i.TIM_OC4Init                            0x08001c24   Section        0  stm32f4xx_tim.o(i.TIM_OC4Init)
    i.TIM_OC4PreloadConfig                   0x08001c8c   Section        0  stm32f4xx_tim.o(i.TIM_OC4PreloadConfig)
    i.TIM_SetAutoreload                      0x08001ca0   Section        0  stm32f4xx_tim.o(i.TIM_SetAutoreload)
    i.TIM_SetCompare1                        0x08001ca4   Section        0  stm32f4xx_tim.o(i.TIM_SetCompare1)
    i.TIM_SetCompare2                        0x08001ca8   Section        0  stm32f4xx_tim.o(i.TIM_SetCompare2)
    i.TIM_SetCompare3                        0x08001cac   Section        0  stm32f4xx_tim.o(i.TIM_SetCompare3)
    i.TIM_SetCompare4                        0x08001cb0   Section        0  stm32f4xx_tim.o(i.TIM_SetCompare4)
    i.TIM_SetCounter                         0x08001cb4   Section        0  stm32f4xx_tim.o(i.TIM_SetCounter)
    i.TIM_TimeBaseInit                       0x08001cb8   Section        0  stm32f4xx_tim.o(i.TIM_TimeBaseInit)
    i.UART4_IRQHandler                       0x08001d38   Section        0  uart.o(i.UART4_IRQHandler)
    i.UART5_IRQHandler                       0x08001d9c   Section        0  uart.o(i.UART5_IRQHandler)
    i.USART1_IRQHandler                      0x08001dfc   Section        0  uart.o(i.USART1_IRQHandler)
    i.USART2_IRQHandler                      0x08001e5c   Section        0  uart.o(i.USART2_IRQHandler)
    i.USART3_IRQHandler                      0x08001ec0   Section        0  uart.o(i.USART3_IRQHandler)
    i.USART6_IRQHandler                      0x08001f24   Section        0  uart.o(i.USART6_IRQHandler)
    i.USART_ClearITPendingBit                0x08001f88   Section        0  stm32f4xx_usart.o(i.USART_ClearITPendingBit)
    i.USART_Cmd                              0x08001f96   Section        0  stm32f4xx_usart.o(i.USART_Cmd)
    i.USART_GetFlagStatus                    0x08001fa8   Section        0  stm32f4xx_usart.o(i.USART_GetFlagStatus)
    i.USART_GetITStatus                      0x08001fb6   Section        0  stm32f4xx_usart.o(i.USART_GetITStatus)
    i.USART_ITConfig                         0x08001ff8   Section        0  stm32f4xx_usart.o(i.USART_ITConfig)
    i.USART_Init                             0x08002028   Section        0  stm32f4xx_usart.o(i.USART_Init)
    i.USART_ReceiveData                      0x080020e0   Section        0  stm32f4xx_usart.o(i.USART_ReceiveData)
    i.Uart_listener                          0x080020e8   Section        0  main.o(i.Uart_listener)
    i.UsageFault_Handler                     0x08002204   Section        0  stm32f4xx_it.o(i.UsageFault_Handler)
    i.__0vsprintf                            0x08002208   Section        0  printfa.o(i.__0vsprintf)
    i.__scatterload_copy                     0x0800222c   Section       14  handlers.o(i.__scatterload_copy)
    i.__scatterload_null                     0x0800223a   Section        2  handlers.o(i.__scatterload_null)
    i.__scatterload_zeroinit                 0x0800223c   Section       14  handlers.o(i.__scatterload_zeroinit)
    i._fp_digits                             0x0800224c   Section        0  printfa.o(i._fp_digits)
    _fp_digits                               0x0800224d   Thumb Code   366  printfa.o(i._fp_digits)
    i._printf_core                           0x080023d0   Section        0  printfa.o(i._printf_core)
    _printf_core                             0x080023d1   Thumb Code  1744  printfa.o(i._printf_core)
    i._printf_post_padding                   0x08002aac   Section        0  printfa.o(i._printf_post_padding)
    _printf_post_padding                     0x08002aad   Thumb Code    36  printfa.o(i._printf_post_padding)
    i._printf_pre_padding                    0x08002ad0   Section        0  printfa.o(i._printf_pre_padding)
    _printf_pre_padding                      0x08002ad1   Thumb Code    46  printfa.o(i._printf_pre_padding)
    i._sputc                                 0x08002afe   Section        0  printfa.o(i._sputc)
    _sputc                                   0x08002aff   Thumb Code    10  printfa.o(i._sputc)
    i.abc_to_dq                              0x08002b08   Section        0  currentsensing.o(i.abc_to_dq)
    i.app_cos                                0x08002be2   Section        0  trigon_math.o(i.app_cos)
    i.app_sin                                0x08002c02   Section        0  trigon_math.o(i.app_sin)
    i.cal_zero_mean                          0x08002c24   Section        0  currentsensing.o(i.cal_zero_mean)
    i.can1_tx_dequeue                        0x08002ccc   Section        0  can_protocol.o(i.can1_tx_dequeue)
    can1_tx_dequeue                          0x08002ccd   Thumb Code   314  can_protocol.o(i.can1_tx_dequeue)
    i.can2_tx_dequeue                        0x08002e20   Section        0  can_protocol.o(i.can2_tx_dequeue)
    can2_tx_dequeue                          0x08002e21   Thumb Code   316  can_protocol.o(i.can2_tx_dequeue)
    i.current_1000_update                    0x08002f74   Section        0  currentsensing.o(i.current_1000_update)
    i.current_sensing_init                   0x08002fa4   Section        0  currentsensing.o(i.current_sensing_init)
    i.dq_to_abc                              0x080030c8   Section        0  currentsensing.o(i.dq_to_abc)
    i.getPinSource                           0x080031a2   Section        0  gpio.o(i.getPinSource)
    i.get_elec_angle                         0x0800323c   Section        0  absenc.o(i.get_elec_angle)
    i.get_instant_current_A                  0x080032e8   Section        0  currentsensing.o(i.get_instant_current_A)
    i.get_instant_current_B                  0x080032f4   Section        0  currentsensing.o(i.get_instant_current_B)
    i.get_instant_current_C                  0x08003300   Section        0  currentsensing.o(i.get_instant_current_C)
    i.get_velcity                            0x0800330c   Section        0  absenc.o(i.get_velcity)
    i.gpio_af_init                           0x0800332a   Section        0  gpio.o(i.gpio_af_init)
    i.gpio_output_init                       0x08003374   Section        0  gpio.o(i.gpio_output_init)
    i.gpio_rcc_init                          0x080033a8   Section        0  gpio.o(i.gpio_rcc_init)
    i.gpio_rcc_init_all                      0x0800341c   Section        0  gpio.o(i.gpio_rcc_init_all)
    i.gpio_toggle                            0x0800345a   Section        0  gpio.o(i.gpio_toggle)
    i.led_blink                              0x0800347c   Section        0  led.o(i.led_blink)
    i.led_init                               0x0800348c   Section        0  led.o(i.led_init)
    i.main                                   0x080034b4   Section        0  main.o(i.main)
    i.print_zero_mean                        0x08003840   Section        0  currentsensing.o(i.print_zero_mean)
    i.set_PWM                                0x08003864   Section        0  pwm.o(i.set_PWM)
    i.ticks_init                             0x080038e4   Section        0  ticks.o(i.ticks_init)
    i.timer_init                             0x0800394c   Section        0  timer.o(i.timer_init)
    i.uart_init                              0x080039d0   Section        0  uart.o(i.uart_init)
    i.uart_interrupt_init                    0x08003a90   Section        0  uart.o(i.uart_interrupt_init)
    i.uart_tx                                0x08003a9c   Section        0  uart.o(i.uart_tx)
    i.uart_tx_blocking                       0x08003b00   Section        0  uart.o(i.uart_tx_blocking)
    i.uart_tx_dequeue                        0x08003b5c   Section        0  uart.o(i.uart_tx_dequeue)
    uart_tx_dequeue                          0x08003b5d   Thumb Code   112  uart.o(i.uart_tx_dequeue)
    .constdata                               0x08003bd4   Section        8  gpio.o(.constdata)
    .constdata                               0x08003bdc   Section        8  gpio.o(.constdata)
    .constdata                               0x08003be4   Section        8  gpio.o(.constdata)
    .constdata                               0x08003bec   Section        8  gpio.o(.constdata)
    .constdata                               0x08003bf4   Section        8  gpio.o(.constdata)
    .constdata                               0x08003bfc   Section        8  gpio.o(.constdata)
    .constdata                               0x08003c04   Section        8  gpio.o(.constdata)
    .constdata                               0x08003c0c   Section        8  gpio.o(.constdata)
    .constdata                               0x08003c14   Section        8  gpio.o(.constdata)
    .constdata                               0x08003c1c   Section        8  gpio.o(.constdata)
    .constdata                               0x08003c24   Section        8  gpio.o(.constdata)
    .constdata                               0x08003c2c   Section        8  gpio.o(.constdata)
    .constdata                               0x08003c34   Section        8  gpio.o(.constdata)
    .constdata                               0x08003c3c   Section        8  gpio.o(.constdata)
    .constdata                               0x08003c44   Section      120  uart.o(.constdata)
    UARTPorts                                0x08003c44   Data         120  uart.o(.constdata)
    .constdata                               0x08003cbc   Section      518  arm_cos_q15.o(.constdata)
    cosTableQ15                              0x08003cbc   Data         518  arm_cos_q15.o(.constdata)
    .constdata                               0x08003ec2   Section      518  arm_sin_q15.o(.constdata)
    sinTableQ15                              0x08003ec2   Data         518  arm_sin_q15.o(.constdata)
    .data                                    0x20000000   Section       16  stm32f4xx_rcc.o(.data)
    APBAHBPrescTable                         0x20000000   Data          16  stm32f4xx_rcc.o(.data)
    .data                                    0x20000010   Section       24  system_stm32f4xx.o(.data)
    .data                                    0x20000028   Section       96  main.o(.data)
    last_led_ticks                           0x20000064   Data           4  main.o(.data)
    last_angle_ticks                         0x20000068   Data           4  main.o(.data)
    last_speed_ticks                         0x2000006c   Data           4  main.o(.data)
    last_target_current_q_update_ticks       0x20000070   Data           4  main.o(.data)
    last_pwm_update_ticks                    0x20000074   Data           4  main.o(.data)
    last_debug_ticks                         0x20000078   Data           4  main.o(.data)
    .data                                    0x20000088   Section       36  can_protocol.o(.data)
    CAN_filter_count                         0x20000088   Data           2  can_protocol.o(.data)
    CAN_max_filter                           0x2000008a   Data           2  can_protocol.o(.data)
    can_tx_dequeue                           0x2000008c   Data           8  can_protocol.o(.data)
    CAN_queue_max_size                       0x20000094   Data           8  can_protocol.o(.data)
    .data                                    0x200000ac   Section       72  uart.o(.data)
    tx_queue                                 0x200000ac   Data          48  uart.o(.data)
    tx_buf_max_size                          0x200000dc   Data          24  uart.o(.data)
    .data                                    0x200000f4   Section        4  ticks.o(.data)
    .data                                    0x200000f8   Section        4  led.o(.data)
    LEDs                                     0x200000f8   Data           4  led.o(.data)
    .data                                    0x200000fc   Section        4  timer.o(.data)
    running                                  0x200000fc   Data           1  timer.o(.data)
    size                                     0x200000fe   Data           2  timer.o(.data)
    .data                                    0x20000100   Section       24  spi_xbc_mb.o(.data)
    xbc_connection                           0x20000100   Data           1  spi_xbc_mb.o(.data)
    xbc_back_buttons                         0x20000102   Data           2  spi_xbc_mb.o(.data)
    xbc_nss                                  0x20000104   Data           4  spi_xbc_mb.o(.data)
    xbc_digital                              0x20000108   Data           4  spi_xbc_mb.o(.data)
    pointer                                  0x2000010c   Data           4  spi_xbc_mb.o(.data)
    error_count                              0x20000110   Data           4  spi_xbc_mb.o(.data)
    last_recv                                0x20000114   Data           4  spi_xbc_mb.o(.data)
    .data                                    0x20000118   Section       18  absenc.o(.data)
    .data                                    0x2000012a   Section       18  currentsensing.o(.data)
    adc_current_reading                      0x2000012a   Data           6  currentsensing.o(.data)
    last_adc_current_reading                 0x20000130   Data           6  currentsensing.o(.data)
    current_1000                             0x20000136   Data           6  currentsensing.o(.data)
    .data                                    0x2000013c   Section       28  current_control.o(.data)
    .bss                                     0x20000158   Section     4800  main.o(.bss)
    .bss                                     0x20001418   Section      112  can_protocol.o(.bss)
    .bss                                     0x20001488   Section     1200  can_protocol.o(.bss)
    CAN1_tx_queue_items                      0x20001488   Data        1200  can_protocol.o(.bss)
    .bss                                     0x20001938   Section     1200  can_protocol.o(.bss)
    CAN2_tx_queue_items                      0x20001938   Data        1200  can_protocol.o(.bss)
    .bss                                     0x20001de8   Section       64  uart.o(.bss)
    tx_buf_item_1                            0x20001de8   Data          64  uart.o(.bss)
    .bss                                     0x20001e28   Section      768  uart.o(.bss)
    tx_buf_item_2                            0x20001e28   Data         768  uart.o(.bss)
    .bss                                     0x20002128   Section       64  uart.o(.bss)
    tx_buf_item_3                            0x20002128   Data          64  uart.o(.bss)
    .bss                                     0x20002168   Section       64  uart.o(.bss)
    tx_buf_item_4                            0x20002168   Data          64  uart.o(.bss)
    .bss                                     0x200021a8   Section       64  uart.o(.bss)
    tx_buf_item_5                            0x200021a8   Data          64  uart.o(.bss)
    .bss                                     0x200021e8   Section       64  uart.o(.bss)
    tx_buf_item_6                            0x200021e8   Data          64  uart.o(.bss)
    .bss                                     0x20002228   Section       24  uart.o(.bss)
    rxListeners                              0x20002228   Data          24  uart.o(.bss)
    .bss                                     0x20002240   Section       12  spi_protocol.o(.bss)
    SpiRxListenerList                        0x20002240   Data          12  spi_protocol.o(.bss)
    .bss                                     0x2000224c   Section      400  timer.o(.bss)
    actions                                  0x2000224c   Data         400  timer.o(.bss)
    .bss                                     0x200023dc   Section       12  currentsensing.o(.bss)
    STACK                                    0x200023e8   Section     2048  startup_stm32f40_41xxx.o(STACK)

    Global Symbols

    Symbol Name                              Value     Ov Type        Size  Object(Section)

    BuildAttributes$$THM_ISAv4$E$P$D$K$B$S$7EM$VFPi3$EXTD16$VFPS$VFMA$PE$A:L22UL41UL21$X:L11$S22US41US21$IEEE1$IW$USESV6$~STKCKD$USESV7$~SHL$OTIME$ROPI$IEEEX$EBA8$MICROLIB$REQ8$PRES8$EABIv2 0x00000000   Number         0  anon$$obj.o ABSOLUTE
    __ARM_use_no_argv                        0x00000000   Number         0  main.o ABSOLUTE
    __cpp_initialize__aeabi_                  - Undefined Weak Reference
    __cxa_finalize                            - Undefined Weak Reference
    _clock_init                               - Undefined Weak Reference
    _microlib_exit                            - Undefined Weak Reference
    __Vectors_Size                           0x00000188   Number         0  startup_stm32f40_41xxx.o ABSOLUTE
    __Vectors                                0x08000000   Data           4  startup_stm32f40_41xxx.o(RESET)
    __Vectors_End                            0x08000188   Data           0  startup_stm32f40_41xxx.o(RESET)
    __main                                   0x08000189   Thumb Code     0  entry.o(.ARM.Collect$$$$00000000)
    _main_stk                                0x08000189   Thumb Code     0  entry2.o(.ARM.Collect$$$$00000001)
    _main_scatterload                        0x0800018d   Thumb Code     0  entry5.o(.ARM.Collect$$$$00000004)
    __main_after_scatterload                 0x08000191   Thumb Code     0  entry5.o(.ARM.Collect$$$$00000004)
    _main_clock                              0x08000191   Thumb Code     0  entry7b.o(.ARM.Collect$$$$00000008)
    _main_cpp_init                           0x08000191   Thumb Code     0  entry8b.o(.ARM.Collect$$$$0000000A)
    _main_init                               0x08000191   Thumb Code     0  entry9a.o(.ARM.Collect$$$$0000000B)
    __rt_final_cpp                           0x08000199   Thumb Code     0  entry10a.o(.ARM.Collect$$$$0000000D)
    __rt_final_exit                          0x08000199   Thumb Code     0  entry11a.o(.ARM.Collect$$$$0000000F)
    Reset_Handler                            0x0800019d   Thumb Code     8  startup_stm32f40_41xxx.o(.text)
    ADC_IRQHandler                           0x080001b7   Thumb Code     0  startup_stm32f40_41xxx.o(.text)
    CAN1_SCE_IRQHandler                      0x080001b7   Thumb Code     0  startup_stm32f40_41xxx.o(.text)
    CAN2_SCE_IRQHandler                      0x080001b7   Thumb Code     0  startup_stm32f40_41xxx.o(.text)
    CRYP_IRQHandler                          0x080001b7   Thumb Code     0  startup_stm32f40_41xxx.o(.text)
    DCMI_IRQHandler                          0x080001b7   Thumb Code     0  startup_stm32f40_41xxx.o(.text)
    DMA1_Stream0_IRQHandler                  0x080001b7   Thumb Code     0  startup_stm32f40_41xxx.o(.text)
    DMA1_Stream1_IRQHandler                  0x080001b7   Thumb Code     0  startup_stm32f40_41xxx.o(.text)
    DMA1_Stream2_IRQHandler                  0x080001b7   Thumb Code     0  startup_stm32f40_41xxx.o(.text)
    DMA1_Stream3_IRQHandler                  0x080001b7   Thumb Code     0  startup_stm32f40_41xxx.o(.text)
    DMA1_Stream4_IRQHandler                  0x080001b7   Thumb Code     0  startup_stm32f40_41xxx.o(.text)
    DMA1_Stream5_IRQHandler                  0x080001b7   Thumb Code     0  startup_stm32f40_41xxx.o(.text)
    DMA1_Stream6_IRQHandler                  0x080001b7   Thumb Code     0  startup_stm32f40_41xxx.o(.text)
    DMA1_Stream7_IRQHandler                  0x080001b7   Thumb Code     0  startup_stm32f40_41xxx.o(.text)
    DMA2_Stream0_IRQHandler                  0x080001b7   Thumb Code     0  startup_stm32f40_41xxx.o(.text)
    DMA2_Stream1_IRQHandler                  0x080001b7   Thumb Code     0  startup_stm32f40_41xxx.o(.text)
    DMA2_Stream2_IRQHandler                  0x080001b7   Thumb Code     0  startup_stm32f40_41xxx.o(.text)
    DMA2_Stream3_IRQHandler                  0x080001b7   Thumb Code     0  startup_stm32f40_41xxx.o(.text)
    DMA2_Stream4_IRQHandler                  0x080001b7   Thumb Code     0  startup_stm32f40_41xxx.o(.text)
    DMA2_Stream5_IRQHandler                  0x080001b7   Thumb Code     0  startup_stm32f40_41xxx.o(.text)
    DMA2_Stream6_IRQHandler                  0x080001b7   Thumb Code     0  startup_stm32f40_41xxx.o(.text)
    DMA2_Stream7_IRQHandler                  0x080001b7   Thumb Code     0  startup_stm32f40_41xxx.o(.text)
    ETH_IRQHandler                           0x080001b7   Thumb Code     0  startup_stm32f40_41xxx.o(.text)
    ETH_WKUP_IRQHandler                      0x080001b7   Thumb Code     0  startup_stm32f40_41xxx.o(.text)
    EXTI0_IRQHandler                         0x080001b7   Thumb Code     0  startup_stm32f40_41xxx.o(.text)
    EXTI1_IRQHandler                         0x080001b7   Thumb Code     0  startup_stm32f40_41xxx.o(.text)
    EXTI2_IRQHandler                         0x080001b7   Thumb Code     0  startup_stm32f40_41xxx.o(.text)
    EXTI3_IRQHandler                         0x080001b7   Thumb Code     0  startup_stm32f40_41xxx.o(.text)
    EXTI4_IRQHandler                         0x080001b7   Thumb Code     0  startup_stm32f40_41xxx.o(.text)
    EXTI9_5_IRQHandler                       0x080001b7   Thumb Code     0  startup_stm32f40_41xxx.o(.text)
    FLASH_IRQHandler                         0x080001b7   Thumb Code     0  startup_stm32f40_41xxx.o(.text)
    FPU_IRQHandler                           0x080001b7   Thumb Code     0  startup_stm32f40_41xxx.o(.text)
    FSMC_IRQHandler                          0x080001b7   Thumb Code     0  startup_stm32f40_41xxx.o(.text)
    HASH_RNG_IRQHandler                      0x080001b7   Thumb Code     0  startup_stm32f40_41xxx.o(.text)
    I2C1_ER_IRQHandler                       0x080001b7   Thumb Code     0  startup_stm32f40_41xxx.o(.text)
    I2C1_EV_IRQHandler                       0x080001b7   Thumb Code     0  startup_stm32f40_41xxx.o(.text)
    I2C2_ER_IRQHandler                       0x080001b7   Thumb Code     0  startup_stm32f40_41xxx.o(.text)
    I2C2_EV_IRQHandler                       0x080001b7   Thumb Code     0  startup_stm32f40_41xxx.o(.text)
    I2C3_ER_IRQHandler                       0x080001b7   Thumb Code     0  startup_stm32f40_41xxx.o(.text)
    I2C3_EV_IRQHandler                       0x080001b7   Thumb Code     0  startup_stm32f40_41xxx.o(.text)
    OTG_FS_IRQHandler                        0x080001b7   Thumb Code     0  startup_stm32f40_41xxx.o(.text)
    OTG_FS_WKUP_IRQHandler                   0x080001b7   Thumb Code     0  startup_stm32f40_41xxx.o(.text)
    OTG_HS_EP1_IN_IRQHandler                 0x080001b7   Thumb Code     0  startup_stm32f40_41xxx.o(.text)
    OTG_HS_EP1_OUT_IRQHandler                0x080001b7   Thumb Code     0  startup_stm32f40_41xxx.o(.text)
    OTG_HS_IRQHandler                        0x080001b7   Thumb Code     0  startup_stm32f40_41xxx.o(.text)
    OTG_HS_WKUP_IRQHandler                   0x080001b7   Thumb Code     0  startup_stm32f40_41xxx.o(.text)
    PVD_IRQHandler                           0x080001b7   Thumb Code     0  startup_stm32f40_41xxx.o(.text)
    RCC_IRQHandler                           0x080001b7   Thumb Code     0  startup_stm32f40_41xxx.o(.text)
    RTC_Alarm_IRQHandler                     0x080001b7   Thumb Code     0  startup_stm32f40_41xxx.o(.text)
    RTC_WKUP_IRQHandler                      0x080001b7   Thumb Code     0  startup_stm32f40_41xxx.o(.text)
    SDIO_IRQHandler                          0x080001b7   Thumb Code     0  startup_stm32f40_41xxx.o(.text)
    TAMP_STAMP_IRQHandler                    0x080001b7   Thumb Code     0  startup_stm32f40_41xxx.o(.text)
    TIM1_BRK_TIM9_IRQHandler                 0x080001b7   Thumb Code     0  startup_stm32f40_41xxx.o(.text)
    TIM1_CC_IRQHandler                       0x080001b7   Thumb Code     0  startup_stm32f40_41xxx.o(.text)
    TIM1_TRG_COM_TIM11_IRQHandler            0x080001b7   Thumb Code     0  startup_stm32f40_41xxx.o(.text)
    TIM1_UP_TIM10_IRQHandler                 0x080001b7   Thumb Code     0  startup_stm32f40_41xxx.o(.text)
    TIM3_IRQHandler                          0x080001b7   Thumb Code     0  startup_stm32f40_41xxx.o(.text)
    TIM4_IRQHandler                          0x080001b7   Thumb Code     0  startup_stm32f40_41xxx.o(.text)
    TIM5_IRQHandler                          0x080001b7   Thumb Code     0  startup_stm32f40_41xxx.o(.text)
    TIM6_DAC_IRQHandler                      0x080001b7   Thumb Code     0  startup_stm32f40_41xxx.o(.text)
    TIM8_BRK_TIM12_IRQHandler                0x080001b7   Thumb Code     0  startup_stm32f40_41xxx.o(.text)
    TIM8_CC_IRQHandler                       0x080001b7   Thumb Code     0  startup_stm32f40_41xxx.o(.text)
    TIM8_TRG_COM_TIM14_IRQHandler            0x080001b7   Thumb Code     0  startup_stm32f40_41xxx.o(.text)
    TIM8_UP_TIM13_IRQHandler                 0x080001b7   Thumb Code     0  startup_stm32f40_41xxx.o(.text)
    WWDG_IRQHandler                          0x080001b7   Thumb Code     0  startup_stm32f40_41xxx.o(.text)
    arm_cos_q15                              0x080001c1   Thumb Code   162  arm_cos_q15.o(.text)
    arm_sin_q15                              0x08000269   Thumb Code   160  arm_sin_q15.o(.text)
    __aeabi_uldivmod                         0x0800030d   Thumb Code    98  uldiv.o(.text)
    __aeabi_uidiv                            0x0800036f   Thumb Code     0  uidiv.o(.text)
    __aeabi_uidivmod                         0x0800036f   Thumb Code    44  uidiv.o(.text)
    __aeabi_llsl                             0x0800039b   Thumb Code    30  llshl.o(.text)
    _ll_shift_l                              0x0800039b   Thumb Code     0  llshl.o(.text)
    __aeabi_llsr                             0x080003b9   Thumb Code    32  llushr.o(.text)
    _ll_ushift_r                             0x080003b9   Thumb Code     0  llushr.o(.text)
    __I$use$fp                               0x080003d9   Thumb Code     0  iusefp.o(.text)
    __aeabi_dadd                             0x080003d9   Thumb Code   322  dadd.o(.text)
    __aeabi_dsub                             0x0800051b   Thumb Code     6  dadd.o(.text)
    __aeabi_drsub                            0x08000521   Thumb Code     6  dadd.o(.text)
    __aeabi_dmul                             0x08000527   Thumb Code   228  dmul.o(.text)
    __aeabi_ddiv                             0x0800060b   Thumb Code   222  ddiv.o(.text)
    __aeabi_d2ulz                            0x080006e9   Thumb Code    48  dfixul.o(.text)
    __aeabi_cdrcmple                         0x08000719   Thumb Code    48  cdrcmple.o(.text)
    __scatterload                            0x08000749   Thumb Code    28  init.o(.text)
    __scatterload_rt2                        0x08000749   Thumb Code     0  init.o(.text)
    __aeabi_lasr                             0x0800076d   Thumb Code    36  llsshr.o(.text)
    _ll_sshift_r                             0x0800076d   Thumb Code     0  llsshr.o(.text)
    _double_round                            0x08000791   Thumb Code    30  depilogue.o(.text)
    _double_epilogue                         0x080007af   Thumb Code   156  depilogue.o(.text)
    __decompress                             0x0800084b   Thumb Code     0  __dczerorl2.o(.text)
    __decompress1                            0x0800084b   Thumb Code    86  __dczerorl2.o(.text)
    ADC_Cmd                                  0x080008a1   Thumb Code    18  stm32f4xx_adc.o(i.ADC_Cmd)
    ADC_CommonInit                           0x080008b5   Thumb Code    36  stm32f4xx_adc.o(i.ADC_CommonInit)
    ADC_DMACmd                               0x080008e1   Thumb Code    18  stm32f4xx_adc.o(i.ADC_DMACmd)
    ADC_DMARequestAfterLastTransferCmd       0x080008f3   Thumb Code    18  stm32f4xx_adc.o(i.ADC_DMARequestAfterLastTransferCmd)
    ADC_Init                                 0x08000905   Thumb Code    80  stm32f4xx_adc.o(i.ADC_Init)
    ADC_RegularChannelConfig                 0x08000959   Thumb Code   144  stm32f4xx_adc.o(i.ADC_RegularChannelConfig)
    ADC_SoftwareStartConv                    0x080009e9   Thumb Code    10  stm32f4xx_adc.o(i.ADC_SoftwareStartConv)
    AbsEnc_data                              0x080009f5   Thumb Code   118  absenc.o(i.AbsEnc_data)
    AbsEnc_init                              0x08000a71   Thumb Code    48  absenc.o(i.AbsEnc_init)
    BusFault_Handler                         0x08000aa5   Thumb Code     2  stm32f4xx_it.o(i.BusFault_Handler)
    CAN1_RX0_IRQHandler                      0x08000aa9   Thumb Code    86  can_protocol.o(i.CAN1_RX0_IRQHandler)
    CAN1_RX1_IRQHandler                      0x08000b0d   Thumb Code    86  can_protocol.o(i.CAN1_RX1_IRQHandler)
    CAN1_TX_IRQHandler                       0x08000b71   Thumb Code    36  can_protocol.o(i.CAN1_TX_IRQHandler)
    CAN2_RX0_IRQHandler                      0x08000b9d   Thumb Code    90  can_protocol.o(i.CAN2_RX0_IRQHandler)
    CAN2_RX1_IRQHandler                      0x08000c05   Thumb Code    90  can_protocol.o(i.CAN2_RX1_IRQHandler)
    CAN2_TX_IRQHandler                       0x08000c6d   Thumb Code    36  can_protocol.o(i.CAN2_TX_IRQHandler)
    CAN_ClearITPendingBit                    0x08000c99   Thumb Code   152  stm32f4xx_can.o(i.CAN_ClearITPendingBit)
    CAN_GetITStatus                          0x08000d35   Thumb Code   264  stm32f4xx_can.o(i.CAN_GetITStatus)
    CAN_Receive                              0x08000e41   Thumb Code   180  stm32f4xx_can.o(i.CAN_Receive)
    Current_control_FOC_dq_Frame             0x08000ef5   Thumb Code   172  current_control.o(i.Current_control_FOC_dq_Frame)
    DMA_Cmd                                  0x08000fa5   Thumb Code    18  stm32f4xx_dma.o(i.DMA_Cmd)
    DMA_Init                                 0x08000fb9   Thumb Code   116  stm32f4xx_dma.o(i.DMA_Init)
    DebugMon_Handler                         0x08001031   Thumb Code     2  stm32f4xx_it.o(i.DebugMon_Handler)
    EXTI15_10_IRQHandler                     0x08001035   Thumb Code    64  spi_xbc_mb.o(i.EXTI15_10_IRQHandler)
    EXTI_ClearITPendingBit                   0x0800107d   Thumb Code     6  stm32f4xx_exti.o(i.EXTI_ClearITPendingBit)
    EXTI_GetITStatus                         0x08001089   Thumb Code    16  stm32f4xx_exti.o(i.EXTI_GetITStatus)
    GPIO_Init                                0x0800109d   Thumb Code   158  stm32f4xx_gpio.o(i.GPIO_Init)
    GPIO_PinAFConfig                         0x0800113b   Thumb Code    34  stm32f4xx_gpio.o(i.GPIO_PinAFConfig)
    GPIO_ReadInputDataBit                    0x0800115d   Thumb Code    14  stm32f4xx_gpio.o(i.GPIO_ReadInputDataBit)
    GPIO_ReadOutputDataBit                   0x0800116b   Thumb Code    14  stm32f4xx_gpio.o(i.GPIO_ReadOutputDataBit)
    GPIO_ResetBits                           0x08001179   Thumb Code     4  stm32f4xx_gpio.o(i.GPIO_ResetBits)
    GPIO_SetBits                             0x0800117d   Thumb Code     4  stm32f4xx_gpio.o(i.GPIO_SetBits)
    GPIO_StructInit                          0x08001181   Thumb Code    18  stm32f4xx_gpio.o(i.GPIO_StructInit)
    GPIO_WriteBit                            0x08001193   Thumb Code    10  stm32f4xx_gpio.o(i.GPIO_WriteBit)
    HS_opamp                                 0x0800119d   Thumb Code    80  driving_sensing_mode.o(i.HS_opamp)
    HS_opamp_init                            0x080011f1   Thumb Code    46  driving_sensing_mode.o(i.HS_opamp_init)
    HardFault_Handler                        0x08001225   Thumb Code     2  stm32f4xx_it.o(i.HardFault_Handler)
    Injection_opamp                          0x08001229   Thumb Code    68  driving_sensing_mode.o(i.Injection_opamp)
    Injection_opamp_init                     0x08001271   Thumb Code    46  driving_sensing_mode.o(i.Injection_opamp_init)
    MemManage_Handler                        0x080012a5   Thumb Code     2  stm32f4xx_it.o(i.MemManage_Handler)
    NMI_Handler                              0x080012a7   Thumb Code     2  stm32f4xx_it.o(i.NMI_Handler)
    NVIC_Init                                0x080012a9   Thumb Code   110  misc.o(i.NVIC_Init)
    PWM_init                                 0x0800131d   Thumb Code   400  pwm.o(i.PWM_init)
    PendSV_Handler                           0x080014bd   Thumb Code     2  stm32f4xx_it.o(i.PendSV_Handler)
    RCC_AHB1PeriphClockCmd                   0x080014c1   Thumb Code    18  stm32f4xx_rcc.o(i.RCC_AHB1PeriphClockCmd)
    RCC_APB1PeriphClockCmd                   0x080014d9   Thumb Code    18  stm32f4xx_rcc.o(i.RCC_APB1PeriphClockCmd)
    RCC_APB2PeriphClockCmd                   0x080014f1   Thumb Code    18  stm32f4xx_rcc.o(i.RCC_APB2PeriphClockCmd)
    RCC_GetClocksFreq                        0x08001509   Thumb Code   144  stm32f4xx_rcc.o(i.RCC_GetClocksFreq)
    SPI1_IRQHandler                          0x080015a9   Thumb Code    42  spi_protocol.o(i.SPI1_IRQHandler)
    SPI2_IRQHandler                          0x080015dd   Thumb Code    42  spi_protocol.o(i.SPI2_IRQHandler)
    SPI3_IRQHandler                          0x08001611   Thumb Code    42  spi_protocol.o(i.SPI3_IRQHandler)
    SPI_I2S_GetITStatus                      0x08001645   Thumb Code    46  stm32f4xx_spi.o(i.SPI_I2S_GetITStatus)
    SPI_I2S_ReceiveData                      0x08001673   Thumb Code     4  stm32f4xx_spi.o(i.SPI_I2S_ReceiveData)
    SPI_NSSInternalSoftwareConfig            0x08001677   Thumb Code    22  stm32f4xx_spi.o(i.SPI_NSSInternalSoftwareConfig)
    SVC_Handler                              0x0800168d   Thumb Code     2  stm32f4xx_it.o(i.SVC_Handler)
    Sensing_MOSFET                           0x08001691   Thumb Code    30  driving_sensing_mode.o(i.Sensing_MOSFET)
    Sensing_MOSFET_init                      0x080016b5   Thumb Code    48  driving_sensing_mode.o(i.Sensing_MOSFET_init)
    SysTick_Handler                          0x080016e9   Thumb Code     2  stm32f4xx_it.o(i.SysTick_Handler)
    SystemCoreClockUpdate                    0x080016ed   Thumb Code   110  system_stm32f4xx.o(i.SystemCoreClockUpdate)
    SystemInit                               0x08001771   Thumb Code   280  system_stm32f4xx.o(i.SystemInit)
    TIM2_IRQHandler                          0x080018b5   Thumb Code    36  ticks.o(i.TIM2_IRQHandler)
    TIM7_IRQHandler                          0x080018dd   Thumb Code   234  timer.o(i.TIM7_IRQHandler)
    TIM_ARRPreloadConfig                     0x080019d9   Thumb Code    18  stm32f4xx_tim.o(i.TIM_ARRPreloadConfig)
    TIM_BDTRConfig                           0x080019eb   Thumb Code    36  stm32f4xx_tim.o(i.TIM_BDTRConfig)
    TIM_BDTRStructInit                       0x08001a0f   Thumb Code    18  stm32f4xx_tim.o(i.TIM_BDTRStructInit)
    TIM_CCPreloadControl                     0x08001a21   Thumb Code    18  stm32f4xx_tim.o(i.TIM_CCPreloadControl)
    TIM_ClearITPendingBit                    0x08001a33   Thumb Code     6  stm32f4xx_tim.o(i.TIM_ClearITPendingBit)
    TIM_Cmd                                  0x08001a39   Thumb Code    18  stm32f4xx_tim.o(i.TIM_Cmd)
    TIM_CtrlPWMOutputs                       0x08001a4b   Thumb Code    22  stm32f4xx_tim.o(i.TIM_CtrlPWMOutputs)
    TIM_GetITStatus                          0x08001a61   Thumb Code    22  stm32f4xx_tim.o(i.TIM_GetITStatus)
    TIM_ITConfig                             0x08001a77   Thumb Code    16  stm32f4xx_tim.o(i.TIM_ITConfig)
    TIM_OC1Init                              0x08001a87   Thumb Code   104  stm32f4xx_tim.o(i.TIM_OC1Init)
    TIM_OC1PreloadConfig                     0x08001aef   Thumb Code    12  stm32f4xx_tim.o(i.TIM_OC1PreloadConfig)
    TIM_OC2Init                              0x08001afb   Thumb Code   134  stm32f4xx_tim.o(i.TIM_OC2Init)
    TIM_OC2PreloadConfig                     0x08001b81   Thumb Code    20  stm32f4xx_tim.o(i.TIM_OC2PreloadConfig)
    TIM_OC3Init                              0x08001b95   Thumb Code   132  stm32f4xx_tim.o(i.TIM_OC3Init)
    TIM_OC3PreloadConfig                     0x08001c19   Thumb Code    12  stm32f4xx_tim.o(i.TIM_OC3PreloadConfig)
    TIM_OC4Init                              0x08001c25   Thumb Code   104  stm32f4xx_tim.o(i.TIM_OC4Init)
    TIM_OC4PreloadConfig                     0x08001c8d   Thumb Code    20  stm32f4xx_tim.o(i.TIM_OC4PreloadConfig)
    TIM_SetAutoreload                        0x08001ca1   Thumb Code     4  stm32f4xx_tim.o(i.TIM_SetAutoreload)
    TIM_SetCompare1                          0x08001ca5   Thumb Code     4  stm32f4xx_tim.o(i.TIM_SetCompare1)
    TIM_SetCompare2                          0x08001ca9   Thumb Code     4  stm32f4xx_tim.o(i.TIM_SetCompare2)
    TIM_SetCompare3                          0x08001cad   Thumb Code     4  stm32f4xx_tim.o(i.TIM_SetCompare3)
    TIM_SetCompare4                          0x08001cb1   Thumb Code     4  stm32f4xx_tim.o(i.TIM_SetCompare4)
    TIM_SetCounter                           0x08001cb5   Thumb Code     4  stm32f4xx_tim.o(i.TIM_SetCounter)
    TIM_TimeBaseInit                         0x08001cb9   Thumb Code   120  stm32f4xx_tim.o(i.TIM_TimeBaseInit)
    UART4_IRQHandler                         0x08001d39   Thumb Code    88  uart.o(i.UART4_IRQHandler)
    UART5_IRQHandler                         0x08001d9d   Thumb Code    86  uart.o(i.UART5_IRQHandler)
    USART1_IRQHandler                        0x08001dfd   Thumb Code    86  uart.o(i.USART1_IRQHandler)
    USART2_IRQHandler                        0x08001e5d   Thumb Code    88  uart.o(i.USART2_IRQHandler)
    USART3_IRQHandler                        0x08001ec1   Thumb Code    88  uart.o(i.USART3_IRQHandler)
    USART6_IRQHandler                        0x08001f25   Thumb Code    88  uart.o(i.USART6_IRQHandler)
    USART_ClearITPendingBit                  0x08001f89   Thumb Code    14  stm32f4xx_usart.o(i.USART_ClearITPendingBit)
    USART_Cmd                                0x08001f97   Thumb Code    18  stm32f4xx_usart.o(i.USART_Cmd)
    USART_GetFlagStatus                      0x08001fa9   Thumb Code    14  stm32f4xx_usart.o(i.USART_GetFlagStatus)
    USART_GetITStatus                        0x08001fb7   Thumb Code    66  stm32f4xx_usart.o(i.USART_GetITStatus)
    USART_ITConfig                           0x08001ff9   Thumb Code    48  stm32f4xx_usart.o(i.USART_ITConfig)
    USART_Init                               0x08002029   Thumb Code   180  stm32f4xx_usart.o(i.USART_Init)
    USART_ReceiveData                        0x080020e1   Thumb Code     8  stm32f4xx_usart.o(i.USART_ReceiveData)
    Uart_listener                            0x080020e9   Thumb Code   272  main.o(i.Uart_listener)
    UsageFault_Handler                       0x08002205   Thumb Code     2  stm32f4xx_it.o(i.UsageFault_Handler)
    __0vsprintf                              0x08002209   Thumb Code    30  printfa.o(i.__0vsprintf)
    __1vsprintf                              0x08002209   Thumb Code     0  printfa.o(i.__0vsprintf)
    __2vsprintf                              0x08002209   Thumb Code     0  printfa.o(i.__0vsprintf)
    __c89vsprintf                            0x08002209   Thumb Code     0  printfa.o(i.__0vsprintf)
    vsprintf                                 0x08002209   Thumb Code     0  printfa.o(i.__0vsprintf)
    __scatterload_copy                       0x0800222d   Thumb Code    14  handlers.o(i.__scatterload_copy)
    __scatterload_null                       0x0800223b   Thumb Code     2  handlers.o(i.__scatterload_null)
    __scatterload_zeroinit                   0x0800223d   Thumb Code    14  handlers.o(i.__scatterload_zeroinit)
    abc_to_dq                                0x08002b09   Thumb Code   218  currentsensing.o(i.abc_to_dq)
    app_cos                                  0x08002be3   Thumb Code    32  trigon_math.o(i.app_cos)
    app_sin                                  0x08002c03   Thumb Code    32  trigon_math.o(i.app_sin)
    cal_zero_mean                            0x08002c25   Thumb Code   154  currentsensing.o(i.cal_zero_mean)
    current_1000_update                      0x08002f75   Thumb Code    38  currentsensing.o(i.current_1000_update)
    current_sensing_init                     0x08002fa5   Thumb Code   262  currentsensing.o(i.current_sensing_init)
    dq_to_abc                                0x080030c9   Thumb Code   218  currentsensing.o(i.dq_to_abc)
    getPinSource                             0x080031a3   Thumb Code   152  gpio.o(i.getPinSource)
    get_elec_angle                           0x0800323d   Thumb Code   162  absenc.o(i.get_elec_angle)
    get_instant_current_A                    0x080032e9   Thumb Code     8  currentsensing.o(i.get_instant_current_A)
    get_instant_current_B                    0x080032f5   Thumb Code     8  currentsensing.o(i.get_instant_current_B)
    get_instant_current_C                    0x08003301   Thumb Code     8  currentsensing.o(i.get_instant_current_C)
    get_velcity                              0x0800330d   Thumb Code    30  absenc.o(i.get_velcity)
    gpio_af_init                             0x0800332b   Thumb Code    74  gpio.o(i.gpio_af_init)
    gpio_output_init                         0x08003375   Thumb Code    52  gpio.o(i.gpio_output_init)
    gpio_rcc_init                            0x080033a9   Thumb Code   112  gpio.o(i.gpio_rcc_init)
    gpio_rcc_init_all                        0x0800341d   Thumb Code    62  gpio.o(i.gpio_rcc_init_all)
    gpio_toggle                              0x0800345b   Thumb Code    32  gpio.o(i.gpio_toggle)
    led_blink                                0x0800347d   Thumb Code    10  led.o(i.led_blink)
    led_init                                 0x0800348d   Thumb Code    36  led.o(i.led_init)
    main                                     0x080034b5   Thumb Code   772  main.o(i.main)
    print_zero_mean                          0x08003841   Thumb Code    20  currentsensing.o(i.print_zero_mean)
    set_PWM                                  0x08003865   Thumb Code   118  pwm.o(i.set_PWM)
    ticks_init                               0x080038e5   Thumb Code   100  ticks.o(i.ticks_init)
    timer_init                               0x0800394d   Thumb Code   118  timer.o(i.timer_init)
    uart_init                                0x080039d1   Thumb Code   186  uart.o(i.uart_init)
    uart_interrupt_init                      0x08003a91   Thumb Code     8  uart.o(i.uart_interrupt_init)
    uart_tx                                  0x08003a9d   Thumb Code    94  uart.o(i.uart_tx)
    uart_tx_blocking                         0x08003b01   Thumb Code    86  uart.o(i.uart_tx_blocking)
    PA0                                      0x08003bd4   Data           8  gpio.o(.constdata)
    PA1                                      0x08003bdc   Data           8  gpio.o(.constdata)
    PA2                                      0x08003be4   Data           8  gpio.o(.constdata)
    PA3                                      0x08003bec   Data           8  gpio.o(.constdata)
    PA9                                      0x08003bf4   Data           8  gpio.o(.constdata)
    PA10                                     0x08003bfc   Data           8  gpio.o(.constdata)
    PB10                                     0x08003c04   Data           8  gpio.o(.constdata)
    PB11                                     0x08003c0c   Data           8  gpio.o(.constdata)
    PB15                                     0x08003c14   Data           8  gpio.o(.constdata)
    PC12                                     0x08003c1c   Data           8  gpio.o(.constdata)
    PC13                                     0x08003c24   Data           8  gpio.o(.constdata)
    PD2                                      0x08003c2c   Data           8  gpio.o(.constdata)
    PG9                                      0x08003c34   Data           8  gpio.o(.constdata)
    PG14                                     0x08003c3c   Data           8  gpio.o(.constdata)
    Region$$Table$$Base                      0x080040c8   Number         0  anon$$obj.o(Region$$Table)
    Region$$Table$$Limit                     0x080040e8   Number         0  anon$$obj.o(Region$$Table)
    IsClockFucked                            0x20000010   Data           1  system_stm32f4xx.o(.data)
    SystemCoreClock                          0x20000014   Data           4  system_stm32f4xx.o(.data)
    AHBPrescTable                            0x20000018   Data          16  system_stm32f4xx.o(.data)
    pd_const_ptr                             0x20000028   Data           1  main.o(.data)
    start                                    0x2000002a   Data           2  main.o(.data)
    cumulating_count                         0x2000002c   Data           2  main.o(.data)
    buffer_count                             0x2000002e   Data           2  main.o(.data)
    pwm_A                                    0x20000030   Data           2  main.o(.data)
    pwm_B                                    0x20000032   Data           2  main.o(.data)
    pwm_C                                    0x20000034   Data           2  main.o(.data)
    last_AbsEnc                              0x20000036   Data           2  main.o(.data)
    this_AbsEnc                              0x20000038   Data           2  main.o(.data)
    speed                                    0x2000003a   Data           2  main.o(.data)
    elec_angle                               0x2000003c   Data           2  main.o(.data)
    current_A                                0x2000003e   Data           2  main.o(.data)
    current_B                                0x20000040   Data           2  main.o(.data)
    current_C                                0x20000042   Data           2  main.o(.data)
    current_error_mean                       0x20000044   Data           2  main.o(.data)
    current_d                                0x20000046   Data           2  main.o(.data)
    current_q                                0x20000048   Data           2  main.o(.data)
    target_current_d                         0x2000004a   Data           2  main.o(.data)
    target_current_q                         0x2000004c   Data           2  main.o(.data)
    target_angle                             0x2000004e   Data           2  main.o(.data)
    target_speed                             0x20000050   Data           2  main.o(.data)
    start_ticks                              0x20000054   Data           4  main.o(.data)
    current_cumulationA                      0x20000058   Data           4  main.o(.data)
    current_cumulationB                      0x2000005c   Data           4  main.o(.data)
    current_cumulationC                      0x20000060   Data           4  main.o(.data)
    pd_const_index                           0x2000007c   Data          12  main.o(.data)
    CAN_tx_queue                             0x2000009c   Data          16  can_protocol.o(.data)
    msTicks                                  0x200000f4   Data           4  ticks.o(.data)
    A_phase_min                              0x20000118   Data           2  absenc.o(.data)
    A_phase_angle_offseted                   0x2000011a   Data          16  absenc.o(.data)
    p_const_d                                0x2000013c   Data           2  current_control.o(.data)
    i_const_d                                0x2000013e   Data           2  current_control.o(.data)
    d_const_d                                0x20000140   Data           2  current_control.o(.data)
    p_const_q                                0x20000142   Data           2  current_control.o(.data)
    i_const_q                                0x20000144   Data           2  current_control.o(.data)
    d_const_q                                0x20000146   Data           2  current_control.o(.data)
    error_current_d                          0x20000148   Data           2  current_control.o(.data)
    d_error_current_d                        0x2000014a   Data           2  current_control.o(.data)
    error_current_q                          0x2000014c   Data           2  current_control.o(.data)
    d_error_current_q                        0x2000014e   Data           2  current_control.o(.data)
    i_error_current_d                        0x20000150   Data           4  current_control.o(.data)
    i_error_current_q                        0x20000154   Data           4  current_control.o(.data)
    buffer_current_A                         0x20000158   Data        1200  main.o(.bss)
    buffer_current_B                         0x20000608   Data         600  main.o(.bss)
    buffer_current_C                         0x20000860   Data         600  main.o(.bss)
    buffer_current_D                         0x20000ab8   Data         600  main.o(.bss)
    buffer_current_Q                         0x20000d10   Data         600  main.o(.bss)
    buffer_angle                             0x20000f68   Data        1200  main.o(.bss)
    CAN_Rx_Handlers                          0x20001418   Data         112  can_protocol.o(.bss)
    zero_mean                                0x200023dc   Data          12  currentsensing.o(.bss)
    __initial_sp                             0x20002be8   Data           0  startup_stm32f40_41xxx.o(STACK)



==============================================================================

Memory Map of the image

  Image Entry point : 0x08000189

  Load Region LR_IROM1 (Base: 0x08000000, Size: 0x00004240, Max: 0x00100000, ABSOLUTE, COMPRESSED[0x00004168])

    Execution Region ER_IROM1 (Base: 0x08000000, Size: 0x000040e8, Max: 0x00100000, ABSOLUTE)

    Base Addr    Size         Type   Attr      Idx    E Section Name        Object

    0x08000000   0x00000188   Data   RO         5376    RESET               startup_stm32f40_41xxx.o
    0x08000188   0x00000000   Code   RO         8156  * .ARM.Collect$$$$00000000  mc_w.l(entry.o)
    0x08000188   0x00000004   Code   RO         8245    .ARM.Collect$$$$00000001  mc_w.l(entry2.o)
    0x0800018c   0x00000004   Code   RO         8248    .ARM.Collect$$$$00000004  mc_w.l(entry5.o)
    0x08000190   0x00000000   Code   RO         8250    .ARM.Collect$$$$00000008  mc_w.l(entry7b.o)
    0x08000190   0x00000000   Code   RO         8252    .ARM.Collect$$$$0000000A  mc_w.l(entry8b.o)
    0x08000190   0x00000008   Code   RO         8253    .ARM.Collect$$$$0000000B  mc_w.l(entry9a.o)
    0x08000198   0x00000000   Code   RO         8255    .ARM.Collect$$$$0000000D  mc_w.l(entry10a.o)
    0x08000198   0x00000000   Code   RO         8257    .ARM.Collect$$$$0000000F  mc_w.l(entry11a.o)
    0x08000198   0x00000004   Code   RO         8246    .ARM.Collect$$$$00002712  mc_w.l(entry2.o)
    0x0800019c   0x00000024   Code   RO         5377    .text               startup_stm32f40_41xxx.o
    0x080001c0   0x000000a8   Code   RO         8041    .text               arm_cortexM4lf_math.lib(arm_cos_q15.o)
    0x08000268   0x000000a4   Code   RO         8088    .text               arm_cortexM4lf_math.lib(arm_sin_q15.o)
    0x0800030c   0x00000062   Code   RO         8159    .text               mc_w.l(uldiv.o)
    0x0800036e   0x0000002c   Code   RO         8262    .text               mc_w.l(uidiv.o)
    0x0800039a   0x0000001e   Code   RO         8264    .text               mc_w.l(llshl.o)
    0x080003b8   0x00000020   Code   RO         8266    .text               mc_w.l(llushr.o)
    0x080003d8   0x00000000   Code   RO         8281    .text               mc_w.l(iusefp.o)
    0x080003d8   0x0000014e   Code   RO         8282    .text               mf_w.l(dadd.o)
    0x08000526   0x000000e4   Code   RO         8284    .text               mf_w.l(dmul.o)
    0x0800060a   0x000000de   Code   RO         8286    .text               mf_w.l(ddiv.o)
    0x080006e8   0x00000030   Code   RO         8288    .text               mf_w.l(dfixul.o)
    0x08000718   0x00000030   Code   RO         8290    .text               mf_w.l(cdrcmple.o)
    0x08000748   0x00000024   Code   RO         8292    .text               mc_w.l(init.o)
    0x0800076c   0x00000024   Code   RO         8295    .text               mc_w.l(llsshr.o)
    0x08000790   0x000000ba   Code   RO         8298    .text               mf_w.l(depilogue.o)
    0x0800084a   0x00000056   Code   RO         8308    .text               mc_w.l(__dczerorl2.o)
    0x080008a0   0x00000012   Code   RO           10    i.ADC_Cmd           stm32f4xx_adc.o
    0x080008b2   0x00000002   PAD
    0x080008b4   0x0000002c   Code   RO           11    i.ADC_CommonInit    stm32f4xx_adc.o
    0x080008e0   0x00000012   Code   RO           14    i.ADC_DMACmd        stm32f4xx_adc.o
    0x080008f2   0x00000012   Code   RO           15    i.ADC_DMARequestAfterLastTransferCmd  stm32f4xx_adc.o
    0x08000904   0x00000054   Code   RO           30    i.ADC_Init          stm32f4xx_adc.o
    0x08000958   0x00000090   Code   RO           35    i.ADC_RegularChannelConfig  stm32f4xx_adc.o
    0x080009e8   0x0000000a   Code   RO           37    i.ADC_SoftwareStartConv  stm32f4xx_adc.o
    0x080009f2   0x00000002   PAD
    0x080009f4   0x0000007c   Code   RO         7653    i.AbsEnc_data       absenc.o
    0x08000a70   0x00000034   Code   RO         7654    i.AbsEnc_init       absenc.o
    0x08000aa4   0x00000002   Code   RO         5092    i.BusFault_Handler  stm32f4xx_it.o
    0x08000aa6   0x00000002   PAD
    0x08000aa8   0x00000064   Code   RO         5810    i.CAN1_RX0_IRQHandler  can_protocol.o
    0x08000b0c   0x00000064   Code   RO         5811    i.CAN1_RX1_IRQHandler  can_protocol.o
    0x08000b70   0x0000002c   Code   RO         5812    i.CAN1_TX_IRQHandler  can_protocol.o
    0x08000b9c   0x00000068   Code   RO         5813    i.CAN2_RX0_IRQHandler  can_protocol.o
    0x08000c04   0x00000068   Code   RO         5814    i.CAN2_RX1_IRQHandler  can_protocol.o
    0x08000c6c   0x0000002c   Code   RO         5815    i.CAN2_TX_IRQHandler  can_protocol.o
    0x08000c98   0x0000009c   Code   RO          359    i.CAN_ClearITPendingBit  stm32f4xx_can.o
    0x08000d34   0x0000010c   Code   RO          365    i.CAN_GetITStatus   stm32f4xx_can.o
    0x08000e40   0x000000b4   Code   RO          373    i.CAN_Receive       stm32f4xx_can.o
    0x08000ef4   0x000000b0   Code   RO         7919    i.Current_control_FOC_dq_Frame  current_control.o
    0x08000fa4   0x00000012   Code   RO         1133    i.DMA_Cmd           stm32f4xx_dma.o
    0x08000fb6   0x00000002   PAD
    0x08000fb8   0x00000078   Code   RO         1145    i.DMA_Init          stm32f4xx_dma.o
    0x08001030   0x00000002   Code   RO         5093    i.DebugMon_Handler  stm32f4xx_it.o
    0x08001032   0x00000002   PAD
    0x08001034   0x00000048   Code   RO         7318    i.EXTI15_10_IRQHandler  spi_xbc_mb.o
    0x0800107c   0x0000000c   Code   RO         1423    i.EXTI_ClearITPendingBit  stm32f4xx_exti.o
    0x08001088   0x00000014   Code   RO         1427    i.EXTI_GetITStatus  stm32f4xx_exti.o
    0x0800109c   0x0000009e   Code   RO         1945    i.GPIO_Init         stm32f4xx_gpio.o
    0x0800113a   0x00000022   Code   RO         1946    i.GPIO_PinAFConfig  stm32f4xx_gpio.o
    0x0800115c   0x0000000e   Code   RO         1949    i.GPIO_ReadInputDataBit  stm32f4xx_gpio.o
    0x0800116a   0x0000000e   Code   RO         1951    i.GPIO_ReadOutputDataBit  stm32f4xx_gpio.o
    0x08001178   0x00000004   Code   RO         1952    i.GPIO_ResetBits    stm32f4xx_gpio.o
    0x0800117c   0x00000004   Code   RO         1953    i.GPIO_SetBits      stm32f4xx_gpio.o
    0x08001180   0x00000012   Code   RO         1954    i.GPIO_StructInit   stm32f4xx_gpio.o
    0x08001192   0x0000000a   Code   RO         1957    i.GPIO_WriteBit     stm32f4xx_gpio.o
    0x0800119c   0x00000054   Code   RO         7985    i.HS_opamp          driving_sensing_mode.o
    0x080011f0   0x00000034   Code   RO         7986    i.HS_opamp_init     driving_sensing_mode.o
    0x08001224   0x00000002   Code   RO         5094    i.HardFault_Handler  stm32f4xx_it.o
    0x08001226   0x00000002   PAD
    0x08001228   0x00000048   Code   RO         7987    i.Injection_opamp   driving_sensing_mode.o
    0x08001270   0x00000034   Code   RO         7988    i.Injection_opamp_init  driving_sensing_mode.o
    0x080012a4   0x00000002   Code   RO         5095    i.MemManage_Handler  stm32f4xx_it.o
    0x080012a6   0x00000002   Code   RO         5096    i.NMI_Handler       stm32f4xx_it.o
    0x080012a8   0x00000074   Code   RO         5290    i.NVIC_Init         misc.o
    0x0800131c   0x000001a0   Code   RO         7799    i.PWM_init          pwm.o
    0x080014bc   0x00000002   Code   RO         5097    i.PendSV_Handler    stm32f4xx_it.o
    0x080014be   0x00000002   PAD
    0x080014c0   0x00000018   Code   RO         2886    i.RCC_AHB1PeriphClockCmd  stm32f4xx_rcc.o
    0x080014d8   0x00000018   Code   RO         2895    i.RCC_APB1PeriphClockCmd  stm32f4xx_rcc.o
    0x080014f0   0x00000018   Code   RO         2898    i.RCC_APB2PeriphClockCmd  stm32f4xx_rcc.o
    0x08001508   0x000000a0   Code   RO         2907    i.RCC_GetClocksFreq  stm32f4xx_rcc.o
    0x080015a8   0x00000034   Code   RO         6283    i.SPI1_IRQHandler   spi_protocol.o
    0x080015dc   0x00000034   Code   RO         6284    i.SPI2_IRQHandler   spi_protocol.o
    0x08001610   0x00000034   Code   RO         6285    i.SPI3_IRQHandler   spi_protocol.o
    0x08001644   0x0000002e   Code   RO         4060    i.SPI_I2S_GetITStatus  stm32f4xx_spi.o
    0x08001672   0x00000004   Code   RO         4062    i.SPI_I2S_ReceiveData  stm32f4xx_spi.o
    0x08001676   0x00000016   Code   RO         4065    i.SPI_NSSInternalSoftwareConfig  stm32f4xx_spi.o
    0x0800168c   0x00000002   Code   RO         5098    i.SVC_Handler       stm32f4xx_it.o
    0x0800168e   0x00000002   PAD
    0x08001690   0x00000024   Code   RO         7989    i.Sensing_MOSFET    driving_sensing_mode.o
    0x080016b4   0x00000034   Code   RO         7990    i.Sensing_MOSFET_init  driving_sensing_mode.o
    0x080016e8   0x00000002   Code   RO         5099    i.SysTick_Handler   stm32f4xx_it.o
    0x080016ea   0x00000002   PAD
    0x080016ec   0x00000084   Code   RO         5341    i.SystemCoreClockUpdate  system_stm32f4xx.o
    0x08001770   0x00000144   Code   RO         5342    i.SystemInit        system_stm32f4xx.o
    0x080018b4   0x00000028   Code   RO         6167    i.TIM2_IRQHandler   ticks.o
    0x080018dc   0x000000fc   Code   RO         7226    i.TIM7_IRQHandler   timer.o
    0x080019d8   0x00000012   Code   RO         4280    i.TIM_ARRPreloadConfig  stm32f4xx_tim.o
    0x080019ea   0x00000024   Code   RO         4281    i.TIM_BDTRConfig    stm32f4xx_tim.o
    0x08001a0e   0x00000012   Code   RO         4282    i.TIM_BDTRStructInit  stm32f4xx_tim.o
    0x08001a20   0x00000012   Code   RO         4283    i.TIM_CCPreloadControl  stm32f4xx_tim.o
    0x08001a32   0x00000006   Code   RO         4287    i.TIM_ClearITPendingBit  stm32f4xx_tim.o
    0x08001a38   0x00000012   Code   RO         4292    i.TIM_Cmd           stm32f4xx_tim.o
    0x08001a4a   0x00000016   Code   RO         4294    i.TIM_CtrlPWMOutputs  stm32f4xx_tim.o
    0x08001a60   0x00000016   Code   RO         4313    i.TIM_GetITStatus   stm32f4xx_tim.o
    0x08001a76   0x00000010   Code   RO         4317    i.TIM_ITConfig      stm32f4xx_tim.o
    0x08001a86   0x00000068   Code   RO         4321    i.TIM_OC1Init       stm32f4xx_tim.o
    0x08001aee   0x0000000c   Code   RO         4324    i.TIM_OC1PreloadConfig  stm32f4xx_tim.o
    0x08001afa   0x00000086   Code   RO         4326    i.TIM_OC2Init       stm32f4xx_tim.o
    0x08001b80   0x00000014   Code   RO         4329    i.TIM_OC2PreloadConfig  stm32f4xx_tim.o
    0x08001b94   0x00000084   Code   RO         4331    i.TIM_OC3Init       stm32f4xx_tim.o
    0x08001c18   0x0000000c   Code   RO         4334    i.TIM_OC3PreloadConfig  stm32f4xx_tim.o
    0x08001c24   0x00000068   Code   RO         4336    i.TIM_OC4Init       stm32f4xx_tim.o
    0x08001c8c   0x00000014   Code   RO         4338    i.TIM_OC4PreloadConfig  stm32f4xx_tim.o
    0x08001ca0   0x00000004   Code   RO         4352    i.TIM_SetAutoreload  stm32f4xx_tim.o
    0x08001ca4   0x00000004   Code   RO         4354    i.TIM_SetCompare1   stm32f4xx_tim.o
    0x08001ca8   0x00000004   Code   RO         4355    i.TIM_SetCompare2   stm32f4xx_tim.o
    0x08001cac   0x00000004   Code   RO         4356    i.TIM_SetCompare3   stm32f4xx_tim.o
    0x08001cb0   0x00000004   Code   RO         4357    i.TIM_SetCompare4   stm32f4xx_tim.o
    0x08001cb4   0x00000004   Code   RO         4358    i.TIM_SetCounter    stm32f4xx_tim.o
    0x08001cb8   0x00000080   Code   RO         4364    i.TIM_TimeBaseInit  stm32f4xx_tim.o
    0x08001d38   0x00000064   Code   RO         5985    i.UART4_IRQHandler  uart.o
    0x08001d9c   0x00000060   Code   RO         5986    i.UART5_IRQHandler  uart.o
    0x08001dfc   0x00000060   Code   RO         5987    i.USART1_IRQHandler  uart.o
    0x08001e5c   0x00000064   Code   RO         5988    i.USART2_IRQHandler  uart.o
    0x08001ec0   0x00000064   Code   RO         5989    i.USART3_IRQHandler  uart.o
    0x08001f24   0x00000064   Code   RO         5990    i.USART6_IRQHandler  uart.o
    0x08001f88   0x0000000e   Code   RO         4829    i.USART_ClearITPendingBit  stm32f4xx_usart.o
    0x08001f96   0x00000012   Code   RO         4832    i.USART_Cmd         stm32f4xx_usart.o
    0x08001fa8   0x0000000e   Code   RO         4835    i.USART_GetFlagStatus  stm32f4xx_usart.o
    0x08001fb6   0x00000042   Code   RO         4836    i.USART_GetITStatus  stm32f4xx_usart.o
    0x08001ff8   0x00000030   Code   RO         4838    i.USART_ITConfig    stm32f4xx_usart.o
    0x08002028   0x000000b8   Code   RO         4839    i.USART_Init        stm32f4xx_usart.o
    0x080020e0   0x00000008   Code   RO         4846    i.USART_ReceiveData  stm32f4xx_usart.o
    0x080020e8   0x0000011c   Code   RO         5586    i.Uart_listener     main.o
    0x08002204   0x00000002   Code   RO         5100    i.UsageFault_Handler  stm32f4xx_it.o
    0x08002206   0x00000002   PAD
    0x08002208   0x00000024   Code   RO         8168    i.__0vsprintf       mc_w.l(printfa.o)
    0x0800222c   0x0000000e   Code   RO         8302    i.__scatterload_copy  mc_w.l(handlers.o)
    0x0800223a   0x00000002   Code   RO         8303    i.__scatterload_null  mc_w.l(handlers.o)
    0x0800223c   0x0000000e   Code   RO         8304    i.__scatterload_zeroinit  mc_w.l(handlers.o)
    0x0800224a   0x00000002   PAD
    0x0800224c   0x00000184   Code   RO         8169    i._fp_digits        mc_w.l(printfa.o)
    0x080023d0   0x000006dc   Code   RO         8170    i._printf_core      mc_w.l(printfa.o)
    0x08002aac   0x00000024   Code   RO         8171    i._printf_post_padding  mc_w.l(printfa.o)
    0x08002ad0   0x0000002e   Code   RO         8172    i._printf_pre_padding  mc_w.l(printfa.o)
    0x08002afe   0x0000000a   Code   RO         8174    i._sputc            mc_w.l(printfa.o)
    0x08002b08   0x000000da   Code   RO         7701    i.abc_to_dq         currentsensing.o
    0x08002be2   0x00000020   Code   RO         6219    i.app_cos           trigon_math.o
    0x08002c02   0x00000020   Code   RO         6220    i.app_sin           trigon_math.o
    0x08002c22   0x00000002   PAD
    0x08002c24   0x000000a8   Code   RO         7702    i.cal_zero_mean     currentsensing.o
    0x08002ccc   0x00000154   Code   RO         5816    i.can1_tx_dequeue   can_protocol.o
    0x08002e20   0x00000154   Code   RO         5817    i.can2_tx_dequeue   can_protocol.o
    0x08002f74   0x00000030   Code   RO         7703    i.current_1000_update  currentsensing.o
    0x08002fa4   0x00000124   Code   RO         7704    i.current_sensing_init  currentsensing.o
    0x080030c8   0x000000da   Code   RO         7705    i.dq_to_abc         currentsensing.o
    0x080031a2   0x00000098   Code   RO         5384    i.getPinSource      gpio.o
    0x0800323a   0x00000002   PAD
    0x0800323c   0x000000ac   Code   RO         7655    i.get_elec_angle    absenc.o
    0x080032e8   0x0000000c   Code   RO         7706    i.get_instant_current_A  currentsensing.o
    0x080032f4   0x0000000c   Code   RO         7707    i.get_instant_current_B  currentsensing.o
    0x08003300   0x0000000c   Code   RO         7708    i.get_instant_current_C  currentsensing.o
    0x0800330c   0x0000001e   Code   RO         7656    i.get_velcity       absenc.o
    0x0800332a   0x0000004a   Code   RO         5385    i.gpio_af_init      gpio.o
    0x08003374   0x00000034   Code   RO         5388    i.gpio_output_init  gpio.o
    0x080033a8   0x00000074   Code   RO         5389    i.gpio_rcc_init     gpio.o
    0x0800341c   0x0000003e   Code   RO         5390    i.gpio_rcc_init_all  gpio.o
    0x0800345a   0x00000020   Code   RO         5393    i.gpio_toggle       gpio.o
    0x0800347a   0x00000002   PAD
    0x0800347c   0x00000010   Code   RO         7010    i.led_blink         led.o
    0x0800348c   0x00000028   Code   RO         7012    i.led_init          led.o
    0x080034b4   0x0000038c   Code   RO         5587    i.main              main.o
    0x08003840   0x00000024   Code   RO         7709    i.print_zero_mean   currentsensing.o
    0x08003864   0x00000080   Code   RO         7801    i.set_PWM           pwm.o
    0x080038e4   0x00000068   Code   RO         6170    i.ticks_init        ticks.o
    0x0800394c   0x00000084   Code   RO         7230    i.timer_init        timer.o
    0x080039d0   0x000000c0   Code   RO         5992    i.uart_init         uart.o
    0x08003a90   0x0000000c   Code   RO         5993    i.uart_interrupt_init  uart.o
    0x08003a9c   0x00000064   Code   RO         5995    i.uart_tx           uart.o
    0x08003b00   0x0000005c   Code   RO         5998    i.uart_tx_blocking  uart.o
    0x08003b5c   0x00000078   Code   RO         5999    i.uart_tx_dequeue   uart.o
    0x08003bd4   0x00000008   Data   RO         5395    .constdata          gpio.o
    0x08003bdc   0x00000008   Data   RO         5396    .constdata          gpio.o
    0x08003be4   0x00000008   Data   RO         5397    .constdata          gpio.o
    0x08003bec   0x00000008   Data   RO         5398    .constdata          gpio.o
    0x08003bf4   0x00000008   Data   RO         5404    .constdata          gpio.o
    0x08003bfc   0x00000008   Data   RO         5405    .constdata          gpio.o
    0x08003c04   0x00000008   Data   RO         5421    .constdata          gpio.o
    0x08003c0c   0x00000008   Data   RO         5422    .constdata          gpio.o
    0x08003c14   0x00000008   Data   RO         5426    .constdata          gpio.o
    0x08003c1c   0x00000008   Data   RO         5439    .constdata          gpio.o
    0x08003c24   0x00000008   Data   RO         5440    .constdata          gpio.o
    0x08003c2c   0x00000008   Data   RO         5445    .constdata          gpio.o
    0x08003c34   0x00000008   Data   RO         5500    .constdata          gpio.o
    0x08003c3c   0x00000008   Data   RO         5505    .constdata          gpio.o
    0x08003c44   0x00000078   Data   RO         6007    .constdata          uart.o
    0x08003cbc   0x00000206   Data   RO         8042    .constdata          arm_cortexM4lf_math.lib(arm_cos_q15.o)
    0x08003ec2   0x00000206   Data   RO         8089    .constdata          arm_cortexM4lf_math.lib(arm_sin_q15.o)
    0x080040c8   0x00000020   Data   RO         8300    Region$$Table       anon$$obj.o


    Execution Region RW_IRAM1 (Base: 0x20000000, Size: 0x00002be8, Max: 0x00020000, ABSOLUTE, COMPRESSED[0x00000080])

    Base Addr    Size         Type   Attr      Idx    E Section Name        Object

    0x20000000   0x00000010   Data   RW         2939    .data               stm32f4xx_rcc.o
    0x20000010   0x00000018   Data   RW         5343    .data               system_stm32f4xx.o
    0x20000028   0x00000060   Data   RW         5592    .data               main.o
    0x20000088   0x00000024   Data   RW         5831    .data               can_protocol.o
    0x200000ac   0x00000048   Data   RW         6008    .data               uart.o
    0x200000f4   0x00000004   Data   RW         6171    .data               ticks.o
    0x200000f8   0x00000004   Data   RW         7013    .data               led.o
    0x200000fc   0x00000004   Data   RW         7232    .data               timer.o
    0x20000100   0x00000018   Data   RW         7329    .data               spi_xbc_mb.o
    0x20000118   0x00000012   Data   RW         7657    .data               absenc.o
    0x2000012a   0x00000012   Data   RW         7711    .data               currentsensing.o
    0x2000013c   0x0000001c   Data   RW         7920    .data               current_control.o
    0x20000158   0x000012c0   Zero   RW         5588    .bss                main.o
    0x20001418   0x00000070   Zero   RW         5828    .bss                can_protocol.o
    0x20001488   0x000004b0   Zero   RW         5829    .bss                can_protocol.o
    0x20001938   0x000004b0   Zero   RW         5830    .bss                can_protocol.o
    0x20001de8   0x00000040   Zero   RW         6000    .bss                uart.o
    0x20001e28   0x00000300   Zero   RW         6001    .bss                uart.o
    0x20002128   0x00000040   Zero   RW         6002    .bss                uart.o
    0x20002168   0x00000040   Zero   RW         6003    .bss                uart.o
    0x200021a8   0x00000040   Zero   RW         6004    .bss                uart.o
    0x200021e8   0x00000040   Zero   RW         6005    .bss                uart.o
    0x20002228   0x00000018   Zero   RW         6006    .bss                uart.o
    0x20002240   0x0000000c   Zero   RW         6291    .bss                spi_protocol.o
    0x2000224c   0x00000190   Zero   RW         7231    .bss                timer.o
    0x200023dc   0x0000000c   Zero   RW         7710    .bss                currentsensing.o
    0x200023e8   0x00000800   Zero   RW         5374    STACK               startup_stm32f40_41xxx.o


==============================================================================

Image component sizes


      Code (inc. data)   RO Data    RW Data    ZI Data      Debug   Object Name

       378         20          0         18          0       3292   absenc.o
         0          0          0          0          0       2666   adc.o
      1176        122          0         36       2512       6876   can_protocol.o
       176          4          0         28          0       1925   current_control.o
      1016         82          0         18         12       7251   currentsensing.o
       348         30          0          0          0       4323   driving_sensing_mode.o
       488          4        112          0          0       8345   gpio.o
        56         10          0          4          0       1907   led.o
      1192        148          0         96       4800       5773   main.o
       116          6          0          0          0       3216   misc.o
       544         26          0          0          0       2704   pwm.o
       156         30          0          0         12       3207   spi_protocol.o
        72          8          0         24          0       4184   spi_xbc_mb.o
        36          8        392          0       2048        968   startup_stm32f40_41xxx.o
       336         12          0          0          0     271555   stm32f4xx_adc.o
       604          8          0          0          0      13732   stm32f4xx_can.o
       138          4          0          0          0      15557   stm32f4xx_dma.o
        32         10          0          0          0       1400   stm32f4xx_exti.o
       256          0          0          0          0      13698   stm32f4xx_gpio.o
        18          0          0          0          0      70744   stm32f4xx_it.o
       232         34          0         16          0      21175   stm32f4xx_rcc.o
        72          0          0          0          0      11380   stm32f4xx_spi.o
       864          8          0          0          0      39395   stm32f4xx_tim.o
       352          4          0          0          0      12782   stm32f4xx_usart.o
       456         66          0         24          0       2587   system_stm32f4xx.o
       144          8          0          4          0       1817   ticks.o
       384         32          0          4        400       2991   timer.o
        64          0          0          0          0       1108   trigon_math.o
      1108         98        120         72       1112      11183   uart.o

    ----------------------------------------------------------------------
     10840        782        656        344      10896     547741   Object Totals
         0          0         32          0          0          0   (incl. Generated)
        26          0          0          0          0          0   (incl. Padding)

    ----------------------------------------------------------------------

      Code (inc. data)   RO Data    RW Data    ZI Data      Debug   Library Member Name

       168          6        518          0          0      15766   arm_cos_q15.o
       164          4        518          0          0       1454   arm_sin_q15.o
        86          0          0          0          0          0   __dczerorl2.o
         0          0          0          0          0          0   entry.o
         0          0          0          0          0          0   entry10a.o
         0          0          0          0          0          0   entry11a.o
         8          4          0          0          0          0   entry2.o
         4          0          0          0          0          0   entry5.o
         0          0          0          0          0          0   entry7b.o
         0          0          0          0          0          0   entry8b.o
         8          4          0          0          0          0   entry9a.o
        30          0          0          0          0          0   handlers.o
        36          8          0          0          0         68   init.o
         0          0          0          0          0          0   iusefp.o
        30          0          0          0          0         68   llshl.o
        36          0          0          0          0         68   llsshr.o
        32          0          0          0          0         68   llushr.o
      2272         86          0          0          0        516   printfa.o
        44          0          0          0          0         80   uidiv.o
        98          0          0          0          0         92   uldiv.o
        48          0          0          0          0         68   cdrcmple.o
       334          0          0          0          0        148   dadd.o
       222          0          0          0          0        100   ddiv.o
       186          0          0          0          0        176   depilogue.o
        48          0          0          0          0         68   dfixul.o
       228          0          0          0          0         96   dmul.o

    ----------------------------------------------------------------------
      4084        112       1036          0          0      18836   Library Totals
         2          0          0          0          0          0   (incl. Padding)

    ----------------------------------------------------------------------

      Code (inc. data)   RO Data    RW Data    ZI Data      Debug   Library Name

       332         10       1036          0          0      17220   arm_cortexM4lf_math.lib
      2684        102          0          0          0        960   mc_w.l
      1066          0          0          0          0        656   mf_w.l

    ----------------------------------------------------------------------
      4084        112       1036          0          0      18836   Library Totals

    ----------------------------------------------------------------------

==============================================================================


      Code (inc. data)   RO Data    RW Data    ZI Data      Debug   

     14924        894       1692        344      10896     553229   Grand Totals
     14924        894       1692        128      10896     553229   ELF Image Totals (compressed)
     14924        894       1692        128          0          0   ROM Totals

==============================================================================

    Total RO  Size (Code + RO Data)                16616 (  16.23kB)
    Total RW  Size (RW Data + ZI Data)             11240 (  10.98kB)
    Total ROM Size (Code + RO Data + RW Data)      16744 (  16.35kB)

==============================================================================

